01-12 21:15:54.328 E/AndroidRuntime( 4916): Caused by: java.lang.ClassNotFoundException: Didn't find class "com.plugin.fs.FsPlugin" on path: DexPathList[[zip file "/data/app/~~6cuDxD2ANG61Goe8loH21w==/com.lessonplanner.browser-Q5I0Hzra-RHtZHohmNz4DQ==/base.apk"],nativeLibraryDirectories=[/data/app/~~6cuDxD2ANG61Goe8loH21w==/com.lessonplanner.browser-Q5I0Hzra-RHtZHohmNz4DQ==/lib/arm64, /data/app/~~6cuDxD2ANG61Goe8loH21w==/com.lessonplanner.browser-Q5I0Hzra-RHtZHohmNz4DQ==/base.apk!/lib/arm64-v8a, /system/lib64, /system_ext/lib64]]
01-12 21:15:54.328 E/AndroidRuntime( 4916): 	at dalvik.system.BaseDexClassLoader.findClass(BaseDexClassLoader.java:259)
01-12 21:15:54.328 E/AndroidRuntime( 4916): 	at java.lang.ClassLoader.loadClass(ClassLoader.java:637)
01-12 21:15:54.328 E/AndroidRuntime( 4916): 	at java.lang.ClassLoader.loadClass(ClassLoader.java:573)
01-12 21:15:54.328 E/AndroidRuntime( 4916): 	... 13 more
01-12 21:15:54.332 E/WifiStaIfaceAidlImpl(31649): getCachedScanData failed with service-specific exception: android.os.ServiceSpecificException:  (code 4)
01-12 21:15:54.341 F/crash_dump64( 4976): failed to open /proc/1: No such file or directory
01-12 21:15:54.357 E/ActivityManager(31649): Sending non-protected broadcast com.sec.android.intent.action.APP_HQM_SEND_REQ from system 1145:com.sec.android.diagmonagent/1000 pkg com.sec.android.diagmonagent
01-12 21:15:54.357 E/ActivityManager(31649): java.lang.Throwable
01-12 21:15:54.357 E/ActivityManager(31649): 	at com.android.server.am.BroadcastController.checkBroadcastFromSystem(qb/104284295 3da40752b1e0445b20423a771b971fd2cecd1442f5cca491732d14c141d56b2a:252)
01-12 21:15:54.357 E/ActivityManager(31649): 	at com.android.server.am.BroadcastController.broadcastIntentLockedTraced(qb/104284295 3da40752b1e0445b20423a771b971fd2cecd1442f5cca491732d14c141d56b2a:344)
01-12 21:15:54.357 E/ActivityManager(31649): 	at com.android.server.am.BroadcastController.broadcastIntentLocked(qb/104284295 3da40752b1e0445b20423a771b971fd2cecd1442f5cca491732d14c141d56b2a:18)
01-12 21:15:54.357 E/ActivityManager(31649): 	at com.android.server.am.ActivityManagerService.broadcastIntentWithFeature(qb/104284295 3da40752b1e0445b20423a771b971fd2cecd1442f5cca491732d14c141d56b2a:149)
01-12 21:15:54.357 E/ActivityManager(31649): 	at android.app.IActivityManager$Stub.onTransact$broadcastIntentWithFeature$(IActivityManager.java:12282)
01-12 21:15:54.357 E/ActivityManager(31649): 	at android.app.IActivityManager$Stub.onTransact(IActivityManager.java:3167)
01-12 21:15:54.357 E/ActivityManager(31649): 	at com.android.server.am.ActivityManagerService.onTransact(qb/104284295 3da40752b1e0445b20423a771b971fd2cecd1442f5cca491732d14c141d56b2a:425)
01-12 21:15:54.357 E/ActivityManager(31649): 	at android.os.Binder.execTransactInternal(Binder.java:1462)
01-12 21:15:54.357 E/ActivityManager(31649): 	at android.os.Binder.execTransact(Binder.java:1401)
01-12 21:15:54.381 E/SurfaceFlinger( 1175): alpha changed 1.000 -> 0.000 - Surface(name=64fd240 StatusBar)/@0x224bcee - animation-leash of insets_animation#12196
01-12 21:15:54.381 E/SurfaceFlinger( 1175): alpha changed 1.000 -> 0.000 - Surface(name=5348d98 TaskbarWindow)/@0x2ef9b40 - animation-leash of insets_animation#12197
01-12 21:15:54.398 E/SurfaceFlinger( 1175): alpha changed 0.000 -> 1.000 - Surface(name=5348d98 TaskbarWindow)/@0x2ef9b40 - animation-leash of insets_animation#12197
01-12 21:15:54.398 E/SurfaceFlinger( 1175): alpha changed 0.000 -> 1.000 - Surface(name=64fd240 StatusBar)/@0x224bcee - animation-leash of insets_animation#12196
01-12 21:15:54.406 E/TelephonyManager( 1234): getDataNetworkType: ITelephony interface is not up yet
01-12 21:15:54.611 E/SurfaceComposerClient(32583): SurfaceComposerClient::Transaction::setAlpha: invalid alpha -0.000375, clamping
01-12 21:15:54.619 E/SurfaceComposerClient(32583): SurfaceComposerClient::Transaction::setAlpha: invalid alpha -0.016382, clamping
01-12 21:15:54.622 E/SurfaceFlinger( 1175): alpha changed 0.022 -> 0.000 - Surface(name=Task=174)/@0x4a6c790_transition-leash#12182
01-12 21:15:54.628 E/SurfaceComposerClient(32583): SurfaceComposerClient::Transaction::setAlpha: invalid alpha -0.027242, clamping
01-12 21:15:54.636 E/SurfaceComposerClient(32583): SurfaceComposerClient::Transaction::setAlpha: invalid alpha -0.037176, clamping
01-12 21:15:54.645 E/SurfaceComposerClient(32583): SurfaceComposerClient::Transaction::setAlpha: invalid alpha -0.042779, clamping
01-12 21:15:54.653 E/SurfaceComposerClient(32583): SurfaceComposerClient::Transaction::setAlpha: invalid alpha -0.047533, clamping
01-12 21:15:54.661 E/SurfaceComposerClient(32583): SurfaceComposerClient::Transaction::setAlpha: invalid alpha -0.049067, clamping
01-12 21:15:54.669 E/SurfaceComposerClient(32583): SurfaceComposerClient::Transaction::setAlpha: invalid alpha -0.050432, clamping
01-12 21:15:54.678 E/SurfaceComposerClient(32583): SurfaceComposerClient::Transaction::setAlpha: invalid alpha -0.049226, clamping
01-12 21:15:54.686 E/SurfaceComposerClient(32583): SurfaceComposerClient::Transaction::setAlpha: invalid alpha -0.046865, clamping
01-12 21:15:54.695 E/SurfaceComposerClient(32583): SurfaceComposerClient::Transaction::setAlpha: invalid alpha -0.044767, clamping
01-12 21:15:54.703 E/SurfaceComposerClient(32583): SurfaceComposerClient::Transaction::setAlpha: invalid alpha -0.040071, clamping
01-12 21:15:54.711 E/SurfaceComposerClient(32583): SurfaceComposerClient::Transaction::setAlpha: invalid alpha -0.034491, clamping
01-12 21:15:54.719 E/SurfaceComposerClient(32583): SurfaceComposerClient::Transaction::setAlpha: invalid alpha -0.029531, clamping
01-12 21:15:54.729 E/SurfaceComposerClient(32583): SurfaceComposerClient::Transaction::setAlpha: invalid alpha -0.022970, clamping
01-12 21:15:54.736 E/SurfaceComposerClient(32583): SurfaceComposerClient::Transaction::setAlpha: invalid alpha -0.014701, clamping
01-12 21:15:54.744 E/SurfaceComposerClient(32583): SurfaceComposerClient::Transaction::setAlpha: invalid alpha -0.007351, clamping
01-12 21:15:54.750 E/IPCThreadState(31649): Binder transaction failure. id: 31426846, BR_*: 29189, error: -22 (Invalid argument)
01-12 21:15:54.773 E/BpTransactionCompletedListener( 1175): Failed to transact (-32)
01-12 21:15:55.413 E/pageboostd( 3212): alp start : app comlessonplannerbrowser
01-12 21:15:55.414 E/pageboostd( 3212): comlessonplannerbrowser, amt 0 scnt 0 fcnt 0
01-12 21:15:55.414 E/pageboostd( 3212): comlessonplannerbrowser, amt 0 scnt 0 fcnt 0
01-12 21:15:55.414 E/pageboostd( 3212): alp end : app comlessonplannerbrowser data_amount 0
01-12 21:15:55.432 E/Pageboost(31649): record is ongoing. Abort for 5018
01-12 21:15:55.438 E/pageboostd( 3212): Received HALT command code 2
01-12 21:15:55.469 E/CompatUIController(32122): no activity bounds
01-12 21:15:55.470 E/LayerState( 1175): Stripped attempt to set eTrustedOverlay in sanitize
01-12 21:15:55.473 E/SurfaceFlinger( 1175): alpha changed 1.000 -> 0.000 - Surface(name=Task=175)/@0x95169d5_transition-leash#12211
01-12 21:15:55.506 E/SurfaceFlinger( 1175): alpha changed 0.000 -> 0.681 - Surface(name=Task=175)/@0x95169d5_transition-leash#12211
01-12 21:15:55.612 E/ashmem  ( 5018): Pinning is deprecated since Android Q. Please use trim or other methods.
01-12 21:15:55.620 E/LessonPlanBrowser( 5018): Failed to seed lesson plan JSON assets
01-12 21:15:55.620 E/LessonPlanBrowser( 5018): java.io.FileNotFoundException: lesson-plans
01-12 21:15:55.620 E/LessonPlanBrowser( 5018): 	at android.content.res.AssetManager.nativeOpenAsset(Native Method)
01-12 21:15:55.620 E/LessonPlanBrowser( 5018): 	at android.content.res.AssetManager.open(AssetManager.java:1075)
01-12 21:15:55.620 E/LessonPlanBrowser( 5018): 	at android.content.res.AssetManager.open(AssetManager.java:1052)
01-12 21:15:55.620 E/LessonPlanBrowser( 5018): 	at com.lessonplanner.browser.MainActivity.copyAssetDirectory(MainActivity.kt:107)
01-12 21:15:55.620 E/LessonPlanBrowser( 5018): 	at com.lessonplanner.browser.MainActivity.ensureBundledLessonPlans(MainActivity.kt:79)
01-12 21:15:55.620 E/LessonPlanBrowser( 5018): 	at com.lessonplanner.browser.MainActivity.onCreate(MainActivity.kt:17)
01-12 21:15:55.620 E/LessonPlanBrowser( 5018): 	at android.app.Activity.performCreate(Activity.java:9519)
01-12 21:15:55.620 E/LessonPlanBrowser( 5018): 	at android.app.Activity.performCreate(Activity.java:9488)
01-12 21:15:55.620 E/LessonPlanBrowser( 5018): 	at android.app.Instrumentation.callActivityOnCreate(Instrumentation.java:1524)
01-12 21:15:55.620 E/LessonPlanBrowser( 5018): 	at android.app.ActivityThread.performLaunchActivity(ActivityThread.java:4622)
01-12 21:15:55.620 E/LessonPlanBrowser( 5018): 	at android.app.ActivityThread.handleLaunchActivity(ActivityThread.java:4871)
01-12 21:15:55.620 E/LessonPlanBrowser( 5018): 	at android.app.servertransaction.LaunchActivityItem.execute(LaunchActivityItem.java:222)
01-12 21:15:55.620 E/LessonPlanBrowser( 5018): 	at android.app.servertransaction.TransactionExecutor.executeNonLifecycleItem(TransactionExecutor.java:133)
01-12 21:15:55.620 E/LessonPlanBrowser( 5018): 	at android.app.servertransaction.TransactionExecutor.executeTransactionItems(TransactionExecutor.java:103)
01-12 21:15:55.620 E/LessonPlanBrowser( 5018): 	at android.app.servertransaction.TransactionExecutor.execute(TransactionExecutor.java:80)
01-12 21:15:55.620 E/LessonPlanBrowser( 5018): 	at android.app.ActivityThread$H.handleMessage(ActivityThread.java:3103)
01-12 21:15:55.620 E/LessonPlanBrowser( 5018): 	at android.os.Handler.dispatchMessage(Handler.java:110)
01-12 21:15:55.620 E/LessonPlanBrowser( 5018): 	at android.os.Looper.loopOnce(Looper.java:273)
01-12 21:15:55.620 E/LessonPlanBrowser( 5018): 	at android.os.Looper.loop(Looper.java:363)
01-12 21:15:55.620 E/LessonPlanBrowser( 5018): 	at android.app.ActivityThread.main(ActivityThread.java:9983)
01-12 21:15:55.620 E/LessonPlanBrowser( 5018): 	at java.lang.reflect.Method.invoke(Native Method)
01-12 21:15:55.620 E/LessonPlanBrowser( 5018): 	at com.android.internal.os.RuntimeInit$MethodAndArgsCaller.run(RuntimeInit.java:632)
01-12 21:15:55.620 E/LessonPlanBrowser( 5018): 	at com.android.internal.os.ZygoteInit.main(ZygoteInit.java:975)
01-12 21:15:55.655 E/planner.browser( 5018): [perfctl] 5018 5018 FPSGO ver:0
01-12 21:15:55.655 E/planner.browser( 5018): [perfctl] 0 0 0 0
01-12 21:15:55.668 E/pageboostd( 3212): Received HALT command code 2
01-12 21:15:55.683 E/WindowManager(31649): win=Window{45fc052 u0 Handle Input Layer of task 175} destroySurfaces: appStopped=true cleanupOnResume=false win.mWindowRemovalAllowed=false win.mRemoveOnExit=false win.mViewVisibility=8 caller=com.android.server.wm.WindowManagerService.tryStartExitingAnimation:134 com.android.server.wm.WindowManagerService.relayoutWindow:1138 com.android.server.wm.Session.relayout:27 android.view.IWindowSession$Stub.onTransact:829 com.android.server.wm.Session.onTransact:1 android.os.Binder.execTransactInternal:1462 android.os.Binder.execTransact:1401 
01-12 21:15:55.685 F/libc    ( 5018): Fatal signal 6 (SIGABRT), code -1 (SI_QUEUE) in tid 5085 (planner.browser), pid 5018 (planner.browser)
01-12 21:15:55.685 E/AndroidRuntime( 5018): FATAL EXCEPTION: main
01-12 21:15:55.685 E/AndroidRuntime( 5018): Process: com.lessonplanner.browser, PID: 5018
01-12 21:15:55.685 E/AndroidRuntime( 5018): java.lang.RuntimeException: java.lang.reflect.InvocationTargetException
01-12 21:15:55.685 E/AndroidRuntime( 5018): 	at com.android.internal.os.RuntimeInit$MethodAndArgsCaller.run(RuntimeInit.java:642)
01-12 21:15:55.685 E/AndroidRuntime( 5018): 	at com.android.internal.os.ZygoteInit.main(ZygoteInit.java:975)
01-12 21:15:55.685 E/AndroidRuntime( 5018): Caused by: java.lang.reflect.InvocationTargetException
01-12 21:15:55.685 E/AndroidRuntime( 5018): 	at java.lang.reflect.Method.invoke(Native Method)
01-12 21:15:55.685 E/AndroidRuntime( 5018): 	at com.android.internal.os.RuntimeInit$MethodAndArgsCaller.run(RuntimeInit.java:632)
01-12 21:15:55.685 E/AndroidRuntime( 5018): 	... 1 more
01-12 21:15:55.685 E/AndroidRuntime( 5018): Caused by: java.lang.ClassNotFoundException: com.plugin.fs.FsPlugin
01-12 21:15:55.685 E/AndroidRuntime( 5018): 	at java.lang.Class.classForName(Native Method)
01-12 21:15:55.685 E/AndroidRuntime( 5018): 	at java.lang.Class.forName(Class.java:597)
01-12 21:15:55.685 E/AndroidRuntime( 5018): 	at java.lang.Class.forName(Class.java:502)
01-12 21:15:55.685 E/AndroidRuntime( 5018): 	at com.lessonplanner.browser.WryActivity.getAppClass(WryActivity.kt:116)
01-12 21:15:55.685 E/AndroidRuntime( 5018): 	at android.os.MessageQueue.nativePollOnce(Native Method)
01-12 21:15:55.685 E/AndroidRuntime( 5018): 	at android.os.MessageQueue.nextLegacy(MessageQueue.java:945)
01-12 21:15:55.685 E/AndroidRuntime( 5018): 	at android.os.MessageQueue.next(MessageQueue.java:1057)
01-12 21:15:55.685 E/AndroidRuntime( 5018): 	at android.os.Looper.loopOnce(Looper.java:221)
01-12 21:15:55.685 E/AndroidRuntime( 5018): 	at android.os.Looper.loop(Looper.java:363)
01-12 21:15:55.685 E/AndroidRuntime( 5018): 	at android.app.ActivityThread.main(ActivityThread.java:9983)
01-12 21:15:55.685 E/AndroidRuntime( 5018): 	... 3 more
01-12 21:15:55.685 E/AndroidRuntime( 5018): Caused by: java.lang.ClassNotFoundException: Didn't find class "com.plugin.fs.FsPlugin" on path: DexPathList[[zip file "/data/app/~~6cuDxD2ANG61Goe8loH21w==/com.lessonplanner.browser-Q5I0Hzra-RHtZHohmNz4DQ==/base.apk"],nativeLibraryDirectories=[/data/app/~~6cuDxD2ANG61Goe8loH21w==/com.lessonplanner.browser-Q5I0Hzra-RHtZHohmNz4DQ==/lib/arm64, /data/app/~~6cuDxD2ANG61Goe8loH21w==/com.lessonplanner.browser-Q5I0Hzra-RHtZHohmNz4DQ==/base.apk!/lib/arm64-v8a, /system/lib64, /system_ext/lib64]]
01-12 21:15:55.685 E/AndroidRuntime( 5018): 	at dalvik.system.BaseDexClassLoader.findClass(BaseDexClassLoader.java:259)
01-12 21:15:55.685 E/AndroidRuntime( 5018): 	at java.lang.ClassLoader.loadClass(ClassLoader.java:637)
01-12 21:15:55.685 E/AndroidRuntime( 5018): 	at java.lang.ClassLoader.loadClass(ClassLoader.java:573)
01-12 21:15:55.685 E/AndroidRuntime( 5018): 	... 13 more
01-12 21:15:55.692 E/WindowManager(31649): win=Window{e5cfb55 u0 com.sec.android.app.launcher/com.samsung.app.honeyspace.edge.edgepanel.app.CocktailBarService} destroySurfaces: appStopped=true cleanupOnResume=false win.mWindowRemovalAllowed=false win.mRemoveOnExit=false win.mViewVisibility=8 caller=com.android.server.wm.WindowManagerService.tryStartExitingAnimation:134 com.android.server.wm.WindowManagerService.relayoutWindow:1138 com.android.server.wm.Session.relayout:27 android.view.IWindowSession$Stub.onTransact:829 com.android.server.wm.Session.onTransact:1 android.os.Binder.execTransactInternal:1457 android.os.Binder.execTransact:1401 
01-12 21:15:55.698 E/SurfaceFlinger( 1175): alpha changed 1.000 -> 0.000 - Surface(name=64fd240 StatusBar)/@0x224bcee - animation-leash of insets_animation#12223
01-12 21:15:55.698 E/SurfaceFlinger( 1175): alpha changed 1.000 -> 0.000 - Surface(name=5348d98 TaskbarWindow)/@0x2ef9b40 - animation-leash of insets_animation#12224
01-12 21:15:55.715 E/SurfaceFlinger( 1175): alpha changed 0.000 -> 1.000 - Surface(name=5348d98 TaskbarWindow)/@0x2ef9b40 - animation-leash of insets_animation#12224
01-12 21:15:55.715 E/SurfaceFlinger( 1175): alpha changed 0.000 -> 1.000 - Surface(name=64fd240 StatusBar)/@0x224bcee - animation-leash of insets_animation#12223
01-12 21:15:55.741 E/ActivityManager(31649): Sending non-protected broadcast com.sec.android.intent.action.APP_HQM_SEND_REQ from system 1145:com.sec.android.diagmonagent/1000 pkg com.sec.android.diagmonagent
01-12 21:15:55.741 E/ActivityManager(31649): java.lang.Throwable
01-12 21:15:55.741 E/ActivityManager(31649): 	at com.android.server.am.BroadcastController.checkBroadcastFromSystem(qb/104284295 3da40752b1e0445b20423a771b971fd2cecd1442f5cca491732d14c141d56b2a:252)
01-12 21:15:55.741 E/ActivityManager(31649): 	at com.android.server.am.BroadcastController.broadcastIntentLockedTraced(qb/104284295 3da40752b1e0445b20423a771b971fd2cecd1442f5cca491732d14c141d56b2a:344)
01-12 21:15:55.741 E/ActivityManager(31649): 	at com.android.server.am.BroadcastController.broadcastIntentLocked(qb/104284295 3da40752b1e0445b20423a771b971fd2cecd1442f5cca491732d14c141d56b2a:18)
01-12 21:15:55.741 E/ActivityManager(31649): 	at com.android.server.am.ActivityManagerService.broadcastIntentWithFeature(qb/104284295 3da40752b1e0445b20423a771b971fd2cecd1442f5cca491732d14c141d56b2a:149)
01-12 21:15:55.741 E/ActivityManager(31649): 	at android.app.IActivityManager$Stub.onTransact$broadcastIntentWithFeature$(IActivityManager.java:12282)
01-12 21:15:55.741 E/ActivityManager(31649): 	at android.app.IActivityManager$Stub.onTransact(IActivityManager.java:3167)
01-12 21:15:55.741 E/ActivityManager(31649): 	at com.android.server.am.ActivityManagerService.onTransact(qb/104284295 3da40752b1e0445b20423a771b971fd2cecd1442f5cca491732d14c141d56b2a:425)
01-12 21:15:55.741 E/ActivityManager(31649): 	at android.os.Binder.execTransactInternal(Binder.java:1462)
01-12 21:15:55.741 E/ActivityManager(31649): 	at android.os.Binder.execTransact(Binder.java:1401)
01-12 21:15:55.763 E/pageboostd( 3212): Received HALT command code 2
01-12 21:15:55.827 E/IDS_TAG (29157): System UID: no SharedPreferences here, no IDS
01-12 21:15:55.828 E/IDS_TAG (29157): System UID: no SharedPreferences here, no IDS
01-12 21:15:55.832 E/ng.android.lool(29157): [perfctl] 29157 29157 FPSGO ver:0
01-12 21:15:55.832 E/ng.android.lool(29157): [perfctl] 0 0 0 0
01-12 21:15:55.858 E/CompatUIController(32122): no activity bounds
01-12 21:15:55.864 E/SurfaceFlinger( 1175): alpha changed 1.000 -> 0.000 - Surface(name=ec7593d com.samsung.android.lool/com.samsung.android.sm.iafd.dialog.AppErrorDialogActivity)/@0x651072e - animation-leash of window_animation#12236
01-12 21:15:55.864 E/SurfaceFlinger( 1175): alpha changed 0.000 -> 0.000 - Surface(name=ec7593d com.samsung.android.lool/com.samsung.android.sm.iafd.dialog.AppErrorDialogActivity)/@0x651072e - animation-leash of window_animation#12236
01-12 21:15:55.864 E/SurfaceFlinger( 1175): alpha changed 1.000 -> 0.000 - Task=176#12228
01-12 21:15:55.873 E/SurfaceFlinger( 1175): alpha changed 0.000 -> 0.053 - Surface(name=ec7593d com.samsung.android.lool/com.samsung.android.sm.iafd.dialog.AppErrorDialogActivity)/@0x651072e - animation-leash of window_animation#12236
01-12 21:15:55.873 E/SurfaceFlinger( 1175): alpha changed 1.000 -> 0.000 - Dim Layer for - Task=176#12239
01-12 21:15:55.873 E/SurfaceFlinger( 1175): alpha changed 0.000 -> 0.000 - Dim Layer for - Task=176#12239
01-12 21:15:55.873 E/pageboostd( 3212): Received HALT command code 2
01-12 21:15:55.881 E/SurfaceFlinger( 1175): alpha changed 0.000 -> 0.017 - Dim Layer for - Task=176#12239
01-12 21:15:55.961 E/SurfaceComposerClient(32583): SurfaceComposerClient::Transaction::setAlpha: invalid alpha -0.016384, clamping
01-12 21:15:55.969 E/SurfaceComposerClient(32583): SurfaceComposerClient::Transaction::setAlpha: invalid alpha -0.027245, clamping
01-12 21:15:55.972 E/SurfaceFlinger( 1175): alpha changed 0.002 -> 0.000 - Surface(name=Task=175)/@0x95169d5_transition-leash#12211
01-12 21:15:55.978 E/SurfaceComposerClient(32583): SurfaceComposerClient::Transaction::setAlpha: invalid alpha -0.036480, clamping
01-12 21:15:55.986 E/SurfaceComposerClient(32583): SurfaceComposerClient::Transaction::setAlpha: invalid alpha -0.042784, clamping
01-12 21:15:55.994 E/SurfaceComposerClient(32583): SurfaceComposerClient::Transaction::setAlpha: invalid alpha -0.047538, clamping
01-12 21:15:56.003 E/SurfaceComposerClient(32583): SurfaceComposerClient::Transaction::setAlpha: invalid alpha -0.048902, clamping
01-12 21:15:56.011 E/SurfaceComposerClient(32583): SurfaceComposerClient::Transaction::setAlpha: invalid alpha -0.050437, clamping
01-12 21:15:56.019 E/SurfaceComposerClient(32583): SurfaceComposerClient::Transaction::setAlpha: invalid alpha -0.049231, clamping
01-12 21:15:56.028 E/SurfaceComposerClient(32583): SurfaceComposerClient::Transaction::setAlpha: invalid alpha -0.047133, clamping
01-12 21:15:56.036 E/SurfaceComposerClient(32583): SurfaceComposerClient::Transaction::setAlpha: invalid alpha -0.044772, clamping
01-12 21:15:56.044 E/SurfaceComposerClient(32583): SurfaceComposerClient::Transaction::setAlpha: invalid alpha -0.040075, clamping
01-12 21:15:56.053 E/SurfaceComposerClient(32583): SurfaceComposerClient::Transaction::setAlpha: invalid alpha -0.035115, clamping
01-12 21:15:56.061 E/SurfaceComposerClient(32583): SurfaceComposerClient::Transaction::setAlpha: invalid alpha -0.029535, clamping
01-12 21:15:56.069 E/SurfaceComposerClient(32583): SurfaceComposerClient::Transaction::setAlpha: invalid alpha -0.022973, clamping
01-12 21:15:56.078 E/SurfaceComposerClient(32583): SurfaceComposerClient::Transaction::setAlpha: invalid alpha -0.015622, clamping
01-12 21:15:56.086 E/SurfaceComposerClient(32583): SurfaceComposerClient::Transaction::setAlpha: invalid alpha -0.007351, clamping
01-12 21:15:56.089 E/SurfaceFlinger( 1175): alpha changed 0.000 -> 1.000 - Task=176#12228
01-12 21:15:56.091 E/IPCThreadState(31649): Binder transaction failure. id: 31434660, BR_*: 29189, error: -22 (Invalid argument)
01-12 21:15:56.114 E/BpTransactionCompletedListener( 1175): Failed to transact (-32)
01-12 21:15:56.364 E/Watchdog(31649): !@Sync: 1871 heap(MB): 121 / 165 FD: 1334 [2026-01-12 21:15:56.364]
01-12 21:15:56.482 E/SurfaceFlinger( 1175): MtkDuration override mode is disabled
01-12 21:15:56.927 E/WifiStaIfaceAidlImpl(31649): getCachedScanData failed with service-specific exception: android.os.ServiceSpecificException:  (code 4)
01-12 21:15:57.313 E/Pageboost(31649): ioinfo read failed
01-12 21:15:57.662 E/SurfaceFlinger( 1175): MtkDuration override mode is disabled
01-12 21:15:58.141 E/TaskPersister(31649): File error accessing recents directory (directory doesn't exist?).
01-12 21:15:58.164 E/frs     ( 3238): Failed to open /sys/kernel/thermal/frs_nl_id: No such file or directory
01-12 21:15:58.675 E/Pageboost(31649): ioinfo read failed
01-12 21:15:58.876 E/Pageboost(31649): ioinfo read failed
01-12 21:15:59.127 E/Pageboost(31649): StopRecording Failed
01-12 21:15:59.132 E/Pageboost(31649): captureFinished fail
01-12 21:15:59.933 E/WifiStaIfaceAidlImpl(31649): getCachedScanData failed with service-specific exception: android.os.ServiceSpecificException:  (code 4)
01-12 21:16:00.741 E/SQLiteLog(29369): (10) POSIX Error : 11 SQLite Error : 3850
01-12 21:16:00.741 E/SQLiteLog(29369): (10) LOCK : Getting pending lock for (1) failed due to (11). The current owner is (29503).
01-12 21:16:00.743 E/SQLiteLog(29369): (10) POSIX Error : 11 SQLite Error : 3850
01-12 21:16:00.743 E/SQLiteLog(29369): (10) LOCK : Getting pending lock for (1) failed due to (11). The current owner is (29503).
01-12 21:16:00.746 E/SQLiteLog(29369): (10) POSIX Error : 11 SQLite Error : 3850
01-12 21:16:00.746 E/SQLiteLog(29369): (10) LOCK : Getting pending lock for (1) failed due to (11). The current owner is (29503).
01-12 21:16:00.763 E/SurfaceFlinger( 1175): MtkDuration override mode is disabled
01-12 21:16:01.032 E/SurfaceFlinger( 1175): MtkDuration override mode is disabled
01-12 21:16:01.799 E/SurfaceFlinger( 1175): MtkDuration override mode is disabled
01-12 21:16:01.898 E/HeatmapThread( 1169): !@ CAM New BSOH: 100
01-12 21:16:01.904 E/BatteryDump( 1131): !@new_battery_dump : 4216,252,750,850,83,251,251,271,0,264,279,271,0,Charging,NO_CHARGING,Normal,Good,USB,1,Normal,0,0,8580,0x20008000,0x10010000,0x0,0,0,0,v0004,0,0/0-0-0-0,0000,0000,00000000,0,0,0,0,0,0,8,4211,8310,990,0,
01-12 21:16:01.910 E/pageboostd( 3212): Received HALT command code 2
01-12 21:16:01.966 E/SurfaceFlinger( 1175): alpha changed 1.000 -> 0.000 - Task=177#12241
01-12 21:16:01.966 E/SurfaceFlinger( 1175): alpha changed 0.000 -> 0.000 - Task=177#12241
01-12 21:16:01.970 E/CompatUIController(32122): no activity bounds
01-12 21:16:01.983 E/SurfaceFlinger( 1175): alpha changed 0.000 -> 0.080 - Task=177#12241
01-12 21:16:02.033 E/SurfaceFlinger( 1175): alpha changed 0.020 -> 0.000 - Surface(name=ec7593d com.samsung.android.lool/com.samsung.android.sm.iafd.dialog.AppErrorDialogActivity)/@0x651072e - animation-leash of window_animation#12244
01-12 21:16:02.087 E/ashmem  ( 5158): Pinning is deprecated since Android Q. Please use trim or other methods.
01-12 21:16:02.095 E/LessonPlanBrowser( 5158): Failed to seed lesson plan JSON assets
01-12 21:16:02.095 E/LessonPlanBrowser( 5158): java.io.FileNotFoundException: lesson-plans
01-12 21:16:02.095 E/LessonPlanBrowser( 5158): 	at android.content.res.AssetManager.nativeOpenAsset(Native Method)
01-12 21:16:02.095 E/LessonPlanBrowser( 5158): 	at android.content.res.AssetManager.open(AssetManager.java:1075)
01-12 21:16:02.095 E/LessonPlanBrowser( 5158): 	at android.content.res.AssetManager.open(AssetManager.java:1052)
01-12 21:16:02.095 E/LessonPlanBrowser( 5158): 	at com.lessonplanner.browser.MainActivity.copyAssetDirectory(MainActivity.kt:107)
01-12 21:16:02.095 E/LessonPlanBrowser( 5158): 	at com.lessonplanner.browser.MainActivity.ensureBundledLessonPlans(MainActivity.kt:79)
01-12 21:16:02.095 E/LessonPlanBrowser( 5158): 	at com.lessonplanner.browser.MainActivity.onCreate(MainActivity.kt:17)
01-12 21:16:02.095 E/LessonPlanBrowser( 5158): 	at android.app.Activity.performCreate(Activity.java:9519)
01-12 21:16:02.095 E/LessonPlanBrowser( 5158): 	at android.app.Activity.performCreate(Activity.java:9488)
01-12 21:16:02.095 E/LessonPlanBrowser( 5158): 	at android.app.Instrumentation.callActivityOnCreate(Instrumentation.java:1524)
01-12 21:16:02.095 E/LessonPlanBrowser( 5158): 	at android.app.ActivityThread.performLaunchActivity(ActivityThread.java:4622)
01-12 21:16:02.095 E/LessonPlanBrowser( 5158): 	at android.app.ActivityThread.handleLaunchActivity(ActivityThread.java:4871)
01-12 21:16:02.095 E/LessonPlanBrowser( 5158): 	at android.app.servertransaction.LaunchActivityItem.execute(LaunchActivityItem.java:222)
01-12 21:16:02.095 E/LessonPlanBrowser( 5158): 	at android.app.servertransaction.TransactionExecutor.executeNonLifecycleItem(TransactionExecutor.java:133)
01-12 21:16:02.095 E/LessonPlanBrowser( 5158): 	at android.app.servertransaction.TransactionExecutor.executeTransactionItems(TransactionExecutor.java:103)
01-12 21:16:02.095 E/LessonPlanBrowser( 5158): 	at android.app.servertransaction.TransactionExecutor.execute(TransactionExecutor.java:80)
01-12 21:16:02.095 E/LessonPlanBrowser( 5158): 	at android.app.ActivityThread$H.handleMessage(ActivityThread.java:3103)
01-12 21:16:02.095 E/LessonPlanBrowser( 5158): 	at android.os.Handler.dispatchMessage(Handler.java:110)
01-12 21:16:02.095 E/LessonPlanBrowser( 5158): 	at android.os.Looper.loopOnce(Looper.java:273)
01-12 21:16:02.095 E/LessonPlanBrowser( 5158): 	at android.os.Looper.loop(Looper.java:363)
01-12 21:16:02.095 E/LessonPlanBrowser( 5158): 	at android.app.ActivityThread.main(ActivityThread.java:9983)
01-12 21:16:02.095 E/LessonPlanBrowser( 5158): 	at java.lang.reflect.Method.invoke(Native Method)
01-12 21:16:02.095 E/LessonPlanBrowser( 5158): 	at com.android.internal.os.RuntimeInit$MethodAndArgsCaller.run(RuntimeInit.java:632)
01-12 21:16:02.095 E/LessonPlanBrowser( 5158): 	at com.android.internal.os.ZygoteInit.main(ZygoteInit.java:975)
01-12 21:16:02.127 E/planner.browser( 5158): [perfctl] 5158 5158 FPSGO ver:0
01-12 21:16:02.127 E/planner.browser( 5158): [perfctl] 0 0 0 0
01-12 21:16:02.141 E/pageboostd( 3212): Received HALT command code 2
01-12 21:16:02.153 E/WindowManager(31649): win=Window{e1768dc u0 Handle Input Layer of task 177} destroySurfaces: appStopped=true cleanupOnResume=false win.mWindowRemovalAllowed=false win.mRemoveOnExit=false win.mViewVisibility=8 caller=com.android.server.wm.WindowManagerService.tryStartExitingAnimation:134 com.android.server.wm.WindowManagerService.relayoutWindow:1138 com.android.server.wm.Session.relayout:27 android.view.IWindowSession$Stub.onTransact:829 com.android.server.wm.Session.onTransact:1 android.os.Binder.execTransactInternal:1462 android.os.Binder.execTransact:1401 
01-12 21:16:02.156 F/libc    ( 5158): Fatal signal 6 (SIGABRT), code -1 (SI_QUEUE) in tid 5180 (planner.browser), pid 5158 (planner.browser)
01-12 21:16:02.156 E/AndroidRuntime( 5158): FATAL EXCEPTION: main
01-12 21:16:02.156 E/AndroidRuntime( 5158): Process: com.lessonplanner.browser, PID: 5158
01-12 21:16:02.156 E/AndroidRuntime( 5158): java.lang.RuntimeException: java.lang.reflect.InvocationTargetException
01-12 21:16:02.156 E/AndroidRuntime( 5158): 	at com.android.internal.os.RuntimeInit$MethodAndArgsCaller.run(RuntimeInit.java:642)
01-12 21:16:02.156 E/AndroidRuntime( 5158): 	at com.android.internal.os.ZygoteInit.main(ZygoteInit.java:975)
01-12 21:16:02.156 E/AndroidRuntime( 5158): Caused by: java.lang.reflect.InvocationTargetException
01-12 21:16:02.156 E/AndroidRuntime( 5158): 	at java.lang.reflect.Method.invoke(Native Method)
01-12 21:16:02.156 E/AndroidRuntime( 5158): 	at com.android.internal.os.RuntimeInit$MethodAndArgsCaller.run(RuntimeInit.java:632)
01-12 21:16:02.156 E/AndroidRuntime( 5158): 	... 1 more
01-12 21:16:02.156 E/AndroidRuntime( 5158): Caused by: java.lang.ClassNotFoundException: com.plugin.fs.FsPlugin
01-12 21:16:02.156 E/AndroidRuntime( 5158): 	at java.lang.Class.classForName(Native Method)
01-12 21:16:02.156 E/AndroidRuntime( 5158): 	at java.lang.Class.forName(Class.java:597)
01-12 21:16:02.156 E/AndroidRuntime( 5158): 	at java.lang.Class.forName(Class.java:502)
01-12 21:16:02.156 E/AndroidRuntime( 5158): 	at com.lessonplanner.browser.WryActivity.getAppClass(WryActivity.kt:116)
01-12 21:16:02.156 E/AndroidRuntime( 5158): 	at android.os.MessageQueue.nativePollOnce(Native Method)
01-12 21:16:02.156 E/AndroidRuntime( 5158): 	at android.os.MessageQueue.nextLegacy(MessageQueue.java:945)
01-12 21:16:02.156 E/AndroidRuntime( 5158): 	at android.os.MessageQueue.next(MessageQueue.java:1057)
01-12 21:16:02.156 E/AndroidRuntime( 5158): 	at android.os.Looper.loopOnce(Looper.java:221)
01-12 21:16:02.156 E/AndroidRuntime( 5158): 	at android.os.Looper.loop(Looper.java:363)
01-12 21:16:02.156 E/AndroidRuntime( 5158): 	at android.app.ActivityThread.main(ActivityThread.java:9983)
01-12 21:16:02.156 E/AndroidRuntime( 5158): 	... 3 more
01-12 21:16:02.156 E/AndroidRuntime( 5158): Caused by: java.lang.ClassNotFoundException: Didn't find class "com.plugin.fs.FsPlugin" on path: DexPathList[[zip file "/data/app/~~6cuDxD2ANG61Goe8loH21w==/com.lessonplanner.browser-Q5I0Hzra-RHtZHohmNz4DQ==/base.apk"],nativeLibraryDirectories=[/data/app/~~6cuDxD2ANG61Goe8loH21w==/com.lessonplanner.browser-Q5I0Hzra-RHtZHohmNz4DQ==/lib/arm64, /data/app/~~6cuDxD2ANG61Goe8loH21w==/com.lessonplanner.browser-Q5I0Hzra-RHtZHohmNz4DQ==/base.apk!/lib/arm64-v8a, /system/lib64, /system_ext/lib64]]
01-12 21:16:02.156 E/AndroidRuntime( 5158): 	at dalvik.system.BaseDexClassLoader.findClass(BaseDexClassLoader.java:259)
01-12 21:16:02.156 E/AndroidRuntime( 5158): 	at java.lang.ClassLoader.loadClass(ClassLoader.java:637)
01-12 21:16:02.156 E/AndroidRuntime( 5158): 	at java.lang.ClassLoader.loadClass(ClassLoader.java:573)
01-12 21:16:02.156 E/AndroidRuntime( 5158): 	... 13 more
01-12 21:16:02.163 E/WindowManager(31649): win=Window{e5cfb55 u0 com.sec.android.app.launcher/com.samsung.app.honeyspace.edge.edgepanel.app.CocktailBarService} destroySurfaces: appStopped=true cleanupOnResume=false win.mWindowRemovalAllowed=false win.mRemoveOnExit=false win.mViewVisibility=8 caller=com.android.server.wm.WindowManagerService.tryStartExitingAnimation:134 com.android.server.wm.WindowManagerService.relayoutWindow:1138 com.android.server.wm.Session.relayout:27 android.view.IWindowSession$Stub.onTransact:829 com.android.server.wm.Session.onTransact:1 android.os.Binder.execTransactInternal:1457 android.os.Binder.execTransact:1401 
01-12 21:16:02.164 E/AccessibilityService(20444): bindInput must be paired with unbindInput.
01-12 21:16:02.175 E/SurfaceFlinger( 1175): alpha changed 1.000 -> 0.000 - Surface(name=64fd240 StatusBar)/@0x224bcee - animation-leash of insets_animation#12265
01-12 21:16:02.175 E/SurfaceFlinger( 1175): alpha changed 1.000 -> 0.000 - Surface(name=5348d98 TaskbarWindow)/@0x2ef9b40 - animation-leash of insets_animation#12266
01-12 21:16:02.183 E/SurfaceFlinger( 1175): alpha changed 1.000 -> 0.000 - Surface(name=c3490d1 InputMethod)/@0xd5ce0c2 - animation-leash of insets_animation#12267
01-12 21:16:02.186 E/InputDispatcher(31649): channel '5bdb56c com.lessonplanner.browser/com.lessonplanner.browser.MainActivity' ~ Channel is unrecoverably broken and will be disposed!
01-12 21:16:02.200 E/SurfaceFlinger( 1175): alpha changed 0.000 -> 1.000 - Surface(name=5348d98 TaskbarWindow)/@0x2ef9b40 - animation-leash of insets_animation#12266
01-12 21:16:02.200 E/SurfaceFlinger( 1175): alpha changed 0.000 -> 1.000 - Surface(name=64fd240 StatusBar)/@0x224bcee - animation-leash of insets_animation#12265
01-12 21:16:02.228 E/ActivityManager(31649): Sending non-protected broadcast com.sec.android.intent.action.APP_HQM_SEND_REQ from system 1145:com.sec.android.diagmonagent/1000 pkg com.sec.android.diagmonagent
01-12 21:16:02.228 E/ActivityManager(31649): java.lang.Throwable
01-12 21:16:02.228 E/ActivityManager(31649): 	at com.android.server.am.BroadcastController.checkBroadcastFromSystem(qb/104284295 3da40752b1e0445b20423a771b971fd2cecd1442f5cca491732d14c141d56b2a:252)
01-12 21:16:02.228 E/ActivityManager(31649): 	at com.android.server.am.BroadcastController.broadcastIntentLockedTraced(qb/104284295 3da40752b1e0445b20423a771b971fd2cecd1442f5cca491732d14c141d56b2a:344)
01-12 21:16:02.228 E/ActivityManager(31649): 	at com.android.server.am.BroadcastController.broadcastIntentLocked(qb/104284295 3da40752b1e0445b20423a771b971fd2cecd1442f5cca491732d14c141d56b2a:18)
01-12 21:16:02.228 E/ActivityManager(31649): 	at com.android.server.am.ActivityManagerService.broadcastIntentWithFeature(qb/104284295 3da40752b1e0445b20423a771b971fd2cecd1442f5cca491732d14c141d56b2a:149)
01-12 21:16:02.228 E/ActivityManager(31649): 	at android.app.IActivityManager$Stub.onTransact$broadcastIntentWithFeature$(IActivityManager.java:12282)
01-12 21:16:02.228 E/ActivityManager(31649): 	at android.app.IActivityManager$Stub.onTransact(IActivityManager.java:3167)
01-12 21:16:02.228 E/ActivityManager(31649): 	at com.android.server.am.ActivityManagerService.onTransact(qb/104284295 3da40752b1e0445b20423a771b971fd2cecd1442f5cca491732d14c141d56b2a:425)
01-12 21:16:02.228 E/ActivityManager(31649): 	at android.os.Binder.execTransactInternal(Binder.java:1462)
01-12 21:16:02.228 E/ActivityManager(31649): 	at android.os.Binder.execTransact(Binder.java:1401)
01-12 21:16:02.231 E/AppIconSolution(32583): Couldn't get theme package resources, package is null
01-12 21:16:02.241 E/SurfaceFlinger( 1175): alpha changed 1.000 -> 0.000 - Surface(name=c3490d1 InputMethod)/@0xd5ce0c2 - animation-leash of insets_animation#12272
01-12 21:16:02.241 E/SurfaceFlinger( 1175): alpha changed 1.000 -> 0.000 - Surface(name=Task=1)/@0x4d55e16_transition-leash#12273
01-12 21:16:02.247 E/Dc.AppErrorDialogActivity(29157): onDestroy 
01-12 21:16:02.247 E/Dc.AppErrorDialogActivity(29157): java.lang.IllegalArgumentException: Receiver not registered: bh.x@191b35c
01-12 21:16:02.247 E/Dc.AppErrorDialogActivity(29157): 	at android.app.LoadedApk.forgetReceiverDispatcher(LoadedApk.java:1815)
01-12 21:16:02.247 E/Dc.AppErrorDialogActivity(29157): 	at android.app.ContextImpl.unregisterReceiver(ContextImpl.java:2023)
01-12 21:16:02.247 E/Dc.AppErrorDialogActivity(29157): 	at android.content.ContextWrapper.unregisterReceiver(ContextWrapper.java:860)
01-12 21:16:02.247 E/Dc.AppErrorDialogActivity(29157): 	at android.content.ContextWrapper.unregisterReceiver(ContextWrapper.java:860)
01-12 21:16:02.247 E/Dc.AppErrorDialogActivity(29157): 	at com.samsung.android.sm.iafd.dialog.AppErrorDialogActivity.onDestroy(Unknown Source:5)
01-12 21:16:02.247 E/Dc.AppErrorDialogActivity(29157): 	at android.app.Activity.performDestroy(Activity.java:9850)
01-12 21:16:02.247 E/Dc.AppErrorDialogActivity(29157): 	at android.app.Instrumentation.callActivityOnDestroy(Instrumentation.java:1559)
01-12 21:16:02.247 E/Dc.AppErrorDialogActivity(29157): 	at android.app.ActivityThread.performDestroyActivity(ActivityThread.java:6913)
01-12 21:16:02.247 E/Dc.AppErrorDialogActivity(29157): 	at android.app.ActivityThread.handleDestroyActivity(ActivityThread.java:6958)
01-12 21:16:02.247 E/Dc.AppErrorDialogActivity(29157): 	at android.app.servertransaction.DestroyActivityItem.execute(DestroyActivityItem.java:52)
01-12 21:16:02.247 E/Dc.AppErrorDialogActivity(29157): 	at android.app.servertransaction.ActivityTransactionItem.execute(ActivityTransactionItem.java:63)
01-12 21:16:02.247 E/Dc.AppErrorDialogActivity(29157): 	at android.app.servertransaction.TransactionExecutor.executeLifecycleItem(TransactionExecutor.java:169)
01-12 21:16:02.247 E/Dc.AppErrorDialogActivity(29157): 	at android.app.servertransaction.TransactionExecutor.executeTransactionItems(TransactionExecutor.java:101)
01-12 21:16:02.247 E/Dc.AppErrorDialogActivity(29157): 	at android.app.servertransaction.TransactionExecutor.execute(TransactionExecutor.java:80)
01-12 21:16:02.247 E/Dc.AppErrorDialogActivity(29157): 	at android.app.ActivityThread$H.handleMessage(ActivityThread.java:3103)
01-12 21:16:02.247 E/Dc.AppErrorDialogActivity(29157): 	at android.os.Handler.dispatchMessage(Handler.java:110)
01-12 21:16:02.247 E/Dc.AppErrorDialogActivity(29157): 	at android.os.Looper.loopOnce(Looper.java:273)
01-12 21:16:02.247 E/Dc.AppErrorDialogActivity(29157): 	at android.os.Looper.loop(Looper.java:363)
01-12 21:16:02.247 E/Dc.AppErrorDialogActivity(29157): 	at android.app.ActivityThread.main(ActivityThread.java:9983)
01-12 21:16:02.247 E/Dc.AppErrorDialogActivity(29157): 	at java.lang.reflect.Method.invoke(Native Method)
01-12 21:16:02.247 E/Dc.AppErrorDialogActivity(29157): 	at com.android.internal.os.RuntimeInit$MethodAndArgsCaller.run(RuntimeInit.java:632)
01-12 21:16:02.247 E/Dc.AppErrorDialogActivity(29157): 	at com.android.internal.os.ZygoteInit.main(ZygoteInit.java:975)
01-12 21:16:02.251 E/WindowManager(31649): win=Window{ec7593d u0 com.samsung.android.lool/com.samsung.android.sm.iafd.dialog.AppErrorDialogActivity EXITING} destroySurfaces: appStopped=false cleanupOnResume=false win.mWindowRemovalAllowed=true win.mRemoveOnExit=true win.mViewVisibility=0 caller=com.android.server.wm.WindowState.onExitAnimationDone:224 com.android.server.wm.WindowState.onAnimationFinished:161 com.android.server.wm.WindowContainer$$ExternalSyntheticLambda8.onAnimationFinished:3 com.android.server.wm.SurfaceAnimator.cancelAnimation:17 com.android.server.wm.SurfaceAnimator.cancelAnimation:1 com.android.server.wm.WindowContainer.setParent:49 com.android.server.wm.WindowContainer.removeChild:17 
01-12 21:16:02.258 E/SurfaceFlinger( 1175): alpha changed 0.000 -> 1.000 - Surface(name=Task=1)/@0x4d55e16_transition-leash#12273
01-12 21:16:02.283 E/SurfaceFlinger( 1175): alpha changed 0.017 -> 0.000 - Dim Layer for - Task=176#12239
01-12 21:16:02.463 E/SurfaceComposerClient(32583): SurfaceComposerClient::Transaction::setAlpha: invalid alpha -0.016384, clamping
01-12 21:16:02.472 E/SurfaceComposerClient(32583): SurfaceComposerClient::Transaction::setAlpha: invalid alpha -0.027246, clamping
01-12 21:16:02.475 E/SurfaceFlinger( 1175): alpha changed 0.002 -> 0.000 - Surface(name=Task=177)/@0xfe4e984_transition-leash#12274
01-12 21:16:02.480 E/SurfaceComposerClient(32583): SurfaceComposerClient::Transaction::setAlpha: invalid alpha -0.036481, clamping
01-12 21:16:02.488 E/SurfaceComposerClient(32583): SurfaceComposerClient::Transaction::setAlpha: invalid alpha -0.042785, clamping
01-12 21:16:02.496 E/SurfaceComposerClient(32583): SurfaceComposerClient::Transaction::setAlpha: invalid alpha -0.047539, clamping
01-12 21:16:02.505 E/SurfaceComposerClient(32583): SurfaceComposerClient::Transaction::setAlpha: invalid alpha -0.048903, clamping
01-12 21:16:02.513 E/SurfaceComposerClient(32583): SurfaceComposerClient::Transaction::setAlpha: invalid alpha -0.050438, clamping
01-12 21:16:02.522 E/SurfaceComposerClient(32583): SurfaceComposerClient::Transaction::setAlpha: invalid alpha -0.049232, clamping
01-12 21:16:02.530 E/SurfaceComposerClient(32583): SurfaceComposerClient::Transaction::setAlpha: invalid alpha -0.047134, clamping
01-12 21:16:02.539 E/SurfaceComposerClient(32583): SurfaceComposerClient::Transaction::setAlpha: invalid alpha -0.044773, clamping
01-12 21:16:02.547 E/SurfaceComposerClient(32583): SurfaceComposerClient::Transaction::setAlpha: invalid alpha -0.040076, clamping
01-12 21:16:02.555 E/SurfaceComposerClient(32583): SurfaceComposerClient::Transaction::setAlpha: invalid alpha -0.035116, clamping
01-12 21:16:02.563 E/SurfaceComposerClient(32583): SurfaceComposerClient::Transaction::setAlpha: invalid alpha -0.029535, clamping
01-12 21:16:02.572 E/SurfaceComposerClient(32583): SurfaceComposerClient::Transaction::setAlpha: invalid alpha -0.022974, clamping
01-12 21:16:02.580 E/SurfaceComposerClient(32583): SurfaceComposerClient::Transaction::setAlpha: invalid alpha -0.015622, clamping
01-12 21:16:02.588 E/SurfaceComposerClient(32583): SurfaceComposerClient::Transaction::setAlpha: invalid alpha -0.007352, clamping
01-12 21:16:02.596 E/IPCThreadState(31649): Binder transaction failure. id: 31446820, BR_*: 29189, error: -22 (Invalid argument)
01-12 21:16:02.617 E/BpTransactionCompletedListener( 1175): Failed to transact (-32)
01-12 21:16:02.869 E/SurfaceFlinger( 1175): MtkDuration override mode is disabled
01-12 21:16:02.945 E/WifiStaIfaceAidlImpl(31649): getCachedScanData failed with service-specific exception: android.os.ServiceSpecificException:  (code 4)
01-12 21:16:03.165 E/frs     ( 3238): Failed to open /sys/kernel/thermal/frs_nl_id: No such file or directory
01-12 21:16:03.497 E/SurfaceFlinger( 1175): MtkDuration override mode is disabled
01-12 21:16:03.497 E/pageboostd( 3212): alp start : app comlessonplannerbrowser
01-12 21:16:03.498 E/pageboostd( 3212): comlessonplannerbrowser, amt 0 scnt 0 fcnt 0
01-12 21:16:03.498 E/pageboostd( 3212): comlessonplannerbrowser, amt 0 scnt 0 fcnt 0
01-12 21:16:03.498 E/pageboostd( 3212): alp end : app comlessonplannerbrowser data_amount 0
01-12 21:16:03.561 E/pageboostd( 3212): Received HALT command code 2
01-12 21:16:03.591 E/CompatUIController(32122): no activity bounds
01-12 21:16:03.593 E/LayerState( 1175): Stripped attempt to set eTrustedOverlay in sanitize
01-12 21:16:03.593 E/SurfaceFlinger( 1175): alpha changed 1.000 -> 0.000 - Surface(name=Task=178)/@0x958c47c_transition-leash#12285
01-12 21:16:03.627 E/SurfaceFlinger( 1175): alpha changed 0.000 -> 0.698 - Surface(name=Task=178)/@0x958c47c_transition-leash#12285
01-12 21:16:03.705 E/ashmem  ( 5219): Pinning is deprecated since Android Q. Please use trim or other methods.
01-12 21:16:03.713 E/LessonPlanBrowser( 5219): Failed to seed lesson plan JSON assets
01-12 21:16:03.713 E/LessonPlanBrowser( 5219): java.io.FileNotFoundException: lesson-plans
01-12 21:16:03.713 E/LessonPlanBrowser( 5219): 	at android.content.res.AssetManager.nativeOpenAsset(Native Method)
01-12 21:16:03.713 E/LessonPlanBrowser( 5219): 	at android.content.res.AssetManager.open(AssetManager.java:1075)
01-12 21:16:03.713 E/LessonPlanBrowser( 5219): 	at android.content.res.AssetManager.open(AssetManager.java:1052)
01-12 21:16:03.713 E/LessonPlanBrowser( 5219): 	at com.lessonplanner.browser.MainActivity.copyAssetDirectory(MainActivity.kt:107)
01-12 21:16:03.713 E/LessonPlanBrowser( 5219): 	at com.lessonplanner.browser.MainActivity.ensureBundledLessonPlans(MainActivity.kt:79)
01-12 21:16:03.713 E/LessonPlanBrowser( 5219): 	at com.lessonplanner.browser.MainActivity.onCreate(MainActivity.kt:17)
01-12 21:16:03.713 E/LessonPlanBrowser( 5219): 	at android.app.Activity.performCreate(Activity.java:9519)
01-12 21:16:03.713 E/LessonPlanBrowser( 5219): 	at android.app.Activity.performCreate(Activity.java:9488)
01-12 21:16:03.713 E/LessonPlanBrowser( 5219): 	at android.app.Instrumentation.callActivityOnCreate(Instrumentation.java:1524)
01-12 21:16:03.713 E/LessonPlanBrowser( 5219): 	at android.app.ActivityThread.performLaunchActivity(ActivityThread.java:4622)
01-12 21:16:03.713 E/LessonPlanBrowser( 5219): 	at android.app.ActivityThread.handleLaunchActivity(ActivityThread.java:4871)
01-12 21:16:03.713 E/LessonPlanBrowser( 5219): 	at android.app.servertransaction.LaunchActivityItem.execute(LaunchActivityItem.java:222)
01-12 21:16:03.713 E/LessonPlanBrowser( 5219): 	at android.app.servertransaction.TransactionExecutor.executeNonLifecycleItem(TransactionExecutor.java:133)
01-12 21:16:03.713 E/LessonPlanBrowser( 5219): 	at android.app.servertransaction.TransactionExecutor.executeTransactionItems(TransactionExecutor.java:103)
01-12 21:16:03.713 E/LessonPlanBrowser( 5219): 	at android.app.servertransaction.TransactionExecutor.execute(TransactionExecutor.java:80)
01-12 21:16:03.713 E/LessonPlanBrowser( 5219): 	at android.app.ActivityThread$H.handleMessage(ActivityThread.java:3103)
01-12 21:16:03.713 E/LessonPlanBrowser( 5219): 	at android.os.Handler.dispatchMessage(Handler.java:110)
01-12 21:16:03.713 E/LessonPlanBrowser( 5219): 	at android.os.Looper.loopOnce(Looper.java:273)
01-12 21:16:03.713 E/LessonPlanBrowser( 5219): 	at android.os.Looper.loop(Looper.java:363)
01-12 21:16:03.713 E/LessonPlanBrowser( 5219): 	at android.app.ActivityThread.main(ActivityThread.java:9983)
01-12 21:16:03.713 E/LessonPlanBrowser( 5219): 	at java.lang.reflect.Method.invoke(Native Method)
01-12 21:16:03.713 E/LessonPlanBrowser( 5219): 	at com.android.internal.os.RuntimeInit$MethodAndArgsCaller.run(RuntimeInit.java:632)
01-12 21:16:03.713 E/LessonPlanBrowser( 5219): 	at com.android.internal.os.ZygoteInit.main(ZygoteInit.java:975)
01-12 21:16:03.748 E/planner.browser( 5219): [perfctl] 5219 5219 FPSGO ver:0
01-12 21:16:03.748 E/planner.browser( 5219): [perfctl] 0 0 0 0
01-12 21:16:03.765 E/pageboostd( 3212): Received HALT command code 2
01-12 21:16:03.780 E/AndroidRuntime( 5219): FATAL EXCEPTION: main
01-12 21:16:03.780 E/AndroidRuntime( 5219): Process: com.lessonplanner.browser, PID: 5219
01-12 21:16:03.780 E/AndroidRuntime( 5219): java.lang.RuntimeException: java.lang.reflect.InvocationTargetException
01-12 21:16:03.780 E/AndroidRuntime( 5219): 	at com.android.internal.os.RuntimeInit$MethodAndArgsCaller.run(RuntimeInit.java:642)
01-12 21:16:03.780 E/AndroidRuntime( 5219): 	at com.android.internal.os.ZygoteInit.main(ZygoteInit.java:975)
01-12 21:16:03.780 E/AndroidRuntime( 5219): Caused by: java.lang.reflect.InvocationTargetException
01-12 21:16:03.780 E/AndroidRuntime( 5219): 	at java.lang.reflect.Method.invoke(Native Method)
01-12 21:16:03.780 E/AndroidRuntime( 5219): 	at com.android.internal.os.RuntimeInit$MethodAndArgsCaller.run(RuntimeInit.java:632)
01-12 21:16:03.780 E/AndroidRuntime( 5219): 	... 1 more
01-12 21:16:03.780 E/AndroidRuntime( 5219): Caused by: java.lang.ClassNotFoundException: com.plugin.fs.FsPlugin
01-12 21:16:03.780 E/AndroidRuntime( 5219): 	at java.lang.Class.classForName(Native Method)
01-12 21:16:03.780 E/AndroidRuntime( 5219): 	at java.lang.Class.forName(Class.java:597)
01-12 21:16:03.780 E/AndroidRuntime( 5219): 	at java.lang.Class.forName(Class.java:502)
01-12 21:16:03.780 E/AndroidRuntime( 5219): 	at com.lessonplanner.browser.WryActivity.getAppClass(WryActivity.kt:116)
01-12 21:16:03.780 E/AndroidRuntime( 5219): 	at android.os.MessageQueue.nativePollOnce(Native Method)
01-12 21:16:03.780 E/AndroidRuntime( 5219): 	at android.os.MessageQueue.nextLegacy(MessageQueue.java:945)
01-12 21:16:03.780 E/AndroidRuntime( 5219): 	at android.os.MessageQueue.next(MessageQueue.java:1057)
01-12 21:16:03.780 E/AndroidRuntime( 5219): 	at android.os.Looper.loopOnce(Looper.java:221)
01-12 21:16:03.780 E/AndroidRuntime( 5219): 	at android.os.Looper.loop(Looper.java:363)
01-12 21:16:03.780 E/AndroidRuntime( 5219): 	at android.app.ActivityThread.main(ActivityThread.java:9983)
01-12 21:16:03.780 E/AndroidRuntime( 5219): 	... 3 more
01-12 21:16:03.780 E/AndroidRuntime( 5219): Caused by: java.lang.ClassNotFoundException: Didn't find class "com.plugin.fs.FsPlugin" on path: DexPathList[[zip file "/data/app/~~6cuDxD2ANG61Goe8loH21w==/com.lessonplanner.browser-Q5I0Hzra-RHtZHohmNz4DQ==/base.apk"],nativeLibraryDirectories=[/data/app/~~6cuDxD2ANG61Goe8loH21w==/com.lessonplanner.browser-Q5I0Hzra-RHtZHohmNz4DQ==/lib/arm64, /data/app/~~6cuDxD2ANG61Goe8loH21w==/com.lessonplanner.browser-Q5I0Hzra-RHtZHohmNz4DQ==/base.apk!/lib/arm64-v8a, /system/lib64, /system_ext/lib64]]
01-12 21:16:03.780 E/AndroidRuntime( 5219): 	at dalvik.system.BaseDexClassLoader.findClass(BaseDexClassLoader.java:259)
01-12 21:16:03.780 E/AndroidRuntime( 5219): 	at java.lang.ClassLoader.loadClass(ClassLoader.java:637)
01-12 21:16:03.780 E/AndroidRuntime( 5219): 	at java.lang.ClassLoader.loadClass(ClassLoader.java:573)
01-12 21:16:03.780 E/AndroidRuntime( 5219): 	... 13 more
01-12 21:16:03.781 E/WindowManager(31649): win=Window{ed2242d u0 Handle Input Layer of task 178} destroySurfaces: appStopped=true cleanupOnResume=false win.mWindowRemovalAllowed=false win.mRemoveOnExit=false win.mViewVisibility=8 caller=com.android.server.wm.WindowManagerService.tryStartExitingAnimation:134 com.android.server.wm.WindowManagerService.relayoutWindow:1138 com.android.server.wm.Session.relayout:27 android.view.IWindowSession$Stub.onTransact:829 com.android.server.wm.Session.onTransact:1 android.os.Binder.execTransactInternal:1462 android.os.Binder.execTransact:1401 
01-12 21:16:03.782 F/libc    ( 5219): Fatal signal 6 (SIGABRT), code -1 (SI_QUEUE) in tid 5244 (planner.browser), pid 5219 (planner.browser)
