01-12 21:10:57.707 E/BatteryDump( 1131): !@new_battery_dump : 4215,225,750,850,83,247,247,265,0,257,270,265,0,Charging,NO_CHARGING,Normal,Good,USB,1,Normal,0,0,8580,0x20008000,0x10010000,0x0,0,0,0,v0004,0,0/0-0-0-0,0000,0000,00000000,0,0,0,0,0,0,8,4209,8300,990,0,
01-12 21:10:57.969 E/SurfaceFlinger( 1175): MtkDuration override mode is disabled
01-12 21:10:58.073 E/frs     ( 3238): Failed to open /sys/kernel/thermal/frs_nl_id: No such file or directory
01-12 21:10:58.451 E/SurfaceFlinger( 1175): MtkDuration override mode is disabled
01-12 21:11:00.034 E/SurfaceFlinger( 1175): MtkDuration override mode is disabled
01-12 21:11:00.288 E/SurfaceFlinger( 1175): MtkDuration override mode is disabled
01-12 21:11:00.387 E/SQLiteLog(29369): (10) POSIX Error : 11 SQLite Error : 3850
01-12 21:11:00.387 E/SQLiteLog(29503): (10) POSIX Error : 11 SQLite Error : 3850
01-12 21:11:00.387 E/SQLiteLog(29503): (10) LOCK : Getting lock (4) failed due to (11). The current owner is (29369).
01-12 21:11:00.387 E/SQLiteLog(29369): (10) LOCK : Getting lock (2) failed due to (11). The current owner is (29503).
01-12 21:11:00.389 E/SQLiteLog(29369): (10) POSIX Error : 11 SQLite Error : 3850
01-12 21:11:00.389 E/SQLiteLog(29369): (10) LOCK : Getting pending lock for (1) failed due to (11). The current owner is (29503).
01-12 21:11:00.391 E/SQLiteLog(29503): (10) POSIX Error : 11 SQLite Error : 3850
01-12 21:11:00.391 E/SQLiteLog(29369): (10) POSIX Error : 11 SQLite Error : 3850
01-12 21:11:00.392 E/SQLiteLog(29369): (10) LOCK : Getting lock (2) failed due to (11). The current owner is (29503).
01-12 21:11:00.392 E/SQLiteLog(29503): (10) LOCK : Getting lock (4) failed due to (11). The current owner is (29369).
01-12 21:11:00.564 E/WifiStaIfaceAidlImpl(31649): getCachedScanData failed with service-specific exception: android.os.ServiceSpecificException:  (code 4)
01-12 21:11:03.074 E/frs     ( 3238): Failed to open /sys/kernel/thermal/frs_nl_id: No such file or directory
01-12 21:11:03.581 E/WifiStaIfaceAidlImpl(31649): getCachedScanData failed with service-specific exception: android.os.ServiceSpecificException:  (code 4)
01-12 21:11:06.600 E/WifiStaIfaceAidlImpl(31649): getCachedScanData failed with service-specific exception: android.os.ServiceSpecificException:  (code 4)
01-12 21:11:07.847 E/HeatmapThread( 1169): !@ CAM New BSOH: 100
01-12 21:11:07.848 E/BatteryDump( 1131): !@new_battery_dump : 4215,105,750,850,83,247,247,265,0,257,270,265,0,Charging,NO_CHARGING,Normal,Good,USB,1,Normal,0,0,8580,0x20008000,0x10010000,0x0,0,0,0,v0004,0,0/0-0-0-0,0000,0000,00000000,0,0,0,0,0,0,8,4209,8300,990,0,
01-12 21:11:08.075 E/frs     ( 3238): Failed to open /sys/kernel/thermal/frs_nl_id: No such file or directory
01-12 21:11:09.615 E/WifiStaIfaceAidlImpl(31649): getCachedScanData failed with service-specific exception: android.os.ServiceSpecificException:  (code 4)
01-12 21:11:10.402 E/SQLiteLog(29369): (10) POSIX Error : 11 SQLite Error : 3850
01-12 21:11:10.403 E/SQLiteLog(29369): (10) LOCK : Getting pending lock for (1) failed due to (11). The current owner is (29503).
01-12 21:11:10.404 E/SQLiteLog(29369): (10) POSIX Error : 11 SQLite Error : 3850
01-12 21:11:10.404 E/SQLiteLog(29369): (10) LOCK : Getting pending lock for (1) failed due to (11). The current owner is (29503).
01-12 21:11:10.407 E/SQLiteLog(29369): (10) POSIX Error : 11 SQLite Error : 3850
01-12 21:11:10.407 E/SQLiteLog(29369): (10) LOCK : Getting pending lock for (1) failed due to (11). The current owner is (29503).
01-12 21:11:12.630 E/WifiStaIfaceAidlImpl(31649): getCachedScanData failed with service-specific exception: android.os.ServiceSpecificException:  (code 4)
01-12 21:11:13.078 E/frs     ( 3238): Failed to open /sys/kernel/thermal/frs_nl_id: No such file or directory
01-12 21:11:15.644 E/WifiStaIfaceAidlImpl(31649): getCachedScanData failed with service-specific exception: android.os.ServiceSpecificException:  (code 4)
01-12 21:11:17.987 E/HeatmapThread( 1169): !@ CAM New BSOH: 100
01-12 21:11:17.991 E/BatteryDump( 1131): !@new_battery_dump : 4215,225,750,850,83,247,247,265,0,257,271,265,0,Charging,NO_CHARGING,Normal,Good,USB,1,Normal,0,0,8580,0x20008000,0x10010000,0x0,0,0,0,v0004,0,0/0-0-0-0,0000,0000,00000000,0,0,0,0,0,0,8,4209,8300,990,0,
01-12 21:11:18.080 E/frs     ( 3238): Failed to open /sys/kernel/thermal/frs_nl_id: No such file or directory
01-12 21:11:18.657 E/WifiStaIfaceAidlImpl(31649): getCachedScanData failed with service-specific exception: android.os.ServiceSpecificException:  (code 4)
01-12 21:11:20.418 E/SQLiteLog(29369): (10) POSIX Error : 11 SQLite Error : 3850
01-12 21:11:20.418 E/SQLiteLog(29369): (10) LOCK : Getting pending lock for (1) failed due to (11). The current owner is (29503).
01-12 21:11:20.419 E/SQLiteLog(29369): (10) POSIX Error : 11 SQLite Error : 3850
01-12 21:11:20.419 E/SQLiteLog(29369): (10) LOCK : Getting pending lock for (1) failed due to (11). The current owner is (29503).
01-12 21:11:20.422 E/SQLiteLog(29503): (10) POSIX Error : 11 SQLite Error : 3850
01-12 21:11:20.422 E/SQLiteLog(29369): (10) POSIX Error : 11 SQLite Error : 3850
01-12 21:11:20.422 E/SQLiteLog(29369): (10) LOCK : Getting lock (2) failed due to (11). The current owner is (29503).
01-12 21:11:20.422 E/SQLiteLog(29503): (10) LOCK : Getting lock (4) failed due to (11). The current owner is (29369).
01-12 21:11:21.673 E/WifiStaIfaceAidlImpl(31649): getCachedScanData failed with service-specific exception: android.os.ServiceSpecificException:  (code 4)
01-12 21:11:23.081 E/frs     ( 3238): Failed to open /sys/kernel/thermal/frs_nl_id: No such file or directory
01-12 21:11:24.688 E/WifiStaIfaceAidlImpl(31649): getCachedScanData failed with service-specific exception: android.os.ServiceSpecificException:  (code 4)
01-12 21:11:24.757 E/e:iwhInfService( 4439): Not starting debugger since process cannot load the jdwp agent.
01-12 21:11:26.305 E/Watchdog(31649): !@Sync: 1862 heap(MB): 152 / 161 FD: 1353 [2026-01-12 21:11:26.305]
01-12 21:11:27.710 E/WifiStaIfaceAidlImpl(31649): getCachedScanData failed with service-specific exception: android.os.ServiceSpecificException:  (code 4)
01-12 21:11:28.082 E/frs     ( 3238): Failed to open /sys/kernel/thermal/frs_nl_id: No such file or directory
01-12 21:11:28.133 E/HeatmapThread( 1169): !@ CAM New BSOH: 100
01-12 21:11:28.140 E/BatteryDump( 1131): !@new_battery_dump : 4216,222,750,850,83,248,247,265,0,257,271,265,0,Charging,NO_CHARGING,Normal,Good,USB,1,Normal,0,0,8580,0x20008000,0x10010000,0x0,0,0,0,v0004,0,0/0-0-0-0,0000,0000,00000000,0,0,0,0,0,0,8,4209,8300,990,0,
01-12 21:11:30.432 E/SQLiteLog(29369): (10) POSIX Error : 11 SQLite Error : 3850
01-12 21:11:30.433 E/SQLiteLog(29369): (10) LOCK : Getting pending lock for (1) failed due to (11). The current owner is (29503).
01-12 21:11:30.434 E/SQLiteLog(29369): (10) POSIX Error : 11 SQLite Error : 3850
01-12 21:11:30.435 E/SQLiteLog(29369): (10) LOCK : Getting pending lock for (1) failed due to (11). The current owner is (29503).
01-12 21:11:30.437 E/SQLiteLog(29369): (10) POSIX Error : 11 SQLite Error : 3850
01-12 21:11:30.437 E/SQLiteLog(29369): (10) LOCK : Getting pending lock for (1) failed due to (11). The current owner is (29503).
01-12 21:11:30.731 E/WifiStaIfaceAidlImpl(31649): getCachedScanData failed with service-specific exception: android.os.ServiceSpecificException:  (code 4)
01-12 21:11:33.083 E/frs     ( 3238): Failed to open /sys/kernel/thermal/frs_nl_id: No such file or directory
01-12 21:11:33.748 E/WifiStaIfaceAidlImpl(31649): getCachedScanData failed with service-specific exception: android.os.ServiceSpecificException:  (code 4)
01-12 21:11:36.773 E/WifiStaIfaceAidlImpl(31649): getCachedScanData failed with service-specific exception: android.os.ServiceSpecificException:  (code 4)
01-12 21:11:38.085 E/frs     ( 3238): Failed to open /sys/kernel/thermal/frs_nl_id: No such file or directory
01-12 21:11:38.261 E/HeatmapThread( 1169): !@ CAM New BSOH: 100
01-12 21:11:38.264 E/BatteryDump( 1131): !@new_battery_dump : 4214,135,750,850,83,248,247,265,0,257,271,265,0,Charging,NO_CHARGING,Normal,Good,USB,1,Normal,0,0,8580,0x20008000,0x10010000,0x0,0,0,0,v0004,0,0/0-0-0-0,0000,0000,00000000,0,0,0,0,0,0,8,4209,8300,990,0,
01-12 21:11:39.786 E/WifiStaIfaceAidlImpl(31649): getCachedScanData failed with service-specific exception: android.os.ServiceSpecificException:  (code 4)
01-12 21:11:40.448 E/SQLiteLog(29369): (10) POSIX Error : 11 SQLite Error : 3850
01-12 21:11:40.448 E/SQLiteLog(29369): (10) LOCK : Getting pending lock for (1) failed due to (11). The current owner is (29503).
01-12 21:11:40.450 E/SQLiteLog(29503): (10) POSIX Error : 11 SQLite Error : 3850
01-12 21:11:40.450 E/SQLiteLog(29369): (10) POSIX Error : 11 SQLite Error : 3850
01-12 21:11:40.451 E/SQLiteLog(29369): (10) LOCK : Getting lock (2) failed due to (11). The current owner is (29503).
01-12 21:11:40.451 E/SQLiteLog(29503): (10) LOCK : Getting lock (4) failed due to (11). The current owner is (29369).
01-12 21:11:40.453 E/SQLiteLog(29369): (10) POSIX Error : 11 SQLite Error : 3850
01-12 21:11:40.453 E/SQLiteLog(29369): (10) LOCK : Getting pending lock for (1) failed due to (11). The current owner is (29503).
01-12 21:11:42.805 E/WifiStaIfaceAidlImpl(31649): getCachedScanData failed with service-specific exception: android.os.ServiceSpecificException:  (code 4)
01-12 21:11:43.086 E/frs     ( 3238): Failed to open /sys/kernel/thermal/frs_nl_id: No such file or directory
01-12 21:11:45.827 E/WifiStaIfaceAidlImpl(31649): getCachedScanData failed with service-specific exception: android.os.ServiceSpecificException:  (code 4)
01-12 21:11:48.088 E/frs     ( 3238): Failed to open /sys/kernel/thermal/frs_nl_id: No such file or directory
01-12 21:11:48.410 E/HeatmapThread( 1169): !@ CAM New BSOH: 100
01-12 21:11:48.411 E/BatteryDump( 1131): !@new_battery_dump : 4215,227,750,850,83,248,248,266,0,258,271,266,0,Charging,NO_CHARGING,Normal,Good,USB,1,Normal,0,0,8580,0x20008000,0x10010000,0x0,0,0,0,v0004,0,0/0-0-0-0,0000,0000,00000000,0,0,0,0,0,0,8,4209,8300,990,0,
01-12 21:11:48.848 E/WifiStaIfaceAidlImpl(31649): getCachedScanData failed with service-specific exception: android.os.ServiceSpecificException:  (code 4)
01-12 21:11:50.464 E/SQLiteLog(29369): (10) POSIX Error : 11 SQLite Error : 3850
01-12 21:11:50.464 E/SQLiteLog(29369): (10) LOCK : Getting pending lock for (1) failed due to (11). The current owner is (29503).
01-12 21:11:50.466 E/SQLiteLog(29369): (10) POSIX Error : 11 SQLite Error : 3850
01-12 21:11:50.466 E/SQLiteLog(29369): (10) LOCK : Getting pending lock for (1) failed due to (11). The current owner is (29503).
01-12 21:11:51.881 E/WifiStaIfaceAidlImpl(31649): getCachedScanData failed with service-specific exception: android.os.ServiceSpecificException:  (code 4)
01-12 21:11:53.090 E/frs     ( 3238): Failed to open /sys/kernel/thermal/frs_nl_id: No such file or directory
01-12 21:11:54.909 E/WifiStaIfaceAidlImpl(31649): getCachedScanData failed with service-specific exception: android.os.ServiceSpecificException:  (code 4)
01-12 21:11:56.312 E/Watchdog(31649): !@Sync: 1863 heap(MB): 116 / 161 FD: 1335 [2026-01-12 21:11:56.312]
01-12 21:11:57.943 E/WifiStaIfaceAidlImpl(31649): getCachedScanData failed with service-specific exception: android.os.ServiceSpecificException:  (code 4)
01-12 21:11:58.091 E/frs     ( 3238): Failed to open /sys/kernel/thermal/frs_nl_id: No such file or directory
01-12 21:11:58.549 E/HeatmapThread( 1169): !@ CAM New BSOH: 100
01-12 21:11:58.556 E/BatteryDump( 1131): !@new_battery_dump : 4215,230,750,850,83,248,248,266,0,258,271,266,0,Charging,NO_CHARGING,Normal,Good,USB,1,Normal,0,0,8580,0x20008000,0x10010000,0x0,0,0,0,v0004,0,0/0-0-0-0,0000,0000,00000000,0,0,0,0,0,0,8,4210,8300,990,0,
01-12 21:12:00.042 E/SurfaceFlinger( 1175): MtkDuration override mode is disabled
01-12 21:12:00.296 E/SurfaceFlinger( 1175): MtkDuration override mode is disabled
01-12 21:12:00.474 E/SQLiteLog(29369): (10) POSIX Error : 11 SQLite Error : 3850
01-12 21:12:00.475 E/SQLiteLog(29369): (10) LOCK : Getting pending lock for (1) failed due to (11). The current owner is (29503).
01-12 21:12:00.476 E/SQLiteLog(29369): (10) POSIX Error : 11 SQLite Error : 3850
01-12 21:12:00.476 E/SQLiteLog(29369): (10) LOCK : Getting pending lock for (1) failed due to (11). The current owner is (29503).
01-12 21:12:00.479 E/SQLiteLog(29369): (10) POSIX Error : 11 SQLite Error : 3850
01-12 21:12:00.479 E/SQLiteLog(29369): (10) LOCK : Getting pending lock for (1) failed due to (11). The current owner is (29503).
01-12 21:12:00.978 E/WifiStaIfaceAidlImpl(31649): getCachedScanData failed with service-specific exception: android.os.ServiceSpecificException:  (code 4)
01-12 21:12:03.092 E/frs     ( 3238): Failed to open /sys/kernel/thermal/frs_nl_id: No such file or directory
01-12 21:12:03.996 E/WifiStaIfaceAidlImpl(31649): getCachedScanData failed with service-specific exception: android.os.ServiceSpecificException:  (code 4)
01-12 21:12:07.013 E/WifiStaIfaceAidlImpl(31649): getCachedScanData failed with service-specific exception: android.os.ServiceSpecificException:  (code 4)
01-12 21:12:08.092 E/frs     ( 3238): Failed to open /sys/kernel/thermal/frs_nl_id: No such file or directory
01-12 21:12:08.687 E/HeatmapThread( 1169): !@ CAM New BSOH: 100
01-12 21:12:08.692 E/BatteryDump( 1131): !@new_battery_dump : 4215,210,750,850,83,248,248,266,0,258,271,266,0,Charging,NO_CHARGING,Normal,Good,USB,1,Normal,0,0,8580,0x20008000,0x10010000,0x0,0,0,0,v0004,0,0/0-0-0-0,0000,0000,00000000,0,0,0,0,0,0,8,4210,8300,990,0,
01-12 21:12:10.029 E/WifiStaIfaceAidlImpl(31649): getCachedScanData failed with service-specific exception: android.os.ServiceSpecificException:  (code 4)
01-12 21:12:10.490 E/SQLiteLog(29369): (10) POSIX Error : 11 SQLite Error : 3850
01-12 21:12:10.491 E/SQLiteLog(29369): (10) LOCK : Getting pending lock for (1) failed due to (11). The current owner is (29503).
01-12 21:12:10.492 E/SQLiteLog(29369): (10) POSIX Error : 11 SQLite Error : 3850
01-12 21:12:10.492 E/SQLiteLog(29369): (10) LOCK : Getting pending lock for (1) failed due to (11). The current owner is (29503).
01-12 21:12:10.495 E/SQLiteLog(29369): (10) POSIX Error : 11 SQLite Error : 3850
01-12 21:12:10.495 E/SQLiteLog(29369): (10) LOCK : Getting pending lock for (1) failed due to (11). The current owner is (29503).
01-12 21:12:13.043 E/WifiStaIfaceAidlImpl(31649): getCachedScanData failed with service-specific exception: android.os.ServiceSpecificException:  (code 4)
01-12 21:12:13.093 E/frs     ( 3238): Failed to open /sys/kernel/thermal/frs_nl_id: No such file or directory
01-12 21:12:16.075 E/WifiStaIfaceAidlImpl(31649): getCachedScanData failed with service-specific exception: android.os.ServiceSpecificException:  (code 4)
01-12 21:12:18.094 E/frs     ( 3238): Failed to open /sys/kernel/thermal/frs_nl_id: No such file or directory
01-12 21:12:18.829 E/HeatmapThread( 1169): !@ CAM New BSOH: 100
01-12 21:12:18.836 E/BatteryDump( 1131): !@new_battery_dump : 4215,230,750,850,83,248,248,266,0,258,271,266,0,Charging,NO_CHARGING,Normal,Good,USB,1,Normal,0,0,8580,0x20008000,0x10010000,0x0,0,0,0,v0004,0,0/0-0-0-0,0000,0000,00000000,0,0,0,0,0,0,8,4210,8300,990,0,
01-12 21:12:19.104 E/WifiStaIfaceAidlImpl(31649): getCachedScanData failed with service-specific exception: android.os.ServiceSpecificException:  (code 4)
01-12 21:12:20.506 E/SQLiteLog(29369): (10) POSIX Error : 11 SQLite Error : 3850
01-12 21:12:20.506 E/SQLiteLog(29369): (10) LOCK : Getting pending lock for (1) failed due to (11). The current owner is (29503).
01-12 21:12:20.507 E/SQLiteLog(29369): (10) POSIX Error : 11 SQLite Error : 3850
01-12 21:12:20.507 E/SQLiteLog(29369): (10) LOCK : Getting pending lock for (1) failed due to (11). The current owner is (29503).
01-12 21:12:20.509 E/SQLiteLog(29369): (10) POSIX Error : 11 SQLite Error : 3850
01-12 21:12:20.510 E/SQLiteLog(29369): (10) LOCK : Getting pending lock for (1) failed due to (11). The current owner is (29503).
01-12 21:12:22.131 E/WifiStaIfaceAidlImpl(31649): getCachedScanData failed with service-specific exception: android.os.ServiceSpecificException:  (code 4)
01-12 21:12:23.096 E/frs     ( 3238): Failed to open /sys/kernel/thermal/frs_nl_id: No such file or directory
01-12 21:12:25.164 E/WifiStaIfaceAidlImpl(31649): getCachedScanData failed with service-specific exception: android.os.ServiceSpecificException:  (code 4)
01-12 21:12:25.228 E/e:iwhInfService( 4472): Not starting debugger since process cannot load the jdwp agent.
01-12 21:12:26.318 E/Watchdog(31649): !@Sync: 1864 heap(MB): 126 / 161 FD: 1337 [2026-01-12 21:12:26.318]
01-12 21:12:28.096 E/frs     ( 3238): Failed to open /sys/kernel/thermal/frs_nl_id: No such file or directory
01-12 21:12:28.198 E/WifiStaIfaceAidlImpl(31649): getCachedScanData failed with service-specific exception: android.os.ServiceSpecificException:  (code 4)
01-12 21:12:28.962 E/HeatmapThread( 1169): !@ CAM New BSOH: 100
01-12 21:12:28.969 E/BatteryDump( 1131): !@new_battery_dump : 4215,212,750,850,83,248,248,266,0,258,271,266,0,Charging,NO_CHARGING,Normal,Good,USB,1,Normal,0,0,8580,0x20008000,0x10010000,0x0,0,0,0,v0004,0,0/0-0-0-0,0000,0000,00000000,0,0,0,0,0,0,8,4210,8300,990,0,
01-12 21:12:30.521 E/SQLiteLog(29369): (10) POSIX Error : 11 SQLite Error : 3850
01-12 21:12:30.521 E/SQLiteLog(29369): (10) LOCK : Getting pending lock for (1) failed due to (11). The current owner is (29503).
01-12 21:12:30.523 E/SQLiteLog(29369): (10) POSIX Error : 11 SQLite Error : 3850
01-12 21:12:30.523 E/SQLiteLog(29369): (10) LOCK : Getting pending lock for (1) failed due to (11). The current owner is (29503).
01-12 21:12:30.525 E/SQLiteLog(29369): (10) POSIX Error : 11 SQLite Error : 3850
01-12 21:12:30.525 E/SQLiteLog(29369): (10) LOCK : Getting pending lock for (1) failed due to (11). The current owner is (29503).
01-12 21:12:31.228 E/WifiStaIfaceAidlImpl(31649): getCachedScanData failed with service-specific exception: android.os.ServiceSpecificException:  (code 4)
01-12 21:12:33.098 E/frs     ( 3238): Failed to open /sys/kernel/thermal/frs_nl_id: No such file or directory
01-12 21:12:34.263 E/WifiStaIfaceAidlImpl(31649): getCachedScanData failed with service-specific exception: android.os.ServiceSpecificException:  (code 4)
01-12 21:12:37.293 E/WifiStaIfaceAidlImpl(31649): getCachedScanData failed with service-specific exception: android.os.ServiceSpecificException:  (code 4)
01-12 21:12:38.100 E/frs     ( 3238): Failed to open /sys/kernel/thermal/frs_nl_id: No such file or directory
01-12 21:12:39.104 E/HeatmapThread( 1169): !@ CAM New BSOH: 100
01-12 21:12:39.112 E/BatteryDump( 1131): !@new_battery_dump : 4216,275,750,850,83,249,248,266,0,258,271,266,0,Charging,NO_CHARGING,Normal,Good,USB,1,Normal,0,0,8580,0x20008000,0x10010000,0x0,0,0,0,v0004,0,0/0-0-0-0,0000,0000,00000000,0,0,0,0,0,0,8,4210,8300,990,0,
01-12 21:12:40.331 E/WifiStaIfaceAidlImpl(31649): getCachedScanData failed with service-specific exception: android.os.ServiceSpecificException:  (code 4)
01-12 21:12:40.536 E/SQLiteLog(29369): (10) POSIX Error : 11 SQLite Error : 3850
01-12 21:12:40.537 E/SQLiteLog(29369): (10) LOCK : Getting pending lock for (1) failed due to (11). The current owner is (29503).
01-12 21:12:40.538 E/SQLiteLog(29369): (10) POSIX Error : 11 SQLite Error : 3850
01-12 21:12:40.538 E/SQLiteLog(29369): (10) LOCK : Getting pending lock for (1) failed due to (11). The current owner is (29503).
01-12 21:12:43.101 E/frs     ( 3238): Failed to open /sys/kernel/thermal/frs_nl_id: No such file or directory
01-12 21:12:43.360 E/WifiStaIfaceAidlImpl(31649): getCachedScanData failed with service-specific exception: android.os.ServiceSpecificException:  (code 4)
01-12 21:12:46.387 E/WifiStaIfaceAidlImpl(31649): getCachedScanData failed with service-specific exception: android.os.ServiceSpecificException:  (code 4)
01-12 21:12:48.101 E/frs     ( 3238): Failed to open /sys/kernel/thermal/frs_nl_id: No such file or directory
01-12 21:12:49.251 E/HeatmapThread( 1169): !@ CAM New BSOH: 100
01-12 21:12:49.258 E/BatteryDump( 1131): !@new_battery_dump : 4216,212,750,850,83,249,249,267,0,258,272,267,0,Charging,NO_CHARGING,Normal,Good,USB,1,Normal,0,0,8580,0x20008000,0x10010000,0x0,0,0,0,v0004,0,0/0-0-0-0,0000,0000,00000000,0,0,0,0,0,0,8,4210,8300,990,0,
01-12 21:12:49.401 E/WifiStaIfaceAidlImpl(31649): getCachedScanData failed with service-specific exception: android.os.ServiceSpecificException:  (code 4)
01-12 21:12:50.546 E/SQLiteLog(29369): (10) POSIX Error : 11 SQLite Error : 3850
01-12 21:12:50.546 E/SQLiteLog(29369): (10) LOCK : Getting pending lock for (1) failed due to (11). The current owner is (29503).
01-12 21:12:50.547 E/SQLiteLog(29369): (10) POSIX Error : 11 SQLite Error : 3850
01-12 21:12:50.547 E/SQLiteLog(29369): (10) LOCK : Getting pending lock for (1) failed due to (11). The current owner is (29503).
01-12 21:12:50.550 E/SQLiteLog(29369): (10) POSIX Error : 11 SQLite Error : 3850
01-12 21:12:50.550 E/SQLiteLog(29369): (10) LOCK : Getting pending lock for (1) failed due to (11). The current owner is (29503).
01-12 21:12:52.433 E/WifiStaIfaceAidlImpl(31649): getCachedScanData failed with service-specific exception: android.os.ServiceSpecificException:  (code 4)
01-12 21:12:53.102 E/frs     ( 3238): Failed to open /sys/kernel/thermal/frs_nl_id: No such file or directory
01-12 21:12:55.467 E/WifiStaIfaceAidlImpl(31649): getCachedScanData failed with service-specific exception: android.os.ServiceSpecificException:  (code 4)
01-12 21:12:56.326 E/Watchdog(31649): !@Sync: 1865 heap(MB): 136 / 161 FD: 1337 [2026-01-12 21:12:56.326]
01-12 21:12:58.103 E/frs     ( 3238): Failed to open /sys/kernel/thermal/frs_nl_id: No such file or directory
01-12 21:12:58.498 E/WifiStaIfaceAidlImpl(31649): getCachedScanData failed with service-specific exception: android.os.ServiceSpecificException:  (code 4)
01-12 21:12:59.382 E/HeatmapThread( 1169): !@ CAM New BSOH: 100
01-12 21:12:59.390 E/BatteryDump( 1131): !@new_battery_dump : 4214,242,750,850,83,249,249,267,0,258,272,267,0,Charging,NO_CHARGING,Normal,Good,USB,1,Normal,0,0,8580,0x20008000,0x10010000,0x0,0,0,0,v0004,0,0/0-0-0-0,0000,0000,00000000,0,0,0,0,0,0,8,4211,8310,990,0,
01-12 21:12:59.652 E/SurfaceFlinger( 1175): MtkDuration override mode is disabled
01-12 21:13:00.269 E/SurfaceFlinger( 1175): MtkDuration override mode is disabled
01-12 21:13:00.560 E/SQLiteLog(29369): (10) POSIX Error : 11 SQLite Error : 3850
01-12 21:13:00.560 E/SQLiteLog(29369): (10) LOCK : Getting pending lock for (1) failed due to (11). The current owner is (29503).
01-12 21:13:00.562 E/SQLiteLog(29369): (10) POSIX Error : 11 SQLite Error : 3850
01-12 21:13:00.562 E/SQLiteLog(29369): (10) LOCK : Getting pending lock for (1) failed due to (11). The current owner is (29503).
01-12 21:13:00.564 E/SQLiteLog(29369): (10) POSIX Error : 11 SQLite Error : 3850
01-12 21:13:00.564 E/SQLiteLog(29369): (10) LOCK : Getting pending lock for (1) failed due to (11). The current owner is (29503).
01-12 21:13:01.534 E/WifiStaIfaceAidlImpl(31649): getCachedScanData failed with service-specific exception: android.os.ServiceSpecificException:  (code 4)
01-12 21:13:03.106 E/frs     ( 3238): Failed to open /sys/kernel/thermal/frs_nl_id: No such file or directory
01-12 21:13:04.547 E/WifiStaIfaceAidlImpl(31649): getCachedScanData failed with service-specific exception: android.os.ServiceSpecificException:  (code 4)
01-12 21:13:07.580 E/WifiStaIfaceAidlImpl(31649): getCachedScanData failed with service-specific exception: android.os.ServiceSpecificException:  (code 4)
01-12 21:13:08.108 E/frs     ( 3238): Failed to open /sys/kernel/thermal/frs_nl_id: No such file or directory
01-12 21:13:09.524 E/HeatmapThread( 1169): !@ CAM New BSOH: 100
01-12 21:13:09.530 E/BatteryDump( 1131): !@new_battery_dump : 4215,230,750,850,83,249,249,267,0,259,272,267,0,Charging,NO_CHARGING,Normal,Good,USB,1,Normal,0,0,8580,0x20008000,0x10010000,0x0,0,0,0,v0004,0,0/0-0-0-0,0000,0000,00000000,0,0,0,0,0,0,8,4211,8310,990,0,
01-12 21:13:10.575 E/SQLiteLog(29369): (10) POSIX Error : 11 SQLite Error : 3850
01-12 21:13:10.575 E/SQLiteLog(29369): (10) LOCK : Getting pending lock for (1) failed due to (11). The current owner is (29503).
01-12 21:13:10.608 E/WifiStaIfaceAidlImpl(31649): getCachedScanData failed with service-specific exception: android.os.ServiceSpecificException:  (code 4)
01-12 21:13:13.109 E/frs     ( 3238): Failed to open /sys/kernel/thermal/frs_nl_id: No such file or directory
01-12 21:13:13.627 E/WifiStaIfaceAidlImpl(31649): getCachedScanData failed with service-specific exception: android.os.ServiceSpecificException:  (code 4)
01-12 21:13:16.644 E/WifiStaIfaceAidlImpl(31649): getCachedScanData failed with service-specific exception: android.os.ServiceSpecificException:  (code 4)
01-12 21:13:18.112 E/frs     ( 3238): Failed to open /sys/kernel/thermal/frs_nl_id: No such file or directory
01-12 21:13:19.656 E/HeatmapThread( 1169): !@ CAM New BSOH: 100
01-12 21:13:19.657 E/WifiStaIfaceAidlImpl(31649): getCachedScanData failed with service-specific exception: android.os.ServiceSpecificException:  (code 4)
01-12 21:13:19.663 E/BatteryDump( 1131): !@new_battery_dump : 4216,257,750,850,83,249,249,267,0,258,272,267,0,Charging,NO_CHARGING,Normal,Good,USB,1,Normal,0,0,8580,0x20008000,0x10010000,0x0,0,0,0,v0004,0,0/0-0-0-0,0000,0000,00000000,0,0,0,0,0,0,8,4211,8310,990,0,
01-12 21:13:20.582 E/SQLiteLog(29369): (10) POSIX Error : 11 SQLite Error : 3850
01-12 21:13:20.582 E/SQLiteLog(29369): (10) LOCK : Getting pending lock for (1) failed due to (11). The current owner is (29503).
01-12 21:13:20.583 E/SQLiteLog(29369): (10) POSIX Error : 11 SQLite Error : 3850
01-12 21:13:20.583 E/SQLiteLog(29369): (10) LOCK : Getting pending lock for (1) failed due to (11). The current owner is (29503).
01-12 21:13:22.668 E/WifiStaIfaceAidlImpl(31649): getCachedScanData failed with service-specific exception: android.os.ServiceSpecificException:  (code 4)
01-12 21:13:23.114 E/frs     ( 3238): Failed to open /sys/kernel/thermal/frs_nl_id: No such file or directory
01-12 21:13:25.699 E/WifiStaIfaceAidlImpl(31649): getCachedScanData failed with service-specific exception: android.os.ServiceSpecificException:  (code 4)
01-12 21:13:26.333 E/Watchdog(31649): !@Sync: 1866 heap(MB): 146 / 161 FD: 1339 [2026-01-12 21:13:26.332]
01-12 21:13:28.115 E/frs     ( 3238): Failed to open /sys/kernel/thermal/frs_nl_id: No such file or directory
01-12 21:13:28.730 E/WifiStaIfaceAidlImpl(31649): getCachedScanData failed with service-specific exception: android.os.ServiceSpecificException:  (code 4)
01-12 21:13:28.797 E/e:iwhInfService( 4527): Not starting debugger since process cannot load the jdwp agent.
01-12 21:13:29.803 E/HeatmapThread( 1169): !@ CAM New BSOH: 100
01-12 21:13:29.815 E/BatteryDump( 1131): !@new_battery_dump : 4215,210,750,850,83,249,249,267,0,258,272,267,0,Charging,NO_CHARGING,Normal,Good,USB,1,Normal,0,0,8580,0x20008000,0x10010000,0x0,0,0,0,v0004,0,0/0-0-0-0,0000,0000,00000000,0,0,0,0,0,0,8,4211,8310,990,0,
01-12 21:13:30.591 E/SQLiteLog(29369): (10) POSIX Error : 11 SQLite Error : 3850
01-12 21:13:30.592 E/SQLiteLog(29369): (10) LOCK : Getting pending lock for (1) failed due to (11). The current owner is (29503).
01-12 21:13:30.593 E/SQLiteLog(29369): (10) POSIX Error : 11 SQLite Error : 3850
01-12 21:13:30.593 E/SQLiteLog(29369): (10) LOCK : Getting pending lock for (1) failed due to (11). The current owner is (29503).
01-12 21:13:30.596 E/SQLiteLog(29369): (10) POSIX Error : 11 SQLite Error : 3850
01-12 21:13:30.596 E/SQLiteLog(29369): (10) LOCK : Getting pending lock for (1) failed due to (11). The current owner is (29503).
01-12 21:13:31.772 E/WifiStaIfaceAidlImpl(31649): getCachedScanData failed with service-specific exception: android.os.ServiceSpecificException:  (code 4)
01-12 21:13:32.186 E/WifiStaIfaceAidlImpl(31649): getCachedScanData failed with service-specific exception: android.os.ServiceSpecificException:  (code 4)
01-12 21:13:33.116 E/frs     ( 3238): Failed to open /sys/kernel/thermal/frs_nl_id: No such file or directory
01-12 21:13:34.787 E/WifiStaIfaceAidlImpl(31649): getCachedScanData failed with service-specific exception: android.os.ServiceSpecificException:  (code 4)
01-12 21:13:37.810 E/WifiStaIfaceAidlImpl(31649): getCachedScanData failed with service-specific exception: android.os.ServiceSpecificException:  (code 4)
01-12 21:13:38.116 E/frs     ( 3238): Failed to open /sys/kernel/thermal/frs_nl_id: No such file or directory
01-12 21:13:39.959 E/HeatmapThread( 1169): !@ CAM New BSOH: 100
01-12 21:13:39.966 E/BatteryDump( 1131): !@new_battery_dump : 4216,242,750,850,83,249,249,267,0,258,272,267,0,Charging,NO_CHARGING,Normal,Good,USB,1,Normal,0,0,8580,0x20008000,0x10010000,0x0,0,0,0,v0004,0,0/0-0-0-0,0000,0000,00000000,0,0,0,0,0,0,8,4211,8310,990,0,
01-12 21:13:40.607 E/SQLiteLog(29369): (10) POSIX Error : 11 SQLite Error : 3850
01-12 21:13:40.607 E/SQLiteLog(29369): (10) LOCK : Getting pending lock for (1) failed due to (11). The current owner is (29503).
01-12 21:13:40.608 E/SQLiteLog(29369): (10) POSIX Error : 11 SQLite Error : 3850
01-12 21:13:40.608 E/SQLiteLog(29369): (10) LOCK : Getting pending lock for (1) failed due to (11). The current owner is (29503).
01-12 21:13:40.611 E/SQLiteLog(29369): (10) POSIX Error : 11 SQLite Error : 3850
01-12 21:13:40.611 E/SQLiteLog(29369): (10) LOCK : Getting pending lock for (1) failed due to (11). The current owner is (29503).
01-12 21:13:40.845 E/WifiStaIfaceAidlImpl(31649): getCachedScanData failed with service-specific exception: android.os.ServiceSpecificException:  (code 4)
01-12 21:13:43.117 E/frs     ( 3238): Failed to open /sys/kernel/thermal/frs_nl_id: No such file or directory
01-12 21:13:43.881 E/WifiStaIfaceAidlImpl(31649): getCachedScanData failed with service-specific exception: android.os.ServiceSpecificException:  (code 4)
01-12 21:13:46.910 E/WifiStaIfaceAidlImpl(31649): getCachedScanData failed with service-specific exception: android.os.ServiceSpecificException:  (code 4)
01-12 21:13:48.120 E/frs     ( 3238): Failed to open /sys/kernel/thermal/frs_nl_id: No such file or directory
01-12 21:13:49.941 E/WifiStaIfaceAidlImpl(31649): getCachedScanData failed with service-specific exception: android.os.ServiceSpecificException:  (code 4)
01-12 21:13:50.091 E/HeatmapThread( 1169): !@ CAM New BSOH: 100
01-12 21:13:50.100 E/BatteryDump( 1131): !@new_battery_dump : 4217,227,750,850,83,250,249,267,0,259,272,267,0,Charging,NO_CHARGING,Normal,Good,USB,1,Normal,0,0,8580,0x20008000,0x10010000,0x0,0,0,0,v0004,0,0/0-0-0-0,0000,0000,00000000,0,0,0,0,0,0,8,4211,8310,990,0,
01-12 21:13:52.971 E/WifiStaIfaceAidlImpl(31649): getCachedScanData failed with service-specific exception: android.os.ServiceSpecificException:  (code 4)
01-12 21:13:53.121 E/frs     ( 3238): Failed to open /sys/kernel/thermal/frs_nl_id: No such file or directory
01-12 21:13:56.002 E/WifiStaIfaceAidlImpl(31649): getCachedScanData failed with service-specific exception: android.os.ServiceSpecificException:  (code 4)
01-12 21:13:56.340 E/Watchdog(31649): !@Sync: 1867 heap(MB): 156 / 161 FD: 1339 [2026-01-12 21:13:56.340]
01-12 21:13:58.124 E/frs     ( 3238): Failed to open /sys/kernel/thermal/frs_nl_id: No such file or directory
01-12 21:13:59.032 E/WifiStaIfaceAidlImpl(31649): getCachedScanData failed with service-specific exception: android.os.ServiceSpecificException:  (code 4)
01-12 21:14:00.043 E/SurfaceFlinger( 1175): MtkDuration override mode is disabled
01-12 21:14:00.231 E/HeatmapThread( 1169): !@ CAM New BSOH: 100
01-12 21:14:00.236 E/BatteryDump( 1131): !@new_battery_dump : 4216,205,750,850,83,250,250,268,0,259,272,268,0,Charging,NO_CHARGING,Normal,Good,USB,1,Normal,0,0,8580,0x20008000,0x10010000,0x0,0,0,0,v0004,0,0/0-0-0-0,0000,0000,00000000,0,0,0,0,0,0,8,4211,8310,990,0,
01-12 21:14:00.298 E/SurfaceFlinger( 1175): MtkDuration override mode is disabled
01-12 21:14:02.066 E/WifiStaIfaceAidlImpl(31649): getCachedScanData failed with service-specific exception: android.os.ServiceSpecificException:  (code 4)
01-12 21:14:03.125 E/frs     ( 3238): Failed to open /sys/kernel/thermal/frs_nl_id: No such file or directory
01-12 21:14:05.098 E/WifiStaIfaceAidlImpl(31649): getCachedScanData failed with service-specific exception: android.os.ServiceSpecificException:  (code 4)
01-12 21:14:08.113 E/WifiStaIfaceAidlImpl(31649): getCachedScanData failed with service-specific exception: android.os.ServiceSpecificException:  (code 4)
01-12 21:14:08.126 E/frs     ( 3238): Failed to open /sys/kernel/thermal/frs_nl_id: No such file or directory
01-12 21:14:10.368 E/HeatmapThread( 1169): !@ CAM New BSOH: 100
01-12 21:14:10.376 E/BatteryDump( 1131): !@new_battery_dump : 4216,245,750,850,83,250,250,268,0,259,272,268,0,Charging,NO_CHARGING,Normal,Good,USB,1,Normal,0,0,8580,0x20008000,0x10010000,0x0,0,0,0,v0004,0,0/0-0-0-0,0000,0000,00000000,0,0,0,0,0,0,8,4211,8310,990,0,
01-12 21:14:11.129 E/WifiStaIfaceAidlImpl(31649): getCachedScanData failed with service-specific exception: android.os.ServiceSpecificException:  (code 4)
01-12 21:14:13.129 E/frs     ( 3238): Failed to open /sys/kernel/thermal/frs_nl_id: No such file or directory
01-12 21:14:14.160 E/WifiStaIfaceAidlImpl(31649): getCachedScanData failed with service-specific exception: android.os.ServiceSpecificException:  (code 4)
01-12 21:14:17.190 E/WifiStaIfaceAidlImpl(31649): getCachedScanData failed with service-specific exception: android.os.ServiceSpecificException:  (code 4)
01-12 21:14:18.129 E/frs     ( 3238): Failed to open /sys/kernel/thermal/frs_nl_id: No such file or directory
01-12 21:14:20.223 E/WifiStaIfaceAidlImpl(31649): getCachedScanData failed with service-specific exception: android.os.ServiceSpecificException:  (code 4)
01-12 21:14:20.511 E/HeatmapThread( 1169): !@ CAM New BSOH: 100
01-12 21:14:20.519 E/BatteryDump( 1131): !@new_battery_dump : 4217,257,750,850,83,250,250,268,0,259,273,268,0,Charging,NO_CHARGING,Normal,Good,USB,1,Normal,0,0,8580,0x20008000,0x10010000,0x0,0,0,0,v0004,0,0/0-0-0-0,0000,0000,00000000,0,0,0,0,0,0,8,4211,8310,990,0,
01-12 21:14:20.644 E/SQLiteLog(29369): (10) POSIX Error : 11 SQLite Error : 3850
01-12 21:14:20.645 E/SQLiteLog(29369): (10) LOCK : Getting pending lock for (1) failed due to (11). The current owner is (29503).
01-12 21:14:20.646 E/SQLiteLog(29369): (10) POSIX Error : 11 SQLite Error : 3850
01-12 21:14:20.647 E/SQLiteLog(29369): (10) LOCK : Getting pending lock for (1) failed due to (11). The current owner is (29503).
01-12 21:14:20.912 E/NewsWind(23679): Spage is not enabled
01-12 21:14:20.914 E/NewsWind(23679): Spage is not enabled
01-12 21:14:20.987 E/WifiStaIfaceAidlImpl(31649): getCachedScanData failed with service-specific exception: android.os.ServiceSpecificException:  (code 4)
01-12 21:14:20.998 E/WifiStaIfaceAidlImpl(31649): getCachedScanData failed with service-specific exception: android.os.ServiceSpecificException:  (code 4)
01-12 21:14:21.073 E/WifiStaIfaceAidlImpl(31649): getCachedScanData failed with service-specific exception: android.os.ServiceSpecificException:  (code 4)
01-12 21:14:23.131 E/frs     ( 3238): Failed to open /sys/kernel/thermal/frs_nl_id: No such file or directory
01-12 21:14:23.240 E/WifiStaIfaceAidlImpl(31649): getCachedScanData failed with service-specific exception: android.os.ServiceSpecificException:  (code 4)
01-12 21:14:26.254 E/WifiStaIfaceAidlImpl(31649): getCachedScanData failed with service-specific exception: android.os.ServiceSpecificException:  (code 4)
01-12 21:14:26.346 E/Watchdog(31649): !@Sync: 1868 heap(MB): 133 / 161 FD: 1335 [2026-01-12 21:14:26.345]
01-12 21:14:27.923 E/FreecessController(31649): can't read /proc/4427/comm/proc/4427/comm: open failed: ENOENT (No such file or directory)
01-12 21:14:28.132 E/frs     ( 3238): Failed to open /sys/kernel/thermal/frs_nl_id: No such file or directory
01-12 21:14:28.210 E/WifiStaIfaceAidlImpl(31649): getCachedScanData failed with service-specific exception: android.os.ServiceSpecificException:  (code 4)
01-12 21:14:29.269 E/WifiStaIfaceAidlImpl(31649): getCachedScanData failed with service-specific exception: android.os.ServiceSpecificException:  (code 4)
01-12 21:14:29.332 E/e:iwhInfService( 4585): Not starting debugger since process cannot load the jdwp agent.
01-12 21:14:30.645 E/HeatmapThread( 1169): !@ CAM New BSOH: 100
01-12 21:14:30.651 E/BatteryDump( 1131): !@new_battery_dump : 4218,250,750,850,83,250,250,268,0,263,273,268,0,Charging,NO_CHARGING,Normal,Good,USB,1,Normal,0,0,8580,0x20008000,0x10010000,0x0,0,0,0,v0004,0,0/0-0-0-0,0000,0000,00000000,0,0,0,0,0,0,8,4211,8310,990,0,
01-12 21:14:32.284 E/WifiStaIfaceAidlImpl(31649): getCachedScanData failed with service-specific exception: android.os.ServiceSpecificException:  (code 4)
01-12 21:14:33.135 E/frs     ( 3238): Failed to open /sys/kernel/thermal/frs_nl_id: No such file or directory
01-12 21:14:35.320 E/WifiStaIfaceAidlImpl(31649): getCachedScanData failed with service-specific exception: android.os.ServiceSpecificException:  (code 4)
01-12 21:14:38.136 E/frs     ( 3238): Failed to open /sys/kernel/thermal/frs_nl_id: No such file or directory
01-12 21:14:38.354 E/WifiStaIfaceAidlImpl(31649): getCachedScanData failed with service-specific exception: android.os.ServiceSpecificException:  (code 4)
01-12 21:14:40.657 E/SQLiteLog(29369): (10) POSIX Error : 11 SQLite Error : 3850
01-12 21:14:40.658 E/SQLiteLog(29369): (10) LOCK : Getting pending lock for (1) failed due to (11). The current owner is (29503).
01-12 21:14:40.659 E/SQLiteLog(29503): (10) POSIX Error : 11 SQLite Error : 3850
01-12 21:14:40.659 E/SQLiteLog(29369): (10) POSIX Error : 11 SQLite Error : 3850
01-12 21:14:40.659 E/SQLiteLog(29369): (10) LOCK : Getting lock (2) failed due to (11). The current owner is (29503).
01-12 21:14:40.659 E/SQLiteLog(29503): (10) LOCK : Getting lock (4) failed due to (11). The current owner is (29369).
01-12 21:14:40.662 E/SQLiteLog(29369): (10) POSIX Error : 11 SQLite Error : 3850
01-12 21:14:40.662 E/SQLiteLog(29369): (10) LOCK : Getting pending lock for (1) failed due to (11). The current owner is (29503).
01-12 21:14:40.791 E/HeatmapThread( 1169): !@ CAM New BSOH: 100
01-12 21:14:40.793 E/BatteryDump( 1131): !@new_battery_dump : 4217,262,750,850,83,250,250,268,0,261,274,268,0,Charging,NO_CHARGING,Normal,Good,USB,1,Normal,0,0,8580,0x20008000,0x10010000,0x0,0,0,0,v0004,0,0/0-0-0-0,0000,0000,00000000,0,0,0,0,0,0,8,4211,8310,990,0,
01-12 21:14:41.384 E/WifiStaIfaceAidlImpl(31649): getCachedScanData failed with service-specific exception: android.os.ServiceSpecificException:  (code 4)
01-12 21:14:43.137 E/frs     ( 3238): Failed to open /sys/kernel/thermal/frs_nl_id: No such file or directory
01-12 21:14:44.417 E/WifiStaIfaceAidlImpl(31649): getCachedScanData failed with service-specific exception: android.os.ServiceSpecificException:  (code 4)
01-12 21:14:47.450 E/WifiStaIfaceAidlImpl(31649): getCachedScanData failed with service-specific exception: android.os.ServiceSpecificException:  (code 4)
01-12 21:14:48.140 E/frs     ( 3238): Failed to open /sys/kernel/thermal/frs_nl_id: No such file or directory
01-12 21:14:50.460 E/WifiStaIfaceAidlImpl(31649): getCachedScanData failed with service-specific exception: android.os.ServiceSpecificException:  (code 4)
01-12 21:14:50.672 E/SQLiteLog(29369): (10) POSIX Error : 11 SQLite Error : 3850
01-12 21:14:50.672 E/SQLiteLog(29503): (10) POSIX Error : 11 SQLite Error : 3850
01-12 21:14:50.673 E/SQLiteLog(29503): (10) LOCK : Getting lock (2) failed due to (11). The current owner is (29369).
01-12 21:14:50.673 E/SQLiteLog(29369): (10) LOCK : Getting lock (4) failed due to (11). The current owner is (29503).
01-12 21:14:50.674 E/SQLiteLog(29503): (10) POSIX Error : 11 SQLite Error : 3850
01-12 21:14:50.674 E/SQLiteLog(29503): (10) LOCK : Getting pending lock for (1) failed due to (11). The current owner is (29369).
01-12 21:14:50.676 E/SQLiteLog(29503): (10) POSIX Error : 11 SQLite Error : 3850
01-12 21:14:50.676 E/SQLiteLog(29369): (10) POSIX Error : 11 SQLite Error : 3850
01-12 21:14:50.677 E/SQLiteLog(29503): (10) LOCK : Getting lock (4) failed due to (11). The current owner is (29369).
01-12 21:14:50.677 E/SQLiteLog(29369): (10) LOCK : Getting lock (2) failed due to (11). The current owner is (29503).
01-12 21:14:50.678 E/SQLiteLog(29369): (10) POSIX Error : 11 SQLite Error : 3850
01-12 21:14:50.678 E/SQLiteLog(29369): (10) LOCK : Getting pending lock for (1) failed due to (11). The current owner is (29503).
01-12 21:14:50.680 E/SQLiteLog(29369): (10) POSIX Error : 11 SQLite Error : 3850
01-12 21:14:50.680 E/SQLiteLog(29369): (10) LOCK : Getting pending lock for (1) failed due to (11). The current owner is (29503).
01-12 21:14:50.937 E/HeatmapThread( 1169): !@ CAM New BSOH: 100
01-12 21:14:50.941 E/BatteryDump( 1131): !@new_battery_dump : 4217,110,750,850,83,250,250,268,0,261,274,268,0,Charging,NO_CHARGING,Normal,Good,USB,1,Normal,0,0,8580,0x20008000,0x10010000,0x0,0,0,0,v0004,0,0/0-0-0-0,0000,0000,00000000,0,0,0,0,0,0,8,4211,8310,990,0,
01-12 21:14:53.141 E/frs     ( 3238): Failed to open /sys/kernel/thermal/frs_nl_id: No such file or directory
01-12 21:14:53.491 E/WifiStaIfaceAidlImpl(31649): getCachedScanData failed with service-specific exception: android.os.ServiceSpecificException:  (code 4)
01-12 21:14:56.354 E/Watchdog(31649): !@Sync: 1869 heap(MB): 146 / 161 FD: 1335 [2026-01-12 21:14:56.354]
01-12 21:14:56.504 E/WifiStaIfaceAidlImpl(31649): getCachedScanData failed with service-specific exception: android.os.ServiceSpecificException:  (code 4)
01-12 21:14:58.142 E/frs     ( 3238): Failed to open /sys/kernel/thermal/frs_nl_id: No such file or directory
01-12 21:14:59.533 E/WifiStaIfaceAidlImpl(31649): getCachedScanData failed with service-specific exception: android.os.ServiceSpecificException:  (code 4)
01-12 21:15:00.048 E/SurfaceFlinger( 1175): MtkDuration override mode is disabled
01-12 21:15:00.302 E/SurfaceFlinger( 1175): MtkDuration override mode is disabled
01-12 21:15:00.689 E/SQLiteLog(29369): (10) POSIX Error : 11 SQLite Error : 3850
01-12 21:15:00.689 E/SQLiteLog(29369): (10) LOCK : Getting pending lock for (1) failed due to (11). The current owner is (29503).
01-12 21:15:00.691 E/SQLiteLog(29369): (10) POSIX Error : 11 SQLite Error : 3850
01-12 21:15:00.691 E/SQLiteLog(29369): (10) LOCK : Getting pending lock for (1) failed due to (11). The current owner is (29503).
01-12 21:15:00.693 E/SQLiteLog(29369): (10) POSIX Error : 11 SQLite Error : 3850
01-12 21:15:00.693 E/SQLiteLog(29369): (10) LOCK : Getting pending lock for (1) failed due to (11). The current owner is (29503).
01-12 21:15:01.067 E/HeatmapThread( 1169): !@ CAM New BSOH: 100
01-12 21:15:01.071 E/BatteryDump( 1131): !@new_battery_dump : 4217,195,750,850,83,251,250,268,0,260,274,268,0,Charging,NO_CHARGING,Normal,Good,USB,1,Normal,0,0,8580,0x20008000,0x10010000,0x0,0,0,0,v0004,0,0/0-0-0-0,0000,0000,00000000,0,0,0,0,0,0,8,4211,8310,990,0,
01-12 21:15:02.544 E/WifiStaIfaceAidlImpl(31649): getCachedScanData failed with service-specific exception: android.os.ServiceSpecificException:  (code 4)
01-12 21:15:03.145 E/frs     ( 3238): Failed to open /sys/kernel/thermal/frs_nl_id: No such file or directory
01-12 21:15:05.562 E/WifiStaIfaceAidlImpl(31649): getCachedScanData failed with service-specific exception: android.os.ServiceSpecificException:  (code 4)
01-12 21:15:08.146 E/frs     ( 3238): Failed to open /sys/kernel/thermal/frs_nl_id: No such file or directory
01-12 21:15:08.578 E/WifiStaIfaceAidlImpl(31649): getCachedScanData failed with service-specific exception: android.os.ServiceSpecificException:  (code 4)
01-12 21:15:10.704 E/SQLiteLog(29369): (10) POSIX Error : 11 SQLite Error : 3850
01-12 21:15:10.705 E/SQLiteLog(29369): (10) LOCK : Getting pending lock for (1) failed due to (11). The current owner is (29503).
01-12 21:15:10.706 E/SQLiteLog(29369): (10) POSIX Error : 11 SQLite Error : 3850
01-12 21:15:10.706 E/SQLiteLog(29369): (10) LOCK : Getting pending lock for (1) failed due to (11). The current owner is (29503).
01-12 21:15:10.708 E/SQLiteLog(29369): (10) POSIX Error : 11 SQLite Error : 3850
01-12 21:15:10.708 E/SQLiteLog(29369): (10) LOCK : Getting pending lock for (1) failed due to (11). The current owner is (-1431655766).
01-12 21:15:11.211 E/HeatmapThread( 1169): !@ CAM New BSOH: 100
01-12 21:15:11.215 E/BatteryDump( 1131): !@new_battery_dump : 4217,277,750,850,83,251,250,269,0,261,273,269,0,Charging,NO_CHARGING,Normal,Good,USB,1,Normal,0,0,8580,0x20008000,0x10010000,0x0,0,0,0,v0004,0,0/0-0-0-0,0000,0000,00000000,0,0,0,0,0,0,8,4211,8310,990,0,
01-12 21:15:11.595 E/WifiStaIfaceAidlImpl(31649): getCachedScanData failed with service-specific exception: android.os.ServiceSpecificException:  (code 4)
01-12 21:15:13.147 E/frs     ( 3238): Failed to open /sys/kernel/thermal/frs_nl_id: No such file or directory
01-12 21:15:14.626 E/WifiStaIfaceAidlImpl(31649): getCachedScanData failed with service-specific exception: android.os.ServiceSpecificException:  (code 4)
01-12 21:15:17.644 E/WifiStaIfaceAidlImpl(31649): getCachedScanData failed with service-specific exception: android.os.ServiceSpecificException:  (code 4)
01-12 21:15:18.149 E/frs     ( 3238): Failed to open /sys/kernel/thermal/frs_nl_id: No such file or directory
01-12 21:15:20.679 E/WifiStaIfaceAidlImpl(31649): getCachedScanData failed with service-specific exception: android.os.ServiceSpecificException:  (code 4)
01-12 21:15:20.719 E/SQLiteLog(29369): (10) POSIX Error : 11 SQLite Error : 3850
01-12 21:15:20.720 E/SQLiteLog(29369): (10) LOCK : Getting pending lock for (1) failed due to (11). The current owner is (-1431655766).
01-12 21:15:20.721 E/SQLiteLog(29369): (10) POSIX Error : 11 SQLite Error : 3850
01-12 21:15:20.721 E/SQLiteLog(29369): (10) LOCK : Getting pending lock for (1) failed due to (11). The current owner is (29503).
01-12 21:15:21.342 E/HeatmapThread( 1169): !@ CAM New BSOH: 100
01-12 21:15:21.344 E/BatteryDump( 1131): !@new_battery_dump : 4217,225,750,850,84,251,251,269,0,261,273,269,0,Charging,NO_CHARGING,Normal,Good,USB,1,Normal,0,0,8580,0x20008000,0x10010000,0x0,0,0,0,v0004,0,0/0-0-0-0,0000,0000,00000000,0,0,0,0,0,0,8,4212,8320,990,0,
01-12 21:15:21.406 E/SurfaceFlinger( 1175): MtkDuration override mode is disabled
01-12 21:15:22.113 E/SurfaceFlinger( 1175): MtkDuration override mode is disabled
01-12 21:15:23.153 E/frs     ( 3238): Failed to open /sys/kernel/thermal/frs_nl_id: No such file or directory
01-12 21:15:23.693 E/WifiStaIfaceAidlImpl(31649): getCachedScanData failed with service-specific exception: android.os.ServiceSpecificException:  (code 4)
01-12 21:15:26.360 E/Watchdog(31649): !@Sync: 1870 heap(MB): 159 / 161 FD: 1337 [2026-01-12 21:15:26.359]
01-12 21:15:26.723 E/WifiStaIfaceAidlImpl(31649): getCachedScanData failed with service-specific exception: android.os.ServiceSpecificException:  (code 4)
01-12 21:15:28.154 E/frs     ( 3238): Failed to open /sys/kernel/thermal/frs_nl_id: No such file or directory
01-12 21:15:29.737 E/WifiStaIfaceAidlImpl(31649): getCachedScanData failed with service-specific exception: android.os.ServiceSpecificException:  (code 4)
01-12 21:15:30.729 E/SQLiteLog(29369): (10) POSIX Error : 11 SQLite Error : 3850
01-12 21:15:30.729 E/SQLiteLog(29369): (10) LOCK : Getting pending lock for (1) failed due to (11). The current owner is (29503).
01-12 21:15:30.730 E/SQLiteLog(29369): (10) POSIX Error : 11 SQLite Error : 3850
01-12 21:15:30.731 E/SQLiteLog(29369): (10) LOCK : Getting pending lock for (1) failed due to (11). The current owner is (29503).
01-12 21:15:31.482 E/HeatmapThread( 1169): !@ CAM New BSOH: 100
01-12 21:15:31.484 E/BatteryDump( 1131): !@new_battery_dump : 4217,240,750,850,84,251,251,269,0,261,274,269,0,Charging,NO_CHARGING,Normal,Good,USB,1,Normal,0,0,8580,0x20008000,0x10010000,0x0,0,0,0,v0004,0,0/0-0-0-0,0000,0000,00000000,0,0,0,0,0,0,8,4212,8320,990,0,
01-12 21:15:32.752 E/WifiStaIfaceAidlImpl(31649): getCachedScanData failed with service-specific exception: android.os.ServiceSpecificException:  (code 4)
01-12 21:15:32.804 E/e:iwhInfService( 4638): Not starting debugger since process cannot load the jdwp agent.
01-12 21:15:33.157 E/frs     ( 3238): Failed to open /sys/kernel/thermal/frs_nl_id: No such file or directory
01-12 21:15:35.785 E/WifiStaIfaceAidlImpl(31649): getCachedScanData failed with service-specific exception: android.os.ServiceSpecificException:  (code 4)
01-12 21:15:38.158 E/frs     ( 3238): Failed to open /sys/kernel/thermal/frs_nl_id: No such file or directory
01-12 21:15:38.453 E/FileSystemUtils(31649): fallocate failed to punch hole: Operation not supported on transport endpoint
01-12 21:15:38.593 E/AbstractLogEventBuilder(28604): The provided ProductIdOrigin 3 is not one of the process-level expected values: 1 or 2
01-12 21:15:38.757 E/AbstractLogEventBuilder(28604): The provided ProductIdOrigin 3 is not one of the process-level expected values: 1 or 2
01-12 21:15:38.796 E/WifiStaIfaceAidlImpl(31649): getCachedScanData failed with service-specific exception: android.os.ServiceSpecificException:  (code 4)
01-12 21:15:39.252 E/AbstractLogEventBuilder(28604): The provided ProductIdOrigin 3 is not one of the process-level expected values: 1 or 2
01-12 21:15:39.254 E/AbstractLogEventBuilder(28604): The provided ProductIdOrigin 3 is not one of the process-level expected values: 1 or 2
01-12 21:15:39.361 E/SurfaceFlinger( 1175): MtkDuration override mode is disabled
01-12 21:15:39.385 E/LoadedApk(11220): Exception : java.lang.NullPointerException: Attempt to invoke virtual method 'boolean android.os.Looper.isPerfLogEnable()' on a null object reference
01-12 21:15:39.385 E/LoadedApk(11220): Exception : java.lang.NullPointerException: Attempt to invoke virtual method 'boolean android.os.Looper.isPerfLogEnable()' on a null object reference
