01-12 21:00:10.181 E/SurfaceFlinger( 1175): MtkDuration override mode is disabled
01-12 21:00:10.553 E/SurfaceFlinger( 1175): MtkDuration override mode is disabled
01-12 21:00:10.893 E/WindowManager(31649): win=Window{e5cfb55 u0 com.sec.android.app.launcher/com.samsung.app.honeyspace.edge.edgepanel.app.CocktailBarService} destroySurfaces: appStopped=true cleanupOnResume=false win.mWindowRemovalAllowed=false win.mRemoveOnExit=false win.mViewVisibility=8 caller=com.android.server.wm.WindowManagerService.tryStartExitingAnimation:134 com.android.server.wm.WindowManagerService.relayoutWindow:1138 com.android.server.wm.Session.relayout:27 android.view.IWindowSession$Stub.onTransact:829 com.android.server.wm.Session.onTransact:1 android.os.Binder.execTransactInternal:1457 android.os.Binder.execTransact:1401 
01-12 21:00:10.923 E/WindowManager(31649): win=Window{f673677 u0 Handle Input Layer of task 173} destroySurfaces: appStopped=true cleanupOnResume=false win.mWindowRemovalAllowed=false win.mRemoveOnExit=false win.mViewVisibility=8 caller=com.android.server.wm.WindowManagerService.tryStartExitingAnimation:134 com.android.server.wm.WindowManagerService.relayoutWindow:1138 com.android.server.wm.Session.relayout:27 android.view.IWindowSession$Stub.onTransact:829 com.android.server.wm.Session.onTransact:1 android.os.Binder.execTransactInternal:1462 android.os.Binder.execTransact:1401 
01-12 21:00:11.523 E/SurfaceFlinger( 1175): MtkDuration override mode is disabled
01-12 21:00:12.013 E/SurfaceFlinger( 1175): MtkDuration override mode is disabled
01-12 21:00:12.099 E/SurfaceFlinger( 1175): alpha changed 1.000 -> 0.000 - Surface(name=64fd240 StatusBar)/@0x224bcee - animation-leash of insets_animation#12145
01-12 21:00:12.099 E/SurfaceFlinger( 1175): alpha changed 1.000 -> 0.000 - Surface(name=5348d98 TaskbarWindow)/@0x2ef9b40 - animation-leash of insets_animation#12146
01-12 21:00:12.115 E/SurfaceFlinger( 1175): alpha changed 0.000 -> 1.000 - Surface(name=5348d98 TaskbarWindow)/@0x2ef9b40 - animation-leash of insets_animation#12146
01-12 21:00:12.115 E/SurfaceFlinger( 1175): alpha changed 0.000 -> 1.000 - Surface(name=64fd240 StatusBar)/@0x224bcee - animation-leash of insets_animation#12145
01-12 21:00:12.407 E/FreecessController(31649): can't read /proc/5969/comm/proc/5969/comm: open failed: ENOENT (No such file or directory)
01-12 21:00:12.888 E/frs     ( 3238): Failed to open /sys/kernel/thermal/frs_nl_id: No such file or directory
01-12 21:00:13.069 E/HoneySpace.BaseRecentsView(32583): setChildCornerInfo, invalid position = -1
01-12 21:00:13.100 E/SurfaceFlinger( 1175): alpha changed 1.000 -> 0.000 - Surface(name=TransientLaunchOverlayToken{99858f8 token=android.os.BinderProxy@a76685b})/@0xcb53880_transition-leash#12153
01-12 21:00:13.100 E/SurfaceFlinger( 1175): alpha changed 1.000 -> 0.000 - Surface(name=Task=129)/@0x3603eb9_transition-leash#12154
01-12 21:00:13.117 E/SurfaceFlinger( 1175): alpha changed 0.000 -> 1.000 - Surface(name=Task=129)/@0x3603eb9_transition-leash#12154
01-12 21:00:13.117 E/SurfaceFlinger( 1175): alpha changed 0.000 -> 1.000 - Surface(name=TransientLaunchOverlayToken{99858f8 token=android.os.BinderProxy@a76685b})/@0xcb53880_transition-leash#12153
01-12 21:00:13.147 E/WifiStaIfaceAidlImpl(31649): getCachedScanData failed with service-specific exception: android.os.ServiceSpecificException:  (code 4)
01-12 21:00:13.456 E/TransitionChain(31649): Can't collect into a chain with no transition
01-12 21:00:13.494 E/WindowManager(31649): win=Window{a4346f3 u0 com.lessonplanner.browser/com.lessonplanner.browser.MainActivity} destroySurfaces: appStopped=true cleanupOnResume=false win.mWindowRemovalAllowed=false win.mRemoveOnExit=false win.mViewVisibility=4 caller=com.android.server.wm.ActivityRecord.destroySurfaces:25 com.android.server.wm.ActivityRecord.activityStopped:192 com.android.server.wm.ActivityClientController.activityStopped:97 android.app.IActivityClientController$Stub.onTransact:740 com.android.server.wm.ActivityClientController.onTransact:1 android.os.Binder.execTransactInternal:1462 android.os.Binder.execTransact:1401 
01-12 21:00:13.506 E/AccessibilityService(20444): bindInput must be paired with unbindInput.
01-12 21:00:13.534 E/SurfaceFlinger( 1175): alpha changed 1.000 -> 0.000 - Surface(name=c3490d1 InputMethod)/@0xd5ce0c2 - animation-leash of insets_animation#12158
01-12 21:00:13.889 E/SurfaceFlinger( 1175): MtkDuration override mode is disabled
01-12 21:00:14.973 E/SurfaceFlinger( 1175): MtkDuration override mode is disabled
01-12 21:00:15.087 E/TelephonyManager(32122): Error in getUiccCardsInfo: unable to connect to Telephony service.
01-12 21:00:15.093 E/TelephonyManager(32122): Error in getUiccCardsInfo: unable to connect to Telephony service.
01-12 21:00:15.095 E/TelephonyManager(32122): Error in getUiccCardsInfo: unable to connect to Telephony service.
01-12 21:00:15.190 E/WindowManager(31649): win=Window{e5cfb55 u0 com.sec.android.app.launcher/com.samsung.app.honeyspace.edge.edgepanel.app.CocktailBarService} destroySurfaces: appStopped=true cleanupOnResume=false win.mWindowRemovalAllowed=false win.mRemoveOnExit=false win.mViewVisibility=8 caller=com.android.server.wm.WindowManagerService.tryStartExitingAnimation:134 com.android.server.wm.WindowManagerService.relayoutWindow:1138 com.android.server.wm.Session.relayout:27 android.view.IWindowSession$Stub.onTransact:829 com.android.server.wm.Session.onTransact:1 android.os.Binder.execTransactInternal:1457 android.os.Binder.execTransact:1401 
01-12 21:00:15.437 E/BluetoothRemoteDevices(20812): mSocketConnectedCount 0
01-12 21:00:15.449 E/BluetoothRemoteDevices(20812): mSocketConnectedCount 0
01-12 21:00:15.459 E/BluetoothRemoteDevices(20812): mSocketConnectedCount 0
01-12 21:00:15.467 E/BluetoothRemoteDevices(20812): mSocketConnectedCount 0
01-12 21:00:15.942 E/SurfaceFlinger( 1175): MtkDuration override mode is disabled
01-12 21:00:16.168 E/WifiStaIfaceAidlImpl(31649): getCachedScanData failed with service-specific exception: android.os.ServiceSpecificException:  (code 4)
01-12 21:00:16.212 E/SurfaceFlinger( 1175): MtkDuration override mode is disabled
01-12 21:00:16.347 E/Routine@Core[4.9.07.1]: ReflectionStatusBarManager( 1754): setIcon: invokeMethod return null
01-12 21:00:16.347 E/Routine@Core[4.9.07.1]: ReflectionStatusBarManager( 1754): setIconVisibility: invokeMethod return null
01-12 21:00:16.359 E/Routine@Core[4.9.07.1]: ResultCode.FailCustomCode( 1754): fromValidState: failed to parse. validState=0x1
01-12 21:00:16.361 E/Routine@Core[4.9.07.1]: ReflectionStatusBarManager( 1754): setIcon: invokeMethod return null
01-12 21:00:16.361 E/Routine@Core[4.9.07.1]: ReflectionStatusBarManager( 1754): setIconVisibility: invokeMethod return null
01-12 21:00:16.362 E/Routine@Core[4.9.07.1]: BuiltInActionFactory( 1754): getActionHandler: not supported action tag=dc_power_mode_action
01-12 21:00:16.362 E/Routine@Core[4.9.07.1]: ResultCode.FailCustomCode( 1754): fromValidState: failed to parse. validState=0x1
01-12 21:00:16.362 E/id.app.routines( 1754): Resource 7f130409 is a complex map type.
01-12 21:00:16.369 E/Routine@Core[4.9.07.1]: ReflectionStatusBarManager( 1754): removeIcon: invokeMethod return null
01-12 21:00:16.376 E/Routine@Core[4.9.07.1]: ReflectionStatusBarManager( 1754): removeIcon: invokeMethod return null
01-12 21:00:16.379 E/Routine@Core[4.9.07.1]: ReflectionStatusBarManager( 1754): removeIcon: invokeMethod return null
01-12 21:00:16.383 E/Routine@Core[4.9.07.1]: ReflectionStatusBarManager( 1754): removeIcon: invokeMethod return null
01-12 21:00:16.386 E/Routine@Core[4.9.07.1]: WearNodeHelper( 1754): getConnectedNearlyNodes: ExecutionException - java.util.concurrent.ExecutionException: com.google.android.gms.common.api.ApiException: 17: API: Wearable.API is not available on this device. Connection failed with: ConnectionResult{statusCode=API_UNAVAILABLE, resolution=null, message=null}
01-12 21:00:16.387 E/Routine@Core[4.9.07.1]: WearNodeManagerImpl( 1754): getNodeId: exception - com.google.android.gms.common.api.ApiException: 17: API: Wearable.API is not available on this device. Connection failed with: ConnectionResult{statusCode=API_UNAVAILABLE, resolution=null, message=null}
01-12 21:00:16.389 E/ResolutionUtils(29157): DISPLAY_SIZE_FORCED is null or empty. Get resolution using getUserDisplaySize()
01-12 21:00:16.407 E/SurfaceFlinger( 1175): MtkDuration override mode is disabled
01-12 21:00:16.418 E/Routine@Core[4.9.07.1]: TASKD/V3ActionTaskAdapterImpl( 1754): toExecutionResult - result bundle is null!
01-12 21:00:16.419 E/Routine@Core[4.9.07.1]: AiSearch@SearchRoutineDataObserver( 1754): updateAction: failed to parse. actionId=id
01-12 21:00:16.421 E/Routine@Core[4.9.07.1]: ResultCode.FailCustomCode( 1754): fromValidState: failed to parse. validState=0x1
01-12 21:00:16.421 E/Routine@Core[4.9.07.1]: AiSearch@SearchRoutineDataObserver( 1754): updateAction: failed to parse. actionId=id
01-12 21:00:16.421 E/Routine@Core[4.9.07.1]: AiSearch@SearchRoutineDataObserver( 1754): updateAction: failed to parse. actionId=id
01-12 21:00:16.422 E/Routine@Core[4.9.07.1]: BuiltInActionFactory( 1754): getActionHandler: not supported action tag=as_volume
01-12 21:00:16.422 E/Routine@Core[4.9.07.1]: ResultCode.FailCustomCode( 1754): fromValidState: failed to parse. validState=0x1
01-12 21:00:16.426 E/Routine@Core[4.9.07.1]: ReflectionStatusBarManager( 1754): removeIcon: invokeMethod return null
01-12 21:00:16.427 E/Routine@Core[4.9.07.1]: AiSearch@SearchRoutineDataObserver( 1754): updateAction: failed to parse. actionId=id
01-12 21:00:16.428 E/Routine@Core[4.9.07.1]: AiSearch@SearchRoutineDataObserver( 1754): updateAction: failed to parse. actionId=id
01-12 21:00:16.428 E/Routine@Core[4.9.07.1]: ResultCode.FailCustomCode( 1754): fromValidState: failed to parse. validState=0x1
01-12 21:00:16.428 E/Routine@Core[4.9.07.1]: AiSearch@SearchRoutineDataObserver( 1754): updateAction: failed to parse. actionId=id
01-12 21:00:16.429 E/Routine@Core[4.9.07.1]: BuiltInActionFactory( 1754): getActionHandler: not supported action tag=sec_eye_comfort_shield_routine
01-12 21:00:16.429 E/Routine@Core[4.9.07.1]: ResultCode.FailCustomCode( 1754): fromValidState: failed to parse. validState=0x1
01-12 21:00:16.431 E/ScanManager(20812): [GSIM LOG]: gsimLogHandler, msg: MESSAGE_SCAN_START, appName: com.google.android.gms, scannerId: 11, reportDelayMillis=0
01-12 21:00:16.434 E/Routine@Core[4.9.07.1]: AiSearch@SearchRoutineDataObserver( 1754): updateAction: failed to parse. actionId=id
01-12 21:00:16.435 E/Routine@Core[4.9.07.1]: AiSearch@SearchRoutineDataObserver( 1754): updateAction: failed to parse. actionId=id
01-12 21:00:16.435 E/Routine@Core[4.9.07.1]: ReflectionStatusBarManager( 1754): removeIcon: invokeMethod return null
01-12 21:00:16.436 E/Routine@Core[4.9.07.1]: AiSearch@SearchRoutineDataObserver( 1754): updateAction: failed to parse. actionId=id
01-12 21:00:16.438 E/Routine@Core[4.9.07.1]: PendingActionRepository( 1754): load: invalid data format - []
01-12 21:00:16.438 E/Routine@Core[4.9.07.1]: ResultCode.FailCustomCode( 1754): fromValidState: failed to parse. validState=0x1
01-12 21:00:16.439 E/Routine@Core[4.9.07.1]: AiSearch@SearchRoutineDataObserver( 1754): updateAction: failed to parse. actionId=id
01-12 21:00:16.442 E/Routine@Core[4.9.07.1]: ReflectionStatusBarManager( 1754): removeIcon: invokeMethod return null
01-12 21:00:16.443 E/Routine@Core[4.9.07.1]: TASKD/RecoveryParameterResolver( 1754): recoverAction - no actions to be recovered. action=RoutineAction(meta=ActionMeta(id=115, tag=dark_mode_v3, packageName=com.samsung.android.app.routines, componentName=null, componentType=v3, labelResourceId=2131887540, subLabelResourceId=-1, enabledLabelResourceId=0, negativeEnabledLabelResourceId=0, _isSupportNegative=0, descriptionResourceId=0, iconResourceId=2131231269, configActivity=com.samsung.android.app.routines/.preloadproviders.display.darkmode.actions.NightModeConfigActivity, category=display_setting, defaultParameter=null, defaultParameterLabel=null, uri=null, correctParam=null, parameterSpecSet=null, supportState=1, attributes=, version=1, defaultLabel=Dark mode), _instance=ActionInstance(id=9, uuid=4345042370304884876, routineId=3, parameterRepresentation=On, param={"enable_dark_mode":"{\"TYPE\":\"STRING\",\"VALUE\":\"2\"}"}, recoveryParamLabel=null, recoveryParam={"enable_dark_theme":"{\"TYPE\":\"BOOLEAN\",\"VALUE\":\"true\"}","enable_dark_mode":"{\"TYPE\":\"STRING\",\"VALUE\":\"2\"}"}, isNegative=0, timestamp=0, validState=3, extra=ORDERING_INDEX&2;RECOVERY_TYPE&0;PERFORM_ACTION_RESULT&1))
01-12 21:00:16.444 E/Routine@Core[4.9.07.1]: AiSearch@SearchRoutineDataObserver( 1754): updateAction: failed to parse. actionId=id
01-12 21:00:16.445 E/Routine@Core[4.9.07.1]: AiSearch@SearchRoutineDataObserver( 1754): updateAction: failed to parse. actionId=id
01-12 21:00:16.445 E/Routine@SdkCore[3.1.20]: ParameterFactory( 1754): fromJsonString: failed to parse as RawParameter. jsonString=true
01-12 21:00:16.445 E/Routine@Core[4.9.07.1]: ResultCode.FailCustomCode( 1754): fromValidState: failed to parse. validState=0x1
01-12 21:00:16.445 E/Routine@Core[4.9.07.1]: ReflectionStatusBarManager( 1754): removeIcon: invokeMethod return null
01-12 21:00:16.446 E/Routine@SdkCore[3.1.20]: ParameterFactory( 1754): fromJsonString: failed to parse as RawParameter. jsonString=false
01-12 21:00:16.448 E/Routine@Core[4.9.07.1]: AiSearch@SearchRoutineDataObserver( 1754): updateAction: failed to parse. actionId=id
01-12 21:00:16.449 E/Routine@Core[4.9.07.1]: ReflectionStatusBarManager( 1754): removeIcon: invokeMethod return null
01-12 21:00:16.449 E/Routine@Core[4.9.07.1]: AiSearch@SearchRoutineDataObserver( 1754): updateAction: failed to parse. actionId=id
01-12 21:00:16.449 E/Routine@Core[4.9.07.1]: AiSearch@SearchRoutineDataObserver( 1754): updateAction: failed to parse. actionId=id
01-12 21:00:16.449 E/Routine@Core[4.9.07.1]: ResultCode.FailCustomCode( 1754): fromValidState: failed to parse. validState=0x1
01-12 21:00:16.451 E/Routine@Core[4.9.07.1]: BuiltInActionFactory( 1754): getActionHandler: not supported action tag=LifeStyle/DND
01-12 21:00:16.451 E/Routine@Core[4.9.07.1]: ResultCode.FailCustomCode( 1754): fromValidState: failed to parse. validState=0x1
01-12 21:00:16.452 E/Routine@Core[4.9.07.1]: ReflectionStatusBarManager( 1754): removeIcon: invokeMethod return null
01-12 21:00:16.455 E/Routine@Core[4.9.07.1]: ReflectionStatusBarManager( 1754): removeIcon: invokeMethod return null
01-12 21:00:16.459 E/AHAL_Module(31494): setVendorParameters: default: unrecognized parameter "g_effect_to_mono_enable=false"
01-12 21:00:16.459 E/ConversionHelperAidl(31487): Function: parseAndSetVendorParameters Line: 94 Failed 
01-12 21:00:16.459 E/Routine@Core[4.9.07.1]: ReflectionStatusBarManager( 1754): removeIcon: invokeMethod return null
01-12 21:00:16.460 E/Routine@Core[4.9.07.1]: AiSearch@SearchRoutineDataObserver( 1754): updateAction: failed to parse. actionId=id
01-12 21:00:16.460 E/AHAL_Module(31494): setVendorParameters: default: unrecognized parameter "g_effect_sound_balance_value=50"
01-12 21:00:16.460 E/ConversionHelperAidl(31487): Function: parseAndSetVendorParameters Line: 94 Failed 
01-12 21:00:16.461 E/Routine@Core[4.9.07.1]: AiSearch@SearchRoutineDataObserver( 1754): updateAction: failed to parse. actionId=id
01-12 21:00:16.462 E/Routine@Core[4.9.07.1]: AiSearch@SearchRoutineDataObserver( 1754): updateAction: failed to parse. actionId=id
01-12 21:00:16.462 E/AHAL_Module(31494): setVendorParameters: default: unrecognized parameter "g_effect_to_mono_enable=false"
01-12 21:00:16.462 E/ConversionHelperAidl(31487): Function: parseAndSetVendorParameters Line: 94 Failed 
01-12 21:00:16.463 E/Routine@Core[4.9.07.1]: ReflectionStatusBarManager( 1754): removeIcon: invokeMethod return null
01-12 21:00:16.464 E/AHAL_Module(31494): setVendorParameters: default: unrecognized parameter "g_effect_sound_balance_value=50"
01-12 21:00:16.464 E/ConversionHelperAidl(31487): Function: parseAndSetVendorParameters Line: 94 Failed 
01-12 21:00:16.466 E/Routine@Core[4.9.07.1]: ReflectionStatusBarManager( 1754): removeIcon: invokeMethod return null
01-12 21:00:16.472 E/id.app.routines( 1754): Resource 7f130409 is a complex map type.
01-12 21:00:16.473 E/Routine@Core[4.9.07.1]: ReflectionStatusBarManager( 1754): removeIcon: invokeMethod return null
01-12 21:00:16.473 E/Routine@Core[4.9.07.1]: WearNodeManagerImpl( 1754): getNodeId: exception - com.google.android.gms.common.api.ApiException: 17: API: Wearable.API is not available on this device. Connection failed with: ConnectionResult{statusCode=API_UNAVAILABLE, resolution=null, message=null}
01-12 21:00:16.473 E/Routine@Core[4.9.07.1]: AiSearch@SearchRoutineDataObserver( 1754): updateAction: failed to parse. actionId=id
01-12 21:00:16.473 E/Routine@Core[4.9.07.1]: AiSearch@SearchRoutineDataObserver( 1754): updateAction: failed to parse. actionId=id
01-12 21:00:16.473 E/Routine@Core[4.9.07.1]: ResultCode.FailCustomCode( 1754): fromValidState: failed to parse. validState=0x1
01-12 21:00:16.473 E/Routine@Core[4.9.07.1]: AiSearch@SearchRoutineDataObserver( 1754): updateAction: failed to parse. actionId=id
01-12 21:00:16.473 E/Routine@Core[4.9.07.1]: AiSearch@SearchRoutineDataObserver( 1754): updateAction: failed to parse. actionId=id
01-12 21:00:16.473 E/Routine@Core[4.9.07.1]: AiSearch@SearchRoutineDataObserver( 1754): updateAction: failed to parse. actionId=id
01-12 21:00:16.474 E/Routine@Core[4.9.07.1]: AiSearch@SearchRoutineDataObserver( 1754): updateAction: failed to parse. actionId=id
01-12 21:00:16.474 E/Routine@Core[4.9.07.1]: ResultCode.FailCustomCode( 1754): fromValidState: failed to parse. validState=0x1
01-12 21:00:16.474 E/Routine@Core[4.9.07.1]: ResultCode.FailCustomCode( 1754): fromValidState: failed to parse. validState=0x0
01-12 21:00:16.474 E/Routine@Core[4.9.07.1]: ResultCode.FailCustomCode( 1754): fromValidState: failed to parse. validState=0x1
01-12 21:00:16.474 E/Routine@Core[4.9.07.1]: ResultCode.FailCustomCode( 1754): fromValidState: failed to parse. validState=0x1
01-12 21:00:16.474 E/Routine@Core[4.9.07.1]: ResultCode.FailCustomCode( 1754): fromValidState: failed to parse. validState=0x0
01-12 21:00:16.476 E/Routine@Core[4.9.07.1]: WearNodeHelper( 1754): getConnectedNearlyNodes: ExecutionException - java.util.concurrent.ExecutionException: com.google.android.gms.common.api.ApiException: 17: API: Wearable.API is not available on this device. Connection failed with: ConnectionResult{statusCode=API_UNAVAILABLE, resolution=null, message=null}
01-12 21:00:16.478 E/Routine@Core[4.9.07.1]: ReflectionStatusBarManager( 1754): removeIcon: invokeMethod return null
01-12 21:00:16.479 E/Routine@Core[4.9.07.1]: RoutineContentProvider( 1754): delete: Too many bind arguments.  5 arguments were provided but the statement needs 2 arguments.
01-12 21:00:16.482 E/Routine@Core[4.9.07.1]: ReflectionStatusBarManager( 1754): removeIcon: invokeMethod return null
01-12 21:00:16.485 E/Routine@Core[4.9.07.1]: ReflectionStatusBarManager( 1754): removeIcon: invokeMethod return null
01-12 21:00:16.489 E/Routine@Core[4.9.07.1]: WearNodeManagerImpl( 1754): getNodeOfCompanionWatchSupportModeMirror: onFailure - com.google.android.gms.common.api.ApiException: 17: API: Wearable.API is not available on this device. Connection failed with: ConnectionResult{statusCode=API_UNAVAILABLE, resolution=null, message=null}
01-12 21:00:16.489 E/Routine@Core[4.9.07.1]: WearNodeManagerImpl( 1754): getNodeOfCompanionWatchSupportModeMirror return null
01-12 21:00:16.491 E/Routine@Core[4.9.07.1]: ReflectionStatusBarManager( 1754): removeIcon: invokeMethod return null
01-12 21:00:16.491 E/Routine@Core[4.9.07.1]: ConditionStateChanged( 1754): execute: conditions are empty
01-12 21:00:16.496 E/Routine@Core[4.9.07.1]: ReflectionStatusBarManager( 1754): removeIcon: invokeMethod return null
01-12 21:00:16.498 E/Routine@Core[4.9.07.1]: WearNodeManagerImpl( 1754): getNodeOfCompanionWatchSupportModeMirror: onFailure - com.google.android.gms.common.api.ApiException: 17: API: Wearable.API is not available on this device. Connection failed with: ConnectionResult{statusCode=API_UNAVAILABLE, resolution=null, message=null}
01-12 21:00:16.498 E/Routine@Core[4.9.07.1]: WearNodeManagerImpl( 1754): getNodeOfCompanionWatchSupportModeMirror return null
01-12 21:00:16.498 E/Routine@Core[4.9.07.1]: WearModeStatusManagerImpl( 1754): isMirrorEnabled: remoteNodeId is null.
01-12 21:00:16.503 E/Routine@Core[4.9.07.1]: ReflectionStatusBarManager( 1754): removeIcon: invokeMethod return null
01-12 21:00:16.507 E/Routine@Core[4.9.07.1]: ReflectionStatusBarManager( 1754): removeIcon: invokeMethod return null
01-12 21:00:16.510 E/Routine@Core[4.9.07.1]: ReflectionStatusBarManager( 1754): removeIcon: invokeMethod return null
01-12 21:00:16.514 E/Routine@Core[4.9.07.1]: ReflectionStatusBarManager( 1754): removeIcon: invokeMethod return null
01-12 21:00:16.517 E/Routine@Core[4.9.07.1]: ReflectionStatusBarManager( 1754): removeIcon: invokeMethod return null
01-12 21:00:16.521 E/Routine@Core[4.9.07.1]: ReflectionStatusBarManager( 1754): removeIcon: invokeMethod return null
01-12 21:00:16.523 E/Routine@Core[4.9.07.1]: ReflectionStatusBarManager( 1754): removeIcon: invokeMethod return null
01-12 21:00:16.527 E/Routine@Core[4.9.07.1]: ReflectionStatusBarManager( 1754): removeIcon: invokeMethod return null
01-12 21:00:16.530 E/Routine@Core[4.9.07.1]: ReflectionStatusBarManager( 1754): removeIcon: invokeMethod return null
01-12 21:00:16.537 E/Routine@Core[4.9.07.1]: ReflectionStatusBarManager( 1754): removeIcon: invokeMethod return null
01-12 21:00:16.542 E/Routine@Core[4.9.07.1]: ReflectionStatusBarManager( 1754): removeIcon: invokeMethod return null
01-12 21:00:16.547 E/Routine@Core[4.9.07.1]: ReflectionStatusBarManager( 1754): removeIcon: invokeMethod return null
01-12 21:00:17.888 E/frs     ( 3238): Failed to open /sys/kernel/thermal/frs_nl_id: No such file or directory
01-12 21:00:18.711 E/WindowManager(31649): win=Window{36a0ce6 u0 NotificationShade} destroySurfaces: appStopped=true cleanupOnResume=false win.mWindowRemovalAllowed=false win.mRemoveOnExit=false win.mViewVisibility=4 caller=com.android.server.wm.WindowManagerService.tryStartExitingAnimation:134 com.android.server.wm.WindowManagerService.relayoutWindow:1138 com.android.server.wm.Session.relayout:27 android.view.IWindowSession$Stub.onTransact:829 com.android.server.wm.Session.onTransact:1 android.os.Binder.execTransactInternal:1462 android.os.Binder.execTransact:1401 
01-12 21:00:18.851 E/HeatmapThread( 1169): !@ CAM New BSOH: 100
01-12 21:00:18.853 E/BatteryDump( 1131): !@new_battery_dump : 4166,-585,750,850,83,230,230,248,0,244,277,248,0,Charging,NO_CHARGING,Normal,Good,USB,1,Normal,0,0,8580,0x20008000,0x10010000,0x0,0,0,0,v0004,0,0/0-0-0-0,0000,0000,00000000,0,0,0,0,0,0,8,4205,8260,990,0,
01-12 21:00:19.046 E/WifiStaIfaceAidlImpl(31649): getCachedScanData failed with service-specific exception: android.os.ServiceSpecificException:  (code 4)
01-12 21:00:19.174 E/WifiStaIfaceAidlImpl(31649): getCachedScanData failed with service-specific exception: android.os.ServiceSpecificException:  (code 4)
01-12 21:00:19.464 E/PQ      ( 1188): [CRTC_118] setColorModeWithFence:presentFenceFd=13
01-12 21:00:19.464 E/PQ      ( 1188): [CRTC_118] getPQFence failed
01-12 21:00:19.466 E/vendor.mediatek.hardware.pq_aidl-service( 1188): Passing -1 file descriptor as non-@nullable AIDL ParcelFileDescriptor
01-12 21:00:19.466 E/PQAOSPXmlParser( 1188): [CRTC_118] Unsupported Disp PQ Engine Params!!!
01-12 21:00:19.466 E/PQAOSPXmlParser( 1188): [CRTC_118] Unsupported Disp PQ Engine Params!!!
01-12 21:00:19.466 E/PQAOSPXmlParser( 1188): [CRTC_118] Unsupported Disp PQ Engine Params!!!
01-12 21:00:19.466 E/PQAOSPXmlParser( 1188): [CRTC_118] Unsupported Disp PQ Engine Params!!!
01-12 21:00:19.466 E/PQAOSPXmlParser( 1188): [CRTC_118] Unsupported Disp PQ Engine Params!!!
01-12 21:00:19.466 E/PQAOSPXmlParser( 1188): [CRTC_118] Unsupported Disp PQ Engine Params!!!
01-12 21:00:19.466 E/PQAOSPXmlParser( 1188): [CRTC_118] Unsupported Disp PQ Engine Params!!!
01-12 21:00:19.466 E/PQAOSPXmlParser( 1188): [CRTC_118] Unsupported Disp PQ Engine Params!!!
01-12 21:00:19.466 E/PQAOSPXmlParser( 1188): [CRTC_118] Unsupported Disp PQ Engine Params!!!
01-12 21:00:19.466 E/PQAOSPXmlParser( 1188): [CRTC_118] Unsupported Disp PQ Engine Params!!!
01-12 21:00:19.466 E/PQAOSPXmlParser( 1188): [CRTC_118] Unsupported Disp PQ Engine Params!!!
01-12 21:00:19.467 E/PQ      ( 1188): [CRTC_118] :releasePQFence,release PQFence failed
01-12 21:00:19.706 E/SurfaceFlinger( 1175): MtkDuration override mode is disabled
01-12 21:00:20.224 E/SurfaceFlinger( 1175): MtkDuration override mode is disabled
01-12 21:00:20.249 E/SurfaceFlinger( 1175): MtkDuration override mode is disabled
01-12 21:00:20.658 E/SurfaceFlinger( 1175): MtkDuration override mode is disabled
01-12 21:00:22.089 E/FreecessController(31649): can't read /proc/5969/comm/proc/5969/comm: open failed: ENOENT (No such file or directory)
01-12 21:00:22.201 E/WifiStaIfaceAidlImpl(31649): getCachedScanData failed with service-specific exception: android.os.ServiceSpecificException:  (code 4)
01-12 21:00:22.889 E/frs     ( 3238): Failed to open /sys/kernel/thermal/frs_nl_id: No such file or directory
01-12 21:00:25.231 E/WifiStaIfaceAidlImpl(31649): getCachedScanData failed with service-specific exception: android.os.ServiceSpecificException:  (code 4)
01-12 21:00:26.086 E/Watchdog(31649): !@Sync: 1840 heap(MB): 150 / 165 native(MB): 94 FD: 1356 WaitTime: 0 ms GCcnt: 2 FullGC: 0 [2026-01-12 21:00:26.023]
01-12 21:00:27.891 E/frs     ( 3238): Failed to open /sys/kernel/thermal/frs_nl_id: No such file or directory
01-12 21:00:28.261 E/WifiStaIfaceAidlImpl(31649): getCachedScanData failed with service-specific exception: android.os.ServiceSpecificException:  (code 4)
01-12 21:00:28.997 E/HeatmapThread( 1169): !@ CAM New BSOH: 100
01-12 21:00:29.003 E/BatteryDump( 1131): !@new_battery_dump : 4203,212,750,850,83,231,231,248,0,244,276,248,0,Charging,NO_CHARGING,Normal,Good,USB,1,Normal,0,0,8580,0x20008000,0x10010000,0x0,0,0,0,v0004,0,0/0-0-0-0,0000,0000,00000000,0,0,0,0,0,0,8,4205,8260,990,0,
01-12 21:00:31.292 E/WifiStaIfaceAidlImpl(31649): getCachedScanData failed with service-specific exception: android.os.ServiceSpecificException:  (code 4)
01-12 21:00:32.894 E/frs     ( 3238): Failed to open /sys/kernel/thermal/frs_nl_id: No such file or directory
01-12 21:00:34.320 E/WifiStaIfaceAidlImpl(31649): getCachedScanData failed with service-specific exception: android.os.ServiceSpecificException:  (code 4)
01-12 21:00:37.352 E/WifiStaIfaceAidlImpl(31649): getCachedScanData failed with service-specific exception: android.os.ServiceSpecificException:  (code 4)
01-12 21:00:37.897 E/frs     ( 3238): Failed to open /sys/kernel/thermal/frs_nl_id: No such file or directory
01-12 21:00:39.145 E/HeatmapThread( 1169): !@ CAM New BSOH: 100
01-12 21:00:39.150 E/BatteryDump( 1131): !@new_battery_dump : 4207,277,750,850,83,231,231,248,0,244,273,248,0,Charging,NO_CHARGING,Normal,Good,USB,1,Normal,0,0,8580,0x20008000,0x10010000,0x0,0,0,0,v0004,0,0/0-0-0-0,0000,0000,00000000,0,0,0,0,0,0,8,4205,8260,990,0,
01-12 21:00:40.382 E/WifiStaIfaceAidlImpl(31649): getCachedScanData failed with service-specific exception: android.os.ServiceSpecificException:  (code 4)
01-12 21:00:42.897 E/frs     ( 3238): Failed to open /sys/kernel/thermal/frs_nl_id: No such file or directory
01-12 21:00:43.395 E/WifiStaIfaceAidlImpl(31649): getCachedScanData failed with service-specific exception: android.os.ServiceSpecificException:  (code 4)
01-12 21:00:46.420 E/WifiStaIfaceAidlImpl(31649): getCachedScanData failed with service-specific exception: android.os.ServiceSpecificException:  (code 4)
01-12 21:00:47.899 E/frs     ( 3238): Failed to open /sys/kernel/thermal/frs_nl_id: No such file or directory
01-12 21:00:49.275 E/HeatmapThread( 1169): !@ CAM New BSOH: 100
01-12 21:00:49.277 E/BatteryDump( 1131): !@new_battery_dump : 4206,217,750,850,83,232,232,248,0,245,270,248,0,Charging,NO_CHARGING,Normal,Good,USB,1,Normal,0,0,8580,0x20008000,0x10010000,0x0,0,0,0,v0004,0,0/0-0-0-0,0000,0000,00000000,0,0,0,0,0,0,8,4205,8260,990,0,
01-12 21:00:49.448 E/WifiStaIfaceAidlImpl(31649): getCachedScanData failed with service-specific exception: android.os.ServiceSpecificException:  (code 4)
01-12 21:00:52.484 E/WifiStaIfaceAidlImpl(31649): getCachedScanData failed with service-specific exception: android.os.ServiceSpecificException:  (code 4)
01-12 21:00:52.899 E/frs     ( 3238): Failed to open /sys/kernel/thermal/frs_nl_id: No such file or directory
01-12 21:00:54.192 E/TelephonyManager( 1234): getDataNetworkType: ITelephony interface is not up yet
01-12 21:00:55.497 E/WifiStaIfaceAidlImpl(31649): getCachedScanData failed with service-specific exception: android.os.ServiceSpecificException:  (code 4)
01-12 21:00:55.764 E/FreecessController(31649): can't read /proc/5969/comm/proc/5969/comm: open failed: ENOENT (No such file or directory)
01-12 21:00:56.090 E/Watchdog(31649): !@Sync: 1841 heap(MB): 163 / 165 FD: 1357 [2026-01-12 21:00:56.090]
01-12 21:00:57.901 E/frs     ( 3238): Failed to open /sys/kernel/thermal/frs_nl_id: No such file or directory
01-12 21:00:58.507 E/WifiStaIfaceAidlImpl(31649): getCachedScanData failed with service-specific exception: android.os.ServiceSpecificException:  (code 4)
01-12 21:00:59.426 E/HeatmapThread( 1169): !@ CAM New BSOH: 100
01-12 21:00:59.430 E/BatteryDump( 1131): !@new_battery_dump : 4206,245,750,850,83,232,232,249,0,245,267,249,0,Charging,NO_CHARGING,Normal,Good,USB,1,Normal,0,0,8580,0x20008000,0x10010000,0x0,0,0,0,v0004,0,0/0-0-0-0,0000,0000,00000000,0,0,0,0,0,0,8,4205,8260,990,0,
01-12 21:01:00.037 E/SurfaceFlinger( 1175): MtkDuration override mode is disabled
01-12 21:01:00.289 E/SurfaceFlinger( 1175): MtkDuration override mode is disabled
01-12 21:01:01.537 E/WifiStaIfaceAidlImpl(31649): getCachedScanData failed with service-specific exception: android.os.ServiceSpecificException:  (code 4)
01-12 21:01:02.904 E/frs     ( 3238): Failed to open /sys/kernel/thermal/frs_nl_id: No such file or directory
01-12 21:01:04.551 E/WifiStaIfaceAidlImpl(31649): getCachedScanData failed with service-specific exception: android.os.ServiceSpecificException:  (code 4)
01-12 21:01:04.613 E/e:iwhInfService( 3748): Not starting debugger since process cannot load the jdwp agent.
01-12 21:01:07.573 E/WifiStaIfaceAidlImpl(31649): getCachedScanData failed with service-specific exception: android.os.ServiceSpecificException:  (code 4)
01-12 21:01:07.905 E/frs     ( 3238): Failed to open /sys/kernel/thermal/frs_nl_id: No such file or directory
01-12 21:01:09.555 E/HeatmapThread( 1169): !@ CAM New BSOH: 100
01-12 21:01:09.563 E/BatteryDump( 1131): !@new_battery_dump : 4208,232,750,850,83,233,232,249,0,245,266,249,0,Charging,NO_CHARGING,Normal,Good,USB,1,Normal,0,0,8580,0x20008000,0x10010000,0x0,0,0,0,v0004,0,0/0-0-0-0,0000,0000,00000000,0,0,0,0,0,0,8,4205,8260,990,0,
01-12 21:01:09.717 E/CAE     (31649): parse(SensorHubModeHandler.java:72) - ERROR : Service is not registered
01-12 21:01:09.717 E/CAE     (31649): onGetSensorHubData(SensorHubParserProvider.java:115) - ERROR : Data field parsing error
01-12 21:01:10.588 E/WifiStaIfaceAidlImpl(31649): getCachedScanData failed with service-specific exception: android.os.ServiceSpecificException:  (code 4)
01-12 21:01:12.908 E/frs     ( 3238): Failed to open /sys/kernel/thermal/frs_nl_id: No such file or directory
01-12 21:01:13.602 E/WifiStaIfaceAidlImpl(31649): getCachedScanData failed with service-specific exception: android.os.ServiceSpecificException:  (code 4)
01-12 21:01:16.632 E/WifiStaIfaceAidlImpl(31649): getCachedScanData failed with service-specific exception: android.os.ServiceSpecificException:  (code 4)
01-12 21:01:17.909 E/frs     ( 3238): Failed to open /sys/kernel/thermal/frs_nl_id: No such file or directory
01-12 21:01:19.141 E/WifiStaIfaceAidlImpl(31649): getCachedScanData failed with service-specific exception: android.os.ServiceSpecificException:  (code 4)
01-12 21:01:19.658 E/WifiStaIfaceAidlImpl(31649): getCachedScanData failed with service-specific exception: android.os.ServiceSpecificException:  (code 4)
01-12 21:01:19.678 E/HeatmapThread( 1169): !@ CAM New BSOH: 100
01-12 21:01:19.685 E/BatteryDump( 1131): !@new_battery_dump : 4209,212,750,850,83,233,233,250,0,245,265,250,0,Charging,NO_CHARGING,Normal,Good,USB,1,Normal,0,0,8580,0x20008000,0x10010000,0x0,0,0,0,v0004,0,0/0-0-0-0,0000,0000,00000000,0,0,0,0,0,0,8,4205,8260,990,0,
01-12 21:01:22.692 E/WifiStaIfaceAidlImpl(31649): getCachedScanData failed with service-specific exception: android.os.ServiceSpecificException:  (code 4)
01-12 21:01:22.910 E/frs     ( 3238): Failed to open /sys/kernel/thermal/frs_nl_id: No such file or directory
01-12 21:01:25.703 E/WifiStaIfaceAidlImpl(31649): getCachedScanData failed with service-specific exception: android.os.ServiceSpecificException:  (code 4)
01-12 21:01:26.095 E/Watchdog(31649): !@Sync: 1842 heap(MB): 125 / 164 FD: 1336 [2026-01-12 21:01:26.095]
01-12 21:01:27.911 E/frs     ( 3238): Failed to open /sys/kernel/thermal/frs_nl_id: No such file or directory
01-12 21:01:28.737 E/WifiStaIfaceAidlImpl(31649): getCachedScanData failed with service-specific exception: android.os.ServiceSpecificException:  (code 4)
01-12 21:01:29.833 E/HeatmapThread( 1169): !@ CAM New BSOH: 100
01-12 21:01:29.836 E/BatteryDump( 1131): !@new_battery_dump : 4207,192,750,850,83,233,233,250,0,246,264,250,0,Charging,NO_CHARGING,Normal,Good,USB,1,Normal,0,0,8580,0x20008000,0x10010000,0x0,0,0,0,v0004,0,0/0-0-0-0,0000,0000,00000000,0,0,0,0,0,0,8,4205,8260,990,0,
01-12 21:01:31.768 E/WifiStaIfaceAidlImpl(31649): getCachedScanData failed with service-specific exception: android.os.ServiceSpecificException:  (code 4)
01-12 21:01:32.912 E/frs     ( 3238): Failed to open /sys/kernel/thermal/frs_nl_id: No such file or directory
01-12 21:01:34.777 E/WifiStaIfaceAidlImpl(31649): getCachedScanData failed with service-specific exception: android.os.ServiceSpecificException:  (code 4)
01-12 21:01:37.792 E/WifiStaIfaceAidlImpl(31649): getCachedScanData failed with service-specific exception: android.os.ServiceSpecificException:  (code 4)
01-12 21:01:37.913 E/frs     ( 3238): Failed to open /sys/kernel/thermal/frs_nl_id: No such file or directory
01-12 21:01:39.960 E/HeatmapThread( 1169): !@ CAM New BSOH: 100
01-12 21:01:39.962 E/BatteryDump( 1131): !@new_battery_dump : 4208,97,750,850,83,234,233,250,0,246,264,250,0,Charging,NO_CHARGING,Normal,Good,USB,1,Normal,0,0,8580,0x20008000,0x10010000,0x0,0,0,0,v0004,0,0/0-0-0-0,0000,0000,00000000,0,0,0,0,0,0,8,4205,8260,990,0,
01-12 21:01:40.804 E/WifiStaIfaceAidlImpl(31649): getCachedScanData failed with service-specific exception: android.os.ServiceSpecificException:  (code 4)
01-12 21:01:42.914 E/frs     ( 3238): Failed to open /sys/kernel/thermal/frs_nl_id: No such file or directory
01-12 21:01:43.813 E/WifiStaIfaceAidlImpl(31649): getCachedScanData failed with service-specific exception: android.os.ServiceSpecificException:  (code 4)
01-12 21:01:46.838 E/WifiStaIfaceAidlImpl(31649): getCachedScanData failed with service-specific exception: android.os.ServiceSpecificException:  (code 4)
01-12 21:01:47.915 E/frs     ( 3238): Failed to open /sys/kernel/thermal/frs_nl_id: No such file or directory
01-12 21:01:49.848 E/WifiStaIfaceAidlImpl(31649): getCachedScanData failed with service-specific exception: android.os.ServiceSpecificException:  (code 4)
01-12 21:01:50.104 E/HeatmapThread( 1169): !@ CAM New BSOH: 100
01-12 21:01:50.110 E/BatteryDump( 1131): !@new_battery_dump : 4206,232,750,850,83,234,234,251,0,246,264,251,0,Charging,NO_CHARGING,Normal,Good,USB,1,Normal,0,0,8580,0x20008000,0x10010000,0x0,0,0,0,v0004,0,0/0-0-0-0,0000,0000,00000000,0,0,0,0,0,0,8,4205,8260,990,0,
01-12 21:01:52.861 E/WifiStaIfaceAidlImpl(31649): getCachedScanData failed with service-specific exception: android.os.ServiceSpecificException:  (code 4)
01-12 21:01:52.916 E/frs     ( 3238): Failed to open /sys/kernel/thermal/frs_nl_id: No such file or directory
01-12 21:01:55.876 E/WifiStaIfaceAidlImpl(31649): getCachedScanData failed with service-specific exception: android.os.ServiceSpecificException:  (code 4)
01-12 21:01:56.100 E/Watchdog(31649): !@Sync: 1843 heap(MB): 135 / 164 FD: 1338 [2026-01-12 21:01:56.099]
01-12 21:01:57.917 E/frs     ( 3238): Failed to open /sys/kernel/thermal/frs_nl_id: No such file or directory
01-12 21:01:58.889 E/WifiStaIfaceAidlImpl(31649): getCachedScanData failed with service-specific exception: android.os.ServiceSpecificException:  (code 4)
01-12 21:02:00.041 E/SurfaceFlinger( 1175): MtkDuration override mode is disabled
01-12 21:02:00.236 E/HeatmapThread( 1169): !@ CAM New BSOH: 100
01-12 21:02:00.240 E/BatteryDump( 1131): !@new_battery_dump : 4207,152,750,850,83,234,234,251,0,246,264,251,0,Charging,NO_CHARGING,Normal,Good,USB,1,Normal,0,0,8580,0x20008000,0x10010000,0x0,0,0,0,v0004,0,0/0-0-0-0,0000,0000,00000000,0,0,0,0,0,0,8,4205,8260,990,0,
01-12 21:02:00.295 E/SurfaceFlinger( 1175): MtkDuration override mode is disabled
01-12 21:02:01.906 E/WifiStaIfaceAidlImpl(31649): getCachedScanData failed with service-specific exception: android.os.ServiceSpecificException:  (code 4)
01-12 21:02:02.919 E/frs     ( 3238): Failed to open /sys/kernel/thermal/frs_nl_id: No such file or directory
01-12 21:02:04.935 E/WifiStaIfaceAidlImpl(31649): getCachedScanData failed with service-specific exception: android.os.ServiceSpecificException:  (code 4)
01-12 21:02:07.920 E/frs     ( 3238): Failed to open /sys/kernel/thermal/frs_nl_id: No such file or directory
01-12 21:02:07.951 E/WifiStaIfaceAidlImpl(31649): getCachedScanData failed with service-specific exception: android.os.ServiceSpecificException:  (code 4)
01-12 21:02:08.018 E/e:iwhInfService( 3824): Not starting debugger since process cannot load the jdwp agent.
01-12 21:02:10.388 E/HeatmapThread( 1169): !@ CAM New BSOH: 100
01-12 21:02:10.390 E/BatteryDump( 1131): !@new_battery_dump : 4207,265,750,850,83,235,234,251,0,246,264,251,0,Charging,NO_CHARGING,Normal,Good,USB,1,Normal,0,0,8580,0x20008000,0x10010000,0x0,0,0,0,v0004,0,0/0-0-0-0,0000,0000,00000000,0,0,0,0,0,0,8,4205,8260,990,0,
01-12 21:02:10.447 E/SurfaceFlinger( 1175): MtkDuration override mode is disabled
01-12 21:02:10.701 E/SurfaceFlinger( 1175): MtkDuration override mode is disabled
01-12 21:02:10.964 E/WifiStaIfaceAidlImpl(31649): getCachedScanData failed with service-specific exception: android.os.ServiceSpecificException:  (code 4)
01-12 21:02:12.921 E/frs     ( 3238): Failed to open /sys/kernel/thermal/frs_nl_id: No such file or directory
01-12 21:02:13.977 E/WifiStaIfaceAidlImpl(31649): getCachedScanData failed with service-specific exception: android.os.ServiceSpecificException:  (code 4)
01-12 21:02:16.993 E/WifiStaIfaceAidlImpl(31649): getCachedScanData failed with service-specific exception: android.os.ServiceSpecificException:  (code 4)
01-12 21:02:17.922 E/frs     ( 3238): Failed to open /sys/kernel/thermal/frs_nl_id: No such file or directory
01-12 21:02:20.020 E/WifiStaIfaceAidlImpl(31649): getCachedScanData failed with service-specific exception: android.os.ServiceSpecificException:  (code 4)
01-12 21:02:20.526 E/HeatmapThread( 1169): !@ Entered Update Heatmap 
01-12 21:02:20.526 E/HeatmapThread( 1169): !@Entered the read from path function
01-12 21:02:20.526 E/HeatmapThread( 1169): !@Read Heatmap from efs is: 0 0 40443 22405 0 0 0 0 0 0 2842 116 0 0 0 0 0 121 3295 291 0 0 0 0 0 333 3578 282 0 0 0 0 0 471 5225 254 0 0 0 0 0 1808 38265 2048 0 0 0 0 0 0 2274 6 0 0 0 0 0 0 943 0 0 0 0 0 
01-12 21:02:20.526 E/HeatmapThread( 1169): !@Write Heatmap to efs is: 0 0 40443 22405 0 0 0 0 0 0 2842 116 0 0 0 0 0 121 3295 291 0 0 0 0 0 333 3578 282 0 0 0 0 0 471 5255 254 0 0 0 0 0 1808 38265 2048 0 0 0 0 0 0 2274 6 0 0 0 0 0 0 943 0 0 0 0 0 
01-12 21:02:20.528 E/BatteryDump( 1131): !@new_battery_dump : 4208,247,750,850,83,235,235,252,0,246,264,252,0,Charging,NO_CHARGING,Normal,Good,USB,1,Normal,0,0,8580,0x20008000,0x10010000,0x0,0,0,0,v0004,0,0/0-0-0-0,0000,0000,00000000,0,0,0,0,0,0,8,4206,8260,990,0,
01-12 21:02:20.528 E/HeatmapThread( 1169): !@ Heatmap Updated prevtime: 29471162
01-12 21:02:20.528 E/HeatmapThread( 1169): !@ Heatmap Updated Cycle Count: 1114495.000000
01-12 21:02:20.528 E/HeatmapThread( 1169): !@Write Heatmap to sysfs is: 0 0 28 15 0 0 0 0 0 0 1 0 0 0 0 0 0 0 2 0 0 0 0 0 0 0 2 0 0 0 0 0 0 0 3 0 0 0 0 0 0 1 26 1 0 0 0 0 0 0 1 0 0 0 0 0 0 0 0 0 0 0 0 0 
01-12 21:02:20.528 E/HeatmapThread( 1169): !@Could not open '/sys/class/power_supply/sec_auth/batt_heatmap', errno = 2
01-12 21:02:20.528 E/HeatmapThread( 1169): !@Could not open '/sys/class/power_supply/sec_auth_2nd/batt_heatmap', errno = 2
01-12 21:02:20.528 E/HeatmapThread( 1169): !@ Heatmap Updated prevtime: 29471162
01-12 21:02:20.528 E/HeatmapThread( 1169): !@ CAM New BSOH: 100
01-12 21:02:22.923 E/frs     ( 3238): Failed to open /sys/kernel/thermal/frs_nl_id: No such file or directory
01-12 21:02:23.033 E/WifiStaIfaceAidlImpl(31649): getCachedScanData failed with service-specific exception: android.os.ServiceSpecificException:  (code 4)
01-12 21:02:26.056 E/WifiStaIfaceAidlImpl(31649): getCachedScanData failed with service-specific exception: android.os.ServiceSpecificException:  (code 4)
01-12 21:02:26.105 E/Watchdog(31649): !@Sync: 1844 heap(MB): 145 / 164 FD: 1337 [2026-01-12 21:02:26.105]
01-12 21:02:27.926 E/frs     ( 3238): Failed to open /sys/kernel/thermal/frs_nl_id: No such file or directory
01-12 21:02:29.070 E/WifiStaIfaceAidlImpl(31649): getCachedScanData failed with service-specific exception: android.os.ServiceSpecificException:  (code 4)
01-12 21:02:30.659 E/HeatmapThread( 1169): !@ CAM New BSOH: 100
01-12 21:02:30.661 E/BatteryDump( 1131): !@new_battery_dump : 4208,247,750,850,83,235,235,252,0,247,264,252,0,Charging,NO_CHARGING,Normal,Good,USB,1,Normal,0,0,8580,0x20008000,0x10010000,0x0,0,0,0,v0004,0,0/0-0-0-0,0000,0000,00000000,0,0,0,0,0,0,8,4206,8260,990,0,
01-12 21:02:32.098 E/WifiStaIfaceAidlImpl(31649): getCachedScanData failed with service-specific exception: android.os.ServiceSpecificException:  (code 4)
01-12 21:02:32.927 E/frs     ( 3238): Failed to open /sys/kernel/thermal/frs_nl_id: No such file or directory
01-12 21:02:35.110 E/WifiStaIfaceAidlImpl(31649): getCachedScanData failed with service-specific exception: android.os.ServiceSpecificException:  (code 4)
01-12 21:02:37.929 E/frs     ( 3238): Failed to open /sys/kernel/thermal/frs_nl_id: No such file or directory
01-12 21:02:38.121 E/WifiStaIfaceAidlImpl(31649): getCachedScanData failed with service-specific exception: android.os.ServiceSpecificException:  (code 4)
01-12 21:02:40.808 E/HeatmapThread( 1169): !@ CAM New BSOH: 100
01-12 21:02:40.809 E/BatteryDump( 1131): !@new_battery_dump : 4207,197,750,850,83,235,235,252,0,247,264,252,0,Charging,NO_CHARGING,Normal,Good,USB,1,Normal,0,0,8580,0x20008000,0x10010000,0x0,0,0,0,v0004,0,0/0-0-0-0,0000,0000,00000000,0,0,0,0,0,0,8,4206,8260,990,0,
01-12 21:02:41.150 E/WifiStaIfaceAidlImpl(31649): getCachedScanData failed with service-specific exception: android.os.ServiceSpecificException:  (code 4)
01-12 21:02:42.931 E/frs     ( 3238): Failed to open /sys/kernel/thermal/frs_nl_id: No such file or directory
01-12 21:02:44.182 E/WifiStaIfaceAidlImpl(31649): getCachedScanData failed with service-specific exception: android.os.ServiceSpecificException:  (code 4)
01-12 21:02:47.212 E/WifiStaIfaceAidlImpl(31649): getCachedScanData failed with service-specific exception: android.os.ServiceSpecificException:  (code 4)
01-12 21:02:47.933 E/frs     ( 3238): Failed to open /sys/kernel/thermal/frs_nl_id: No such file or directory
01-12 21:02:50.245 E/WifiStaIfaceAidlImpl(31649): getCachedScanData failed with service-specific exception: android.os.ServiceSpecificException:  (code 4)
01-12 21:02:50.936 E/HeatmapThread( 1169): !@ CAM New BSOH: 100
01-12 21:02:50.939 E/BatteryDump( 1131): !@new_battery_dump : 4202,237,750,850,83,236,235,253,0,247,263,253,0,Charging,NO_CHARGING,Normal,Good,USB,1,Normal,0,0,8580,0x20008000,0x10010000,0x0,0,0,0,v0004,0,0/0-0-0-0,0000,0000,00000000,0,0,0,0,0,0,8,4206,8260,990,0,
01-12 21:02:52.934 E/frs     ( 3238): Failed to open /sys/kernel/thermal/frs_nl_id: No such file or directory
01-12 21:02:53.293 E/WifiStaIfaceAidlImpl(31649): getCachedScanData failed with service-specific exception: android.os.ServiceSpecificException:  (code 4)
01-12 21:02:56.109 E/Watchdog(31649): !@Sync: 1845 heap(MB): 154 / 164 FD: 1339 [2026-01-12 21:02:56.109]
01-12 21:02:56.334 E/WifiStaIfaceAidlImpl(31649): getCachedScanData failed with service-specific exception: android.os.ServiceSpecificException:  (code 4)
01-12 21:02:57.935 E/frs     ( 3238): Failed to open /sys/kernel/thermal/frs_nl_id: No such file or directory
01-12 21:02:59.356 E/WifiStaIfaceAidlImpl(31649): getCachedScanData failed with service-specific exception: android.os.ServiceSpecificException:  (code 4)
01-12 21:02:59.548 E/WifiStaIfaceAidlImpl(31649): getCachedScanData failed with service-specific exception: android.os.ServiceSpecificException:  (code 4)
01-12 21:03:00.035 E/SurfaceFlinger( 1175): MtkDuration override mode is disabled
01-12 21:03:00.288 E/SurfaceFlinger( 1175): MtkDuration override mode is disabled
01-12 21:03:01.086 E/HeatmapThread( 1169): !@ CAM New BSOH: 100
01-12 21:03:01.089 E/BatteryDump( 1131): !@new_battery_dump : 4210,225,750,850,83,236,236,253,0,247,263,253,0,Charging,NO_CHARGING,Normal,Good,USB,1,Normal,0,0,8580,0x20008000,0x10010000,0x0,0,0,0,v0004,0,0/0-0-0-0,0000,0000,00000000,0,0,0,0,0,0,8,4206,8260,990,0,
01-12 21:03:02.386 E/WifiStaIfaceAidlImpl(31649): getCachedScanData failed with service-specific exception: android.os.ServiceSpecificException:  (code 4)
01-12 21:03:02.936 E/frs     ( 3238): Failed to open /sys/kernel/thermal/frs_nl_id: No such file or directory
01-12 21:03:05.421 E/WifiStaIfaceAidlImpl(31649): getCachedScanData failed with service-specific exception: android.os.ServiceSpecificException:  (code 4)
01-12 21:03:07.937 E/frs     ( 3238): Failed to open /sys/kernel/thermal/frs_nl_id: No such file or directory
01-12 21:03:08.435 E/WifiStaIfaceAidlImpl(31649): getCachedScanData failed with service-specific exception: android.os.ServiceSpecificException:  (code 4)
01-12 21:03:08.497 E/e:iwhInfService( 3876): Not starting debugger since process cannot load the jdwp agent.
01-12 21:03:11.231 E/HeatmapThread( 1169): !@ CAM New BSOH: 100
01-12 21:03:11.234 E/BatteryDump( 1131): !@new_battery_dump : 4209,237,750,850,83,236,236,253,0,247,263,253,0,Charging,NO_CHARGING,Normal,Good,USB,1,Normal,0,0,8580,0x20008000,0x10010000,0x0,0,0,0,v0004,0,0/0-0-0-0,0000,0000,00000000,0,0,0,0,0,0,8,4206,8260,990,0,
01-12 21:03:11.450 E/WifiStaIfaceAidlImpl(31649): getCachedScanData failed with service-specific exception: android.os.ServiceSpecificException:  (code 4)
01-12 21:03:12.940 E/frs     ( 3238): Failed to open /sys/kernel/thermal/frs_nl_id: No such file or directory
01-12 21:03:14.463 E/WifiStaIfaceAidlImpl(31649): getCachedScanData failed with service-specific exception: android.os.ServiceSpecificException:  (code 4)
01-12 21:03:17.498 E/WifiStaIfaceAidlImpl(31649): getCachedScanData failed with service-specific exception: android.os.ServiceSpecificException:  (code 4)
01-12 21:03:17.941 E/frs     ( 3238): Failed to open /sys/kernel/thermal/frs_nl_id: No such file or directory
01-12 21:03:20.532 E/WifiStaIfaceAidlImpl(31649): getCachedScanData failed with service-specific exception: android.os.ServiceSpecificException:  (code 4)
01-12 21:03:21.358 E/HeatmapThread( 1169): !@ CAM New BSOH: 100
01-12 21:03:21.360 E/BatteryDump( 1131): !@new_battery_dump : 4209,257,750,850,83,237,236,254,0,247,264,254,0,Charging,NO_CHARGING,Normal,Good,USB,1,Normal,0,0,8580,0x20008000,0x10010000,0x0,0,0,0,v0004,0,0/0-0-0-0,0000,0000,00000000,0,0,0,0,0,0,8,4206,8260,990,0,
01-12 21:03:22.943 E/frs     ( 3238): Failed to open /sys/kernel/thermal/frs_nl_id: No such file or directory
01-12 21:03:23.566 E/WifiStaIfaceAidlImpl(31649): getCachedScanData failed with service-specific exception: android.os.ServiceSpecificException:  (code 4)
01-12 21:03:26.115 E/Watchdog(31649): !@Sync: 1846 heap(MB): 118 / 161 FD: 1349 [2026-01-12 21:03:26.115]
01-12 21:03:26.595 E/WifiStaIfaceAidlImpl(31649): getCachedScanData failed with service-specific exception: android.os.ServiceSpecificException:  (code 4)
01-12 21:03:27.945 E/frs     ( 3238): Failed to open /sys/kernel/thermal/frs_nl_id: No such file or directory
01-12 21:03:29.629 E/WifiStaIfaceAidlImpl(31649): getCachedScanData failed with service-specific exception: android.os.ServiceSpecificException:  (code 4)
01-12 21:03:31.502 E/HeatmapThread( 1169): !@ CAM New BSOH: 100
01-12 21:03:31.512 E/BatteryDump( 1131): !@new_battery_dump : 4210,260,750,850,83,237,237,254,0,247,264,254,0,Charging,NO_CHARGING,Normal,Good,USB,1,Normal,0,0,8580,0x20008000,0x10010000,0x0,0,0,0,v0004,0,0/0-0-0-0,0000,0000,00000000,0,0,0,0,0,0,8,4206,8260,990,0,
01-12 21:03:32.644 E/WifiStaIfaceAidlImpl(31649): getCachedScanData failed with service-specific exception: android.os.ServiceSpecificException:  (code 4)
01-12 21:03:32.946 E/frs     ( 3238): Failed to open /sys/kernel/thermal/frs_nl_id: No such file or directory
01-12 21:03:35.676 E/WifiStaIfaceAidlImpl(31649): getCachedScanData failed with service-specific exception: android.os.ServiceSpecificException:  (code 4)
01-12 21:03:37.948 E/frs     ( 3238): Failed to open /sys/kernel/thermal/frs_nl_id: No such file or directory
01-12 21:03:38.689 E/WifiStaIfaceAidlImpl(31649): getCachedScanData failed with service-specific exception: android.os.ServiceSpecificException:  (code 4)
01-12 21:03:41.633 E/HeatmapThread( 1169): !@ CAM New BSOH: 100
