01-12 21:03:41.642 E/BatteryDump( 1131): !@new_battery_dump : 4210,267,750,850,83,237,237,254,0,248,264,254,0,Charging,NO_CHARGING,Normal,Good,USB,1,Normal,0,0,8580,0x20008000,0x10010000,0x0,0,0,0,v0004,0,0/0-0-0-0,0000,0000,00000000,0,0,0,0,0,0,8,4206,8260,990,0,
01-12 21:03:41.727 E/WifiStaIfaceAidlImpl(31649): getCachedScanData failed with service-specific exception: android.os.ServiceSpecificException:  (code 4)
01-12 21:03:42.950 E/frs     ( 3238): Failed to open /sys/kernel/thermal/frs_nl_id: No such file or directory
01-12 21:03:44.759 E/WifiStaIfaceAidlImpl(31649): getCachedScanData failed with service-specific exception: android.os.ServiceSpecificException:  (code 4)
01-12 21:03:47.787 E/WifiStaIfaceAidlImpl(31649): getCachedScanData failed with service-specific exception: android.os.ServiceSpecificException:  (code 4)
01-12 21:03:47.953 E/frs     ( 3238): Failed to open /sys/kernel/thermal/frs_nl_id: No such file or directory
01-12 21:03:50.819 E/WifiStaIfaceAidlImpl(31649): getCachedScanData failed with service-specific exception: android.os.ServiceSpecificException:  (code 4)
01-12 21:03:51.777 E/HeatmapThread( 1169): !@ CAM New BSOH: 100
01-12 21:03:51.783 E/BatteryDump( 1131): !@new_battery_dump : 4210,170,750,850,83,238,237,255,0,248,264,255,0,Charging,NO_CHARGING,Normal,Good,USB,1,Normal,0,0,8580,0x20008000,0x10010000,0x0,0,0,0,v0004,0,0/0-0-0-0,0000,0000,00000000,0,0,0,0,0,0,8,4206,8270,990,0,
01-12 21:03:52.045 E/SurfaceFlinger( 1175): MtkDuration override mode is disabled
01-12 21:03:52.546 E/SurfaceFlinger( 1175): MtkDuration override mode is disabled
01-12 21:03:52.956 E/frs     ( 3238): Failed to open /sys/kernel/thermal/frs_nl_id: No such file or directory
01-12 21:03:53.851 E/WifiStaIfaceAidlImpl(31649): getCachedScanData failed with service-specific exception: android.os.ServiceSpecificException:  (code 4)
01-12 21:03:56.119 E/Watchdog(31649): !@Sync: 1847 heap(MB): 128 / 161 FD: 1352 [2026-01-12 21:03:56.119]
01-12 21:03:56.884 E/WifiStaIfaceAidlImpl(31649): getCachedScanData failed with service-specific exception: android.os.ServiceSpecificException:  (code 4)
01-12 21:03:57.957 E/frs     ( 3238): Failed to open /sys/kernel/thermal/frs_nl_id: No such file or directory
01-12 21:03:59.919 E/WifiStaIfaceAidlImpl(31649): getCachedScanData failed with service-specific exception: android.os.ServiceSpecificException:  (code 4)
01-12 21:04:00.023 E/SurfaceFlinger( 1175): MtkDuration override mode is disabled
01-12 21:04:00.277 E/SurfaceFlinger( 1175): MtkDuration override mode is disabled
01-12 21:04:01.925 E/HeatmapThread( 1169): !@ CAM New BSOH: 100
01-12 21:04:01.932 E/BatteryDump( 1131): !@new_battery_dump : 4210,252,750,850,83,238,237,255,0,248,264,255,0,Charging,NO_CHARGING,Normal,Good,USB,1,Normal,0,0,8580,0x20008000,0x10010000,0x0,0,0,0,v0004,0,0/0-0-0-0,0000,0000,00000000,0,0,0,0,0,0,8,4206,8270,990,0,
01-12 21:04:02.952 E/WifiStaIfaceAidlImpl(31649): getCachedScanData failed with service-specific exception: android.os.ServiceSpecificException:  (code 4)
01-12 21:04:02.960 E/frs     ( 3238): Failed to open /sys/kernel/thermal/frs_nl_id: No such file or directory
01-12 21:04:05.986 E/WifiStaIfaceAidlImpl(31649): getCachedScanData failed with service-specific exception: android.os.ServiceSpecificException:  (code 4)
01-12 21:04:07.960 E/frs     ( 3238): Failed to open /sys/kernel/thermal/frs_nl_id: No such file or directory
01-12 21:04:09.018 E/WifiStaIfaceAidlImpl(31649): getCachedScanData failed with service-specific exception: android.os.ServiceSpecificException:  (code 4)
01-12 21:04:09.076 E/e:iwhInfService( 3912): Not starting debugger since process cannot load the jdwp agent.
01-12 21:04:09.362 E/WifiStaIfaceAidlImpl(31649): getCachedScanData failed with service-specific exception: android.os.ServiceSpecificException:  (code 4)
01-12 21:04:10.296 E/MATSDK  (29369): HTTP request ( failed after 549 ms, events were rejected by the server (403) and will be all dropped
01-12 21:04:12.043 E/WifiStaIfaceAidlImpl(31649): getCachedScanData failed with service-specific exception: android.os.ServiceSpecificException:  (code 4)
01-12 21:04:12.056 E/HeatmapThread( 1169): !@ CAM New BSOH: 100
01-12 21:04:12.061 E/BatteryDump( 1131): !@new_battery_dump : 4209,187,750,850,83,238,238,255,0,249,265,255,0,Charging,NO_CHARGING,Normal,Good,USB,1,Normal,0,0,8580,0x20008000,0x10010000,0x0,0,0,0,v0004,0,0/0-0-0-0,0000,0000,00000000,0,0,0,0,0,0,8,4206,8270,990,0,
01-12 21:04:12.962 E/frs     ( 3238): Failed to open /sys/kernel/thermal/frs_nl_id: No such file or directory
01-12 21:04:15.066 E/WifiStaIfaceAidlImpl(31649): getCachedScanData failed with service-specific exception: android.os.ServiceSpecificException:  (code 4)
01-12 21:04:17.963 E/frs     ( 3238): Failed to open /sys/kernel/thermal/frs_nl_id: No such file or directory
01-12 21:04:18.082 E/WifiStaIfaceAidlImpl(31649): getCachedScanData failed with service-specific exception: android.os.ServiceSpecificException:  (code 4)
01-12 21:04:21.097 E/WifiStaIfaceAidlImpl(31649): getCachedScanData failed with service-specific exception: android.os.ServiceSpecificException:  (code 4)
01-12 21:04:22.204 E/HeatmapThread( 1169): !@ CAM New BSOH: 100
01-12 21:04:22.207 E/BatteryDump( 1131): !@new_battery_dump : 4211,250,750,850,83,238,238,256,0,249,265,256,0,Charging,NO_CHARGING,Normal,Good,USB,1,Normal,0,0,8580,0x20008000,0x10010000,0x0,0,0,0,v0004,0,0/0-0-0-0,0000,0000,00000000,0,0,0,0,0,0,8,4206,8270,990,0,
01-12 21:04:22.965 E/frs     ( 3238): Failed to open /sys/kernel/thermal/frs_nl_id: No such file or directory
01-12 21:04:24.108 E/WifiStaIfaceAidlImpl(31649): getCachedScanData failed with service-specific exception: android.os.ServiceSpecificException:  (code 4)
01-12 21:04:26.127 E/Watchdog(31649): !@Sync: 1848 heap(MB): 144 / 161 FD: 1351 [2026-01-12 21:04:26.127]
01-12 21:04:27.118 E/WifiStaIfaceAidlImpl(31649): getCachedScanData failed with service-specific exception: android.os.ServiceSpecificException:  (code 4)
01-12 21:04:27.966 E/frs     ( 3238): Failed to open /sys/kernel/thermal/frs_nl_id: No such file or directory
01-12 21:04:30.149 E/WifiStaIfaceAidlImpl(31649): getCachedScanData failed with service-specific exception: android.os.ServiceSpecificException:  (code 4)
01-12 21:04:32.337 E/HeatmapThread( 1169): !@ CAM New BSOH: 100
01-12 21:04:32.345 E/BatteryDump( 1131): !@new_battery_dump : 4209,227,750,850,83,239,238,256,0,249,265,256,0,Charging,NO_CHARGING,Normal,Good,USB,1,Normal,0,0,8580,0x20008000,0x10010000,0x0,0,0,0,v0004,0,0/0-0-0-0,0000,0000,00000000,0,0,0,0,0,0,8,4206,8270,990,0,
01-12 21:04:32.968 E/frs     ( 3238): Failed to open /sys/kernel/thermal/frs_nl_id: No such file or directory
01-12 21:04:33.181 E/WifiStaIfaceAidlImpl(31649): getCachedScanData failed with service-specific exception: android.os.ServiceSpecificException:  (code 4)
01-12 21:04:36.208 E/WifiStaIfaceAidlImpl(31649): getCachedScanData failed with service-specific exception: android.os.ServiceSpecificException:  (code 4)
01-12 21:04:37.968 E/frs     ( 3238): Failed to open /sys/kernel/thermal/frs_nl_id: No such file or directory
01-12 21:04:39.238 E/WifiStaIfaceAidlImpl(31649): getCachedScanData failed with service-specific exception: android.os.ServiceSpecificException:  (code 4)
01-12 21:04:42.271 E/WifiStaIfaceAidlImpl(31649): getCachedScanData failed with service-specific exception: android.os.ServiceSpecificException:  (code 4)
01-12 21:04:42.477 E/HeatmapThread( 1169): !@ CAM New BSOH: 100
01-12 21:04:42.488 E/BatteryDump( 1131): !@new_battery_dump : 4210,250,750,850,83,239,239,256,0,250,265,256,0,Charging,NO_CHARGING,Normal,Good,USB,1,Normal,0,0,8580,0x20008000,0x10010000,0x0,0,0,0,v0004,0,0/0-0-0-0,0000,0000,00000000,0,0,0,0,0,0,8,4206,8270,990,0,
01-12 21:04:42.971 E/frs     ( 3238): Failed to open /sys/kernel/thermal/frs_nl_id: No such file or directory
01-12 21:04:45.316 E/WifiStaIfaceAidlImpl(31649): getCachedScanData failed with service-specific exception: android.os.ServiceSpecificException:  (code 4)
01-12 21:04:46.528 E/ndBrokerService( 3969): Not starting debugger since process cannot load the jdwp agent.
01-12 21:04:46.679 E/SharedPreferencesImpl( 3969): Couldn't create directory for SharedPreferences file /data/user_de/0/com.google.android.gms/shared_prefs/init.initialized_version.xml
01-12 21:04:47.017 E/SQLiteLog(24625): (10) POSIX Error : 11 SQLite Error : 3850
01-12 21:04:47.017 E/SQLiteLog(24625): (10) LOCK : Getting lock (4) failed due to (11). The current owner is (11220).
01-12 21:04:47.384 E/SQLiteLog(24625): (10) POSIX Error : 11 SQLite Error : 3850
01-12 21:04:47.384 E/SQLiteLog(24625): (10) LOCK : Getting lock (4) failed due to (11). The current owner is (11220).
01-12 21:04:47.667 E/SQLiteLog(24625): (10) POSIX Error : 11 SQLite Error : 3850
01-12 21:04:47.667 E/SQLiteLog(24625): (10) LOCK : Getting lock (4) failed due to (11). The current owner is (11220).
01-12 21:04:47.673 E/SQLiteLog(24625): (10) POSIX Error : 11 SQLite Error : 3850
01-12 21:04:47.673 E/SQLiteLog(24625): (10) LOCK : Getting lock (4) failed due to (11). The current owner is (11220).
01-12 21:04:47.678 E/SQLiteLog(24625): (10) POSIX Error : 11 SQLite Error : 3850
01-12 21:04:47.678 E/SQLiteLog(24625): (10) LOCK : Getting lock (4) failed due to (11). The current owner is (11220).
01-12 21:04:47.687 E/SQLiteLog(24625): (10) POSIX Error : 11 SQLite Error : 3850
01-12 21:04:47.687 E/SQLiteLog(24625): (10) LOCK : Getting lock (4) failed due to (11). The current owner is (11220).
01-12 21:04:47.788 E/LoadedApk(24625): Exception : java.lang.NullPointerException: Attempt to invoke virtual method 'boolean android.os.Looper.isPerfLogEnable()' on a null object reference
01-12 21:04:47.789 E/LoadedApk(24625): Exception : java.lang.NullPointerException: Attempt to invoke virtual method 'boolean android.os.Looper.isPerfLogEnable()' on a null object reference
01-12 21:04:47.972 E/frs     ( 3238): Failed to open /sys/kernel/thermal/frs_nl_id: No such file or directory
01-12 21:04:48.349 E/WifiStaIfaceAidlImpl(31649): getCachedScanData failed with service-specific exception: android.os.ServiceSpecificException:  (code 4)
01-12 21:04:49.948 E/SQLiteLog(29503): (10) POSIX Error : 11 SQLite Error : 3850
01-12 21:04:49.948 E/SQLiteLog(29503): (10) LOCK : Getting pending lock for (1) failed due to (11). The current owner is (29369).
01-12 21:04:49.949 E/SQLiteLog(29503): (10) POSIX Error : 11 SQLite Error : 3850
01-12 21:04:49.949 E/SQLiteLog(29503): (10) LOCK : Getting pending lock for (1) failed due to (11). The current owner is (29369).
01-12 21:04:51.366 E/WifiStaIfaceAidlImpl(31649): getCachedScanData failed with service-specific exception: android.os.ServiceSpecificException:  (code 4)
01-12 21:04:52.622 E/HeatmapThread( 1169): !@ CAM New BSOH: 100
01-12 21:04:52.628 E/BatteryDump( 1131): !@new_battery_dump : 4211,225,750,850,83,239,239,257,0,250,265,257,0,Charging,NO_CHARGING,Normal,Good,USB,1,Normal,0,0,8580,0x20008000,0x10010000,0x0,0,0,0,v0004,0,0/0-0-0-0,0000,0000,00000000,0,0,0,0,0,0,8,4206,8270,990,0,
01-12 21:04:52.973 E/frs     ( 3238): Failed to open /sys/kernel/thermal/frs_nl_id: No such file or directory
01-12 21:04:54.380 E/WifiStaIfaceAidlImpl(31649): getCachedScanData failed with service-specific exception: android.os.ServiceSpecificException:  (code 4)
01-12 21:04:56.132 E/Watchdog(31649): !@Sync: 1849 heap(MB): 154 / 161 FD: 1353 [2026-01-12 21:04:56.132]
01-12 21:04:57.412 E/WifiStaIfaceAidlImpl(31649): getCachedScanData failed with service-specific exception: android.os.ServiceSpecificException:  (code 4)
01-12 21:04:57.975 E/frs     ( 3238): Failed to open /sys/kernel/thermal/frs_nl_id: No such file or directory
01-12 21:04:59.954 E/SQLiteLog(29503): (10) POSIX Error : 11 SQLite Error : 3850
01-12 21:04:59.955 E/SQLiteLog(29503): (10) LOCK : Getting pending lock for (1) failed due to (11). The current owner is (29369).
01-12 21:04:59.956 E/SQLiteLog(29503): (10) POSIX Error : 11 SQLite Error : 3850
01-12 21:04:59.956 E/SQLiteLog(29503): (10) LOCK : Getting pending lock for (1) failed due to (11). The current owner is (29369).
01-12 21:04:59.959 E/SQLiteLog(29503): (10) POSIX Error : 11 SQLite Error : 3850
01-12 21:04:59.959 E/SQLiteLog(29503): (10) LOCK : Getting pending lock for (1) failed due to (11). The current owner is (29369).
01-12 21:05:00.028 E/SurfaceFlinger( 1175): MtkDuration override mode is disabled
01-12 21:05:00.282 E/SurfaceFlinger( 1175): MtkDuration override mode is disabled
01-12 21:05:00.441 E/WifiStaIfaceAidlImpl(31649): getCachedScanData failed with service-specific exception: android.os.ServiceSpecificException:  (code 4)
01-12 21:05:02.755 E/HeatmapThread( 1169): !@ CAM New BSOH: 100
01-12 21:05:02.764 E/BatteryDump( 1131): !@new_battery_dump : 4211,237,750,850,83,239,239,257,0,250,266,257,0,Charging,NO_CHARGING,Normal,Good,USB,1,Normal,0,0,8580,0x20008000,0x10010000,0x0,0,0,0,v0004,0,0/0-0-0-0,0000,0000,00000000,0,0,0,0,0,0,8,4207,8270,990,0,
01-12 21:05:02.976 E/frs     ( 3238): Failed to open /sys/kernel/thermal/frs_nl_id: No such file or directory
01-12 21:05:03.472 E/WifiStaIfaceAidlImpl(31649): getCachedScanData failed with service-specific exception: android.os.ServiceSpecificException:  (code 4)
01-12 21:05:06.507 E/WifiStaIfaceAidlImpl(31649): getCachedScanData failed with service-specific exception: android.os.ServiceSpecificException:  (code 4)
01-12 21:05:07.976 E/frs     ( 3238): Failed to open /sys/kernel/thermal/frs_nl_id: No such file or directory
01-12 21:05:09.525 E/WifiStaIfaceAidlImpl(31649): getCachedScanData failed with service-specific exception: android.os.ServiceSpecificException:  (code 4)
01-12 21:05:09.970 E/SQLiteLog(29503): (10) POSIX Error : 11 SQLite Error : 3850
01-12 21:05:09.970 E/SQLiteLog(29503): (10) LOCK : Getting pending lock for (1) failed due to (11). The current owner is (29369).
01-12 21:05:09.971 E/SQLiteLog(29503): (10) POSIX Error : 11 SQLite Error : 3850
01-12 21:05:09.971 E/SQLiteLog(29503): (10) LOCK : Getting pending lock for (1) failed due to (11). The current owner is (29369).
01-12 21:05:09.974 E/SQLiteLog(29503): (10) POSIX Error : 11 SQLite Error : 3850
01-12 21:05:09.974 E/SQLiteLog(29503): (10) LOCK : Getting lock (4) failed due to (11). The current owner is (29369).
01-12 21:05:09.974 E/SQLiteLog(29369): (10) POSIX Error : 11 SQLite Error : 3850
01-12 21:05:09.975 E/SQLiteLog(29369): (10) LOCK : Getting lock (2) failed due to (11). The current owner is (29503).
01-12 21:05:09.976 E/SQLiteLog(29369): (10) POSIX Error : 11 SQLite Error : 3850
01-12 21:05:09.976 E/SQLiteLog(29369): (10) LOCK : Getting pending lock for (1) failed due to (11). The current owner is (29503).
01-12 21:05:09.978 E/SQLiteLog(29369): (10) POSIX Error : 11 SQLite Error : 3850
01-12 21:05:09.978 E/SQLiteLog(29369): (10) LOCK : Getting pending lock for (1) failed due to (11). The current owner is (29503).
01-12 21:05:09.984 E/SQLiteLog(29369): (10) POSIX Error : 11 SQLite Error : 3850
01-12 21:05:09.984 E/SQLiteLog(29369): (10) LOCK : Getting pending lock for (1) failed due to (11). The current owner is (-1431655766).
01-12 21:05:12.558 E/WifiStaIfaceAidlImpl(31649): getCachedScanData failed with service-specific exception: android.os.ServiceSpecificException:  (code 4)
01-12 21:05:12.623 E/e:iwhInfService( 4026): Not starting debugger since process cannot load the jdwp agent.
01-12 21:05:12.900 E/HeatmapThread( 1169): !@ CAM New BSOH: 100
01-12 21:05:12.905 E/BatteryDump( 1131): !@new_battery_dump : 4211,-162,750,850,83,240,239,257,0,250,266,257,0,Charging,NO_CHARGING,Normal,Good,USB,1,Normal,0,0,8580,0x20008000,0x10010000,0x0,0,0,0,v0004,0,0/0-0-0-0,0000,0000,00000000,0,0,0,0,0,0,8,4207,8270,990,0,
01-12 21:05:12.978 E/frs     ( 3238): Failed to open /sys/kernel/thermal/frs_nl_id: No such file or directory
01-12 21:05:15.573 E/WifiStaIfaceAidlImpl(31649): getCachedScanData failed with service-specific exception: android.os.ServiceSpecificException:  (code 4)
01-12 21:05:17.979 E/frs     ( 3238): Failed to open /sys/kernel/thermal/frs_nl_id: No such file or directory
01-12 21:05:18.589 E/WifiStaIfaceAidlImpl(31649): getCachedScanData failed with service-specific exception: android.os.ServiceSpecificException:  (code 4)
01-12 21:05:19.997 E/SQLiteLog(29369): (10) POSIX Error : 11 SQLite Error : 3850
01-12 21:05:19.998 E/SQLiteLog(29369): (10) LOCK : Getting pending lock for (1) failed due to (11). The current owner is (29503).
01-12 21:05:21.605 E/WifiStaIfaceAidlImpl(31649): getCachedScanData failed with service-specific exception: android.os.ServiceSpecificException:  (code 4)
01-12 21:05:22.979 E/frs     ( 3238): Failed to open /sys/kernel/thermal/frs_nl_id: No such file or directory
01-12 21:05:23.028 E/HeatmapThread( 1169): !@ CAM New BSOH: 100
01-12 21:05:23.035 E/BatteryDump( 1131): !@new_battery_dump : 4210,262,750,850,83,240,240,257,0,250,266,257,0,Charging,NO_CHARGING,Normal,Good,USB,1,Normal,0,0,8580,0x20008000,0x10010000,0x0,0,0,0,v0004,0,0/0-0-0-0,0000,0000,00000000,0,0,0,0,0,0,8,4207,8270,990,0,
01-12 21:05:24.622 E/WifiStaIfaceAidlImpl(31649): getCachedScanData failed with service-specific exception: android.os.ServiceSpecificException:  (code 4)
01-12 21:05:26.138 E/Watchdog(31649): !@Sync: 1850 heap(MB): 117 / 161 FD: 1335 [2026-01-12 21:05:26.137]
01-12 21:05:27.637 E/WifiStaIfaceAidlImpl(31649): getCachedScanData failed with service-specific exception: android.os.ServiceSpecificException:  (code 4)
01-12 21:05:27.982 E/frs     ( 3238): Failed to open /sys/kernel/thermal/frs_nl_id: No such file or directory
01-12 21:05:30.005 E/SQLiteLog(29369): (10) POSIX Error : 11 SQLite Error : 3850
01-12 21:05:30.005 E/SQLiteLog(29369): (10) LOCK : Getting pending lock for (1) failed due to (11). The current owner is (29503).
01-12 21:05:30.007 E/SQLiteLog(29369): (10) POSIX Error : 11 SQLite Error : 3850
01-12 21:05:30.007 E/SQLiteLog(29369): (10) LOCK : Getting pending lock for (1) failed due to (11). The current owner is (29503).
01-12 21:05:30.010 E/SQLiteLog(29369): (10) POSIX Error : 11 SQLite Error : 3850
01-12 21:05:30.010 E/SQLiteLog(29369): (10) LOCK : Getting pending lock for (1) failed due to (11). The current owner is (29503).
01-12 21:05:30.650 E/WifiStaIfaceAidlImpl(31649): getCachedScanData failed with service-specific exception: android.os.ServiceSpecificException:  (code 4)
01-12 21:05:32.984 E/frs     ( 3238): Failed to open /sys/kernel/thermal/frs_nl_id: No such file or directory
01-12 21:05:33.179 E/HeatmapThread( 1169): !@ CAM New BSOH: 100
01-12 21:05:33.184 E/BatteryDump( 1131): !@new_battery_dump : 4212,257,750,850,83,240,240,258,0,250,266,258,0,Charging,NO_CHARGING,Normal,Good,USB,1,Normal,0,0,8580,0x20008000,0x10010000,0x0,0,0,0,v0004,0,0/0-0-0-0,0000,0000,00000000,0,0,0,0,0,0,8,4207,8270,990,0,
01-12 21:05:33.664 E/WifiStaIfaceAidlImpl(31649): getCachedScanData failed with service-specific exception: android.os.ServiceSpecificException:  (code 4)
01-12 21:05:36.696 E/WifiStaIfaceAidlImpl(31649): getCachedScanData failed with service-specific exception: android.os.ServiceSpecificException:  (code 4)
01-12 21:05:37.987 E/frs     ( 3238): Failed to open /sys/kernel/thermal/frs_nl_id: No such file or directory
01-12 21:05:39.711 E/WifiStaIfaceAidlImpl(31649): getCachedScanData failed with service-specific exception: android.os.ServiceSpecificException:  (code 4)
01-12 21:05:42.749 E/WifiStaIfaceAidlImpl(31649): getCachedScanData failed with service-specific exception: android.os.ServiceSpecificException:  (code 4)
01-12 21:05:42.987 E/frs     ( 3238): Failed to open /sys/kernel/thermal/frs_nl_id: No such file or directory
01-12 21:05:43.322 E/HeatmapThread( 1169): !@ CAM New BSOH: 100
01-12 21:05:43.328 E/BatteryDump( 1131): !@new_battery_dump : 4210,202,750,850,83,240,240,258,0,250,266,258,0,Charging,NO_CHARGING,Normal,Good,USB,1,Normal,0,0,8580,0x20008000,0x10010000,0x0,0,0,0,v0004,0,0/0-0-0-0,0000,0000,00000000,0,0,0,0,0,0,8,4207,8270,990,0,
01-12 21:05:45.782 E/WifiStaIfaceAidlImpl(31649): getCachedScanData failed with service-specific exception: android.os.ServiceSpecificException:  (code 4)
01-12 21:05:46.503 E/WifiStaIfaceAidlImpl(31649): getCachedScanData failed with service-specific exception: android.os.ServiceSpecificException:  (code 4)
01-12 21:05:47.990 E/frs     ( 3238): Failed to open /sys/kernel/thermal/frs_nl_id: No such file or directory
01-12 21:05:48.811 E/WifiStaIfaceAidlImpl(31649): getCachedScanData failed with service-specific exception: android.os.ServiceSpecificException:  (code 4)
01-12 21:05:50.026 E/SQLiteLog(29369): (10) POSIX Error : 11 SQLite Error : 3850
01-12 21:05:50.026 E/SQLiteLog(29369): (10) LOCK : Getting pending lock for (1) failed due to (11). The current owner is (29503).
01-12 21:05:50.027 E/SQLiteLog(29369): (10) POSIX Error : 11 SQLite Error : 3850
01-12 21:05:50.027 E/SQLiteLog(29369): (10) LOCK : Getting pending lock for (1) failed due to (11). The current owner is (29503).
01-12 21:05:50.030 E/SQLiteLog(29369): (10) POSIX Error : 11 SQLite Error : 3850
01-12 21:05:50.030 E/SQLiteLog(29369): (10) LOCK : Getting pending lock for (1) failed due to (11). The current owner is (29503).
01-12 21:05:51.843 E/WifiStaIfaceAidlImpl(31649): getCachedScanData failed with service-specific exception: android.os.ServiceSpecificException:  (code 4)
01-12 21:05:52.991 E/frs     ( 3238): Failed to open /sys/kernel/thermal/frs_nl_id: No such file or directory
01-12 21:05:53.455 E/HeatmapThread( 1169): !@ CAM New BSOH: 100
01-12 21:05:53.461 E/BatteryDump( 1131): !@new_battery_dump : 4211,245,750,850,83,241,240,258,0,251,266,258,0,Charging,NO_CHARGING,Normal,Good,USB,1,Normal,0,0,8580,0x20008000,0x10010000,0x0,0,0,0,v0004,0,0/0-0-0-0,0000,0000,00000000,0,0,0,0,0,0,8,4207,8270,990,0,
01-12 21:05:54.246 E/TelephonyManager( 1234): getDataNetworkType: ITelephony interface is not up yet
01-12 21:05:54.878 E/WifiStaIfaceAidlImpl(31649): getCachedScanData failed with service-specific exception: android.os.ServiceSpecificException:  (code 4)
01-12 21:05:56.143 E/Watchdog(31649): !@Sync: 1851 heap(MB): 127 / 161 FD: 1337 [2026-01-12 21:05:56.143]
01-12 21:05:57.915 E/WifiStaIfaceAidlImpl(31649): getCachedScanData failed with service-specific exception: android.os.ServiceSpecificException:  (code 4)
01-12 21:05:57.992 E/frs     ( 3238): Failed to open /sys/kernel/thermal/frs_nl_id: No such file or directory
01-12 21:06:00.030 E/SurfaceFlinger( 1175): MtkDuration override mode is disabled
01-12 21:06:00.284 E/SurfaceFlinger( 1175): MtkDuration override mode is disabled
01-12 21:06:00.934 E/WifiStaIfaceAidlImpl(31649): getCachedScanData failed with service-specific exception: android.os.ServiceSpecificException:  (code 4)
01-12 21:06:02.994 E/frs     ( 3238): Failed to open /sys/kernel/thermal/frs_nl_id: No such file or directory
01-12 21:06:03.599 E/HeatmapThread( 1169): !@ CAM New BSOH: 100
01-12 21:06:03.605 E/BatteryDump( 1131): !@new_battery_dump : 4212,230,750,850,83,241,241,258,0,251,266,258,0,Charging,NO_CHARGING,Normal,Good,USB,1,Normal,0,0,8580,0x20008000,0x10010000,0x0,0,0,0,v0004,0,0/0-0-0-0,0000,0000,00000000,0,0,0,0,0,0,8,4207,8270,990,0,
01-12 21:06:03.965 E/WifiStaIfaceAidlImpl(31649): getCachedScanData failed with service-specific exception: android.os.ServiceSpecificException:  (code 4)
01-12 21:06:06.995 E/WifiStaIfaceAidlImpl(31649): getCachedScanData failed with service-specific exception: android.os.ServiceSpecificException:  (code 4)
01-12 21:06:07.995 E/frs     ( 3238): Failed to open /sys/kernel/thermal/frs_nl_id: No such file or directory
01-12 21:06:10.028 E/WifiStaIfaceAidlImpl(31649): getCachedScanData failed with service-specific exception: android.os.ServiceSpecificException:  (code 4)
01-12 21:06:10.044 E/SQLiteLog(29369): (10) POSIX Error : 11 SQLite Error : 3850
01-12 21:06:10.044 E/SQLiteLog(29369): (10) LOCK : Getting pending lock for (1) failed due to (11). The current owner is (29503).
01-12 21:06:10.045 E/SQLiteLog(29369): (10) POSIX Error : 11 SQLite Error : 3850
01-12 21:06:10.045 E/SQLiteLog(29369): (10) LOCK : Getting pending lock for (1) failed due to (11). The current owner is (29503).
01-12 21:06:10.048 E/SQLiteLog(29369): (10) POSIX Error : 11 SQLite Error : 3850
01-12 21:06:10.048 E/SQLiteLog(29369): (10) LOCK : Getting pending lock for (1) failed due to (11). The current owner is (29503).
01-12 21:06:12.997 E/frs     ( 3238): Failed to open /sys/kernel/thermal/frs_nl_id: No such file or directory
01-12 21:06:13.064 E/WifiStaIfaceAidlImpl(31649): getCachedScanData failed with service-specific exception: android.os.ServiceSpecificException:  (code 4)
01-12 21:06:13.127 E/e:iwhInfService( 4057): Not starting debugger since process cannot load the jdwp agent.
01-12 21:06:13.729 E/HeatmapThread( 1169): !@ CAM New BSOH: 100
01-12 21:06:13.738 E/BatteryDump( 1131): !@new_battery_dump : 4212,240,750,850,83,241,241,259,0,251,266,259,0,Charging,NO_CHARGING,Normal,Good,USB,1,Normal,0,0,8580,0x20008000,0x10010000,0x0,0,0,0,v0004,0,0/0-0-0-0,0000,0000,00000000,0,0,0,0,0,0,8,4207,8270,990,0,
01-12 21:06:16.098 E/WifiStaIfaceAidlImpl(31649): getCachedScanData failed with service-specific exception: android.os.ServiceSpecificException:  (code 4)
01-12 21:06:17.999 E/frs     ( 3238): Failed to open /sys/kernel/thermal/frs_nl_id: No such file or directory
01-12 21:06:19.126 E/WifiStaIfaceAidlImpl(31649): getCachedScanData failed with service-specific exception: android.os.ServiceSpecificException:  (code 4)
01-12 21:06:20.058 E/SQLiteLog(29369): (10) POSIX Error : 11 SQLite Error : 3850
01-12 21:06:20.059 E/SQLiteLog(29369): (10) LOCK : Getting pending lock for (1) failed due to (11). The current owner is (-1431655766).
01-12 21:06:20.060 E/SQLiteLog(29369): (10) POSIX Error : 11 SQLite Error : 3850
01-12 21:06:20.060 E/SQLiteLog(29369): (10) LOCK : Getting pending lock for (1) failed due to (11). The current owner is (-1431655766).
01-12 21:06:22.155 E/WifiStaIfaceAidlImpl(31649): getCachedScanData failed with service-specific exception: android.os.ServiceSpecificException:  (code 4)
01-12 21:06:23.000 E/frs     ( 3238): Failed to open /sys/kernel/thermal/frs_nl_id: No such file or directory
01-12 21:06:23.884 E/HeatmapThread( 1169): !@ CAM New BSOH: 100
01-12 21:06:23.892 E/BatteryDump( 1131): !@new_battery_dump : 4212,227,750,850,83,241,241,259,0,251,267,259,0,Charging,NO_CHARGING,Normal,Good,USB,1,Normal,0,0,8580,0x20008000,0x10010000,0x0,0,0,0,v0004,0,0/0-0-0-0,0000,0000,00000000,0,0,0,0,0,0,8,4208,8280,990,0,
01-12 21:06:24.160 E/SurfaceFlinger( 1175): MtkDuration override mode is disabled
01-12 21:06:24.641 E/SurfaceFlinger( 1175): MtkDuration override mode is disabled
01-12 21:06:25.188 E/WifiStaIfaceAidlImpl(31649): getCachedScanData failed with service-specific exception: android.os.ServiceSpecificException:  (code 4)
01-12 21:06:26.153 E/Watchdog(31649): !@Sync: 1852 heap(MB): 137 / 161 FD: 1337 [2026-01-12 21:06:26.152]
01-12 21:06:28.001 E/frs     ( 3238): Failed to open /sys/kernel/thermal/frs_nl_id: No such file or directory
01-12 21:06:28.218 E/WifiStaIfaceAidlImpl(31649): getCachedScanData failed with service-specific exception: android.os.ServiceSpecificException:  (code 4)
01-12 21:06:30.068 E/SQLiteLog(29369): (10) POSIX Error : 11 SQLite Error : 3850
01-12 21:06:30.068 E/SQLiteLog(29369): (10) LOCK : Getting pending lock for (1) failed due to (11). The current owner is (29503).
01-12 21:06:30.069 E/SQLiteLog(29369): (10) POSIX Error : 11 SQLite Error : 3850
01-12 21:06:30.069 E/SQLiteLog(29369): (10) LOCK : Getting pending lock for (1) failed due to (11). The current owner is (29503).
01-12 21:06:30.072 E/SQLiteLog(29369): (10) POSIX Error : 11 SQLite Error : 3850
01-12 21:06:30.072 E/SQLiteLog(29369): (10) LOCK : Getting pending lock for (1) failed due to (11). The current owner is (29503).
01-12 21:06:31.252 E/WifiStaIfaceAidlImpl(31649): getCachedScanData failed with service-specific exception: android.os.ServiceSpecificException:  (code 4)
01-12 21:06:33.002 E/frs     ( 3238): Failed to open /sys/kernel/thermal/frs_nl_id: No such file or directory
01-12 21:06:34.035 E/HeatmapThread( 1169): !@ CAM New BSOH: 100
01-12 21:06:34.044 E/BatteryDump( 1131): !@new_battery_dump : 4212,127,750,850,83,242,241,259,0,251,267,259,0,Charging,NO_CHARGING,Normal,Good,USB,1,Normal,0,0,8580,0x20008000,0x10010000,0x0,0,0,0,v0004,0,0/0-0-0-0,0000,0000,00000000,0,0,0,0,0,0,8,4208,8280,990,0,
01-12 21:06:34.268 E/WifiStaIfaceAidlImpl(31649): getCachedScanData failed with service-specific exception: android.os.ServiceSpecificException:  (code 4)
01-12 21:06:37.283 E/WifiStaIfaceAidlImpl(31649): getCachedScanData failed with service-specific exception: android.os.ServiceSpecificException:  (code 4)
01-12 21:06:38.003 E/frs     ( 3238): Failed to open /sys/kernel/thermal/frs_nl_id: No such file or directory
01-12 21:06:40.082 E/SQLiteLog(29369): (10) POSIX Error : 11 SQLite Error : 3850
01-12 21:06:40.082 E/SQLiteLog(29369): (10) LOCK : Getting pending lock for (1) failed due to (11). The current owner is (29503).
01-12 21:06:40.083 E/SQLiteLog(29369): (10) POSIX Error : 11 SQLite Error : 3850
01-12 21:06:40.083 E/SQLiteLog(29369): (10) LOCK : Getting pending lock for (1) failed due to (11). The current owner is (29503).
01-12 21:06:40.086 E/SQLiteLog(29369): (10) POSIX Error : 11 SQLite Error : 3850
01-12 21:06:40.086 E/SQLiteLog(29369): (10) LOCK : Getting pending lock for (1) failed due to (11). The current owner is (29503).
01-12 21:06:40.295 E/WifiStaIfaceAidlImpl(31649): getCachedScanData failed with service-specific exception: android.os.ServiceSpecificException:  (code 4)
01-12 21:06:43.005 E/frs     ( 3238): Failed to open /sys/kernel/thermal/frs_nl_id: No such file or directory
01-12 21:06:43.310 E/WifiStaIfaceAidlImpl(31649): getCachedScanData failed with service-specific exception: android.os.ServiceSpecificException:  (code 4)
01-12 21:06:44.173 E/HeatmapThread( 1169): !@ CAM New BSOH: 100
01-12 21:06:44.179 E/BatteryDump( 1131): !@new_battery_dump : 4210,167,750,850,83,242,242,259,0,252,267,259,0,Charging,NO_CHARGING,Normal,Good,USB,1,Normal,0,0,8580,0x20008000,0x10010000,0x0,0,0,0,v0004,0,0/0-0-0-0,0000,0000,00000000,0,0,0,0,0,0,8,4208,8280,990,0,
01-12 21:06:46.339 E/WifiStaIfaceAidlImpl(31649): getCachedScanData failed with service-specific exception: android.os.ServiceSpecificException:  (code 4)
01-12 21:06:48.006 E/frs     ( 3238): Failed to open /sys/kernel/thermal/frs_nl_id: No such file or directory
01-12 21:06:49.369 E/WifiStaIfaceAidlImpl(31649): getCachedScanData failed with service-specific exception: android.os.ServiceSpecificException:  (code 4)
01-12 21:06:50.824 E/SurfaceFlinger( 1175): MtkDuration override mode is disabled
01-12 21:06:51.364 E/SurfaceFlinger( 1175): MtkDuration override mode is disabled
01-12 21:06:52.400 E/WifiStaIfaceAidlImpl(31649): getCachedScanData failed with service-specific exception: android.os.ServiceSpecificException:  (code 4)
01-12 21:06:53.007 E/frs     ( 3238): Failed to open /sys/kernel/thermal/frs_nl_id: No such file or directory
01-12 21:06:54.324 E/HeatmapThread( 1169): !@ CAM New BSOH: 100
01-12 21:06:54.329 E/BatteryDump( 1131): !@new_battery_dump : 4211,225,750,850,83,242,242,260,0,252,267,260,0,Charging,NO_CHARGING,Normal,Good,USB,1,Normal,0,0,8580,0x20008000,0x10010000,0x0,0,0,0,v0004,0,0/0-0-0-0,0000,0000,00000000,0,0,0,0,0,0,8,4208,8280,990,0,
01-12 21:06:55.434 E/WifiStaIfaceAidlImpl(31649): getCachedScanData failed with service-specific exception: android.os.ServiceSpecificException:  (code 4)
01-12 21:06:55.848 E/SurfaceFlinger( 1175): MtkDuration override mode is disabled
01-12 21:06:56.135 E/SurfaceFlinger( 1175): MtkDuration override mode is disabled
01-12 21:06:56.161 E/Watchdog(31649): !@Sync: 1853 heap(MB): 149 / 161 FD: 1339 [2026-01-12 21:06:56.161]
01-12 21:06:58.008 E/frs     ( 3238): Failed to open /sys/kernel/thermal/frs_nl_id: No such file or directory
01-12 21:06:58.460 E/WifiStaIfaceAidlImpl(31649): getCachedScanData failed with service-specific exception: android.os.ServiceSpecificException:  (code 4)
01-12 21:07:00.029 E/SurfaceFlinger( 1175): MtkDuration override mode is disabled
01-12 21:07:00.104 E/SQLiteLog(29369): (10) POSIX Error : 11 SQLite Error : 3850
01-12 21:07:00.104 E/SQLiteLog(29369): (10) LOCK : Getting pending lock for (1) failed due to (11). The current owner is (29503).
01-12 21:07:00.105 E/SQLiteLog(29369): (10) POSIX Error : 11 SQLite Error : 3850
01-12 21:07:00.106 E/SQLiteLog(29369): (10) LOCK : Getting pending lock for (1) failed due to (11). The current owner is (29503).
01-12 21:07:00.108 E/SQLiteLog(29369): (10) POSIX Error : 11 SQLite Error : 3850
01-12 21:07:00.108 E/SQLiteLog(29369): (10) LOCK : Getting pending lock for (1) failed due to (11). The current owner is (29503).
01-12 21:07:00.282 E/SurfaceFlinger( 1175): MtkDuration override mode is disabled
01-12 21:07:01.496 E/WifiStaIfaceAidlImpl(31649): getCachedScanData failed with service-specific exception: android.os.ServiceSpecificException:  (code 4)
01-12 21:07:03.009 E/frs     ( 3238): Failed to open /sys/kernel/thermal/frs_nl_id: No such file or directory
01-12 21:07:04.456 E/HeatmapThread( 1169): !@ CAM New BSOH: 100
01-12 21:07:04.462 E/BatteryDump( 1131): !@new_battery_dump : 4211,230,750,850,83,242,242,260,0,252,267,260,0,Charging,NO_CHARGING,Normal,Good,USB,1,Normal,0,0,8580,0x20008000,0x10010000,0x0,0,0,0,v0004,0,0/0-0-0-0,0000,0000,00000000,0,0,0,0,0,0,8,4208,8280,990,0,
01-12 21:07:04.526 E/WifiStaIfaceAidlImpl(31649): getCachedScanData failed with service-specific exception: android.os.ServiceSpecificException:  (code 4)
01-12 21:07:07.557 E/WifiStaIfaceAidlImpl(31649): getCachedScanData failed with service-specific exception: android.os.ServiceSpecificException:  (code 4)
01-12 21:07:08.009 E/frs     ( 3238): Failed to open /sys/kernel/thermal/frs_nl_id: No such file or directory
01-12 21:07:10.119 E/SQLiteLog(29369): (10) POSIX Error : 11 SQLite Error : 3850
01-12 21:07:10.119 E/SQLiteLog(29369): (10) LOCK : Getting pending lock for (1) failed due to (11). The current owner is (29503).
01-12 21:07:10.121 E/SQLiteLog(29369): (10) POSIX Error : 11 SQLite Error : 3850
01-12 21:07:10.121 E/SQLiteLog(29369): (10) LOCK : Getting pending lock for (1) failed due to (11). The current owner is (29503).
01-12 21:07:10.123 E/SQLiteLog(29369): (10) POSIX Error : 11 SQLite Error : 3850
01-12 21:07:10.123 E/SQLiteLog(29369): (10) LOCK : Getting pending lock for (1) failed due to (11). The current owner is (-1431655766).
01-12 21:07:10.587 E/WifiStaIfaceAidlImpl(31649): getCachedScanData failed with service-specific exception: android.os.ServiceSpecificException:  (code 4)
01-12 21:07:13.011 E/frs     ( 3238): Failed to open /sys/kernel/thermal/frs_nl_id: No such file or directory
01-12 21:07:13.618 E/WifiStaIfaceAidlImpl(31649): getCachedScanData failed with service-specific exception: android.os.ServiceSpecificException:  (code 4)
01-12 21:07:14.600 E/HeatmapThread( 1169): !@ CAM New BSOH: 100
01-12 21:07:14.607 E/BatteryDump( 1131): !@new_battery_dump : 4213,227,750,850,83,243,242,260,0,252,267,260,0,Charging,NO_CHARGING,Normal,Good,USB,1,Normal,0,0,8580,0x20008000,0x10010000,0x0,0,0,0,v0004,0,0/0-0-0-0,0000,0000,00000000,0,0,0,0,0,0,8,4208,8280,990,0,
01-12 21:07:16.652 E/WifiStaIfaceAidlImpl(31649): getCachedScanData failed with service-specific exception: android.os.ServiceSpecificException:  (code 4)
01-12 21:07:16.713 E/e:iwhInfService( 4107): Not starting debugger since process cannot load the jdwp agent.
01-12 21:07:18.013 E/frs     ( 3238): Failed to open /sys/kernel/thermal/frs_nl_id: No such file or directory
01-12 21:07:19.688 E/WifiStaIfaceAidlImpl(31649): getCachedScanData failed with service-specific exception: android.os.ServiceSpecificException:  (code 4)
01-12 21:07:20.047 E/SDHMS:i ( 1234): e = /sys/class/rtc/rtc0/date: open failed: EACCES (Permission denied)
01-12 21:07:20.047 E/SDHMS:i ( 1234): e = /sys/class/rtc/rtc0/time: open failed: EACCES (Permission denied)
01-12 21:07:20.048 E/SDHMS:i ( 1234): e = /sys/class/rtc/rtc0/since_epoch: open failed: EACCES (Permission denied)
01-12 21:07:22.715 E/WifiStaIfaceAidlImpl(31649): getCachedScanData failed with service-specific exception: android.os.ServiceSpecificException:  (code 4)
01-12 21:07:23.015 E/frs     ( 3238): Failed to open /sys/kernel/thermal/frs_nl_id: No such file or directory
01-12 21:07:24.747 E/HeatmapThread( 1169): !@ CAM New BSOH: 100
01-12 21:07:24.752 E/BatteryDump( 1131): !@new_battery_dump : 4212,230,750,850,83,243,243,260,0,252,267,260,0,Charging,NO_CHARGING,Normal,Good,USB,1,Normal,0,0,8580,0x20008000,0x10010000,0x0,0,0,0,v0004,0,0/0-0-0-0,0000,0000,00000000,0,0,0,0,0,0,8,4208,8280,990,0,
01-12 21:07:25.745 E/WifiStaIfaceAidlImpl(31649): getCachedScanData failed with service-specific exception: android.os.ServiceSpecificException:  (code 4)
01-12 21:07:26.170 E/Watchdog(31649): !@Sync: 1854 heap(MB): 159 / 161 FD: 1351 [2026-01-12 21:07:26.169]
01-12 21:07:28.016 E/frs     ( 3238): Failed to open /sys/kernel/thermal/frs_nl_id: No such file or directory
01-12 21:07:28.759 E/WifiStaIfaceAidlImpl(31649): getCachedScanData failed with service-specific exception: android.os.ServiceSpecificException:  (code 4)
01-12 21:07:31.777 E/WifiStaIfaceAidlImpl(31649): getCachedScanData failed with service-specific exception: android.os.ServiceSpecificException:  (code 4)
01-12 21:07:33.017 E/frs     ( 3238): Failed to open /sys/kernel/thermal/frs_nl_id: No such file or directory
01-12 21:07:34.792 E/WifiStaIfaceAidlImpl(31649): getCachedScanData failed with service-specific exception: android.os.ServiceSpecificException:  (code 4)
01-12 21:07:34.883 E/HeatmapThread( 1169): !@ CAM New BSOH: 100
01-12 21:07:34.886 E/BatteryDump( 1131): !@new_battery_dump : 4212,245,750,850,83,243,243,261,0,253,267,261,0,Charging,NO_CHARGING,Normal,Good,USB,1,Normal,0,0,8580,0x20008000,0x10010000,0x0,0,0,0,v0004,0,0/0-0-0-0,0000,0000,00000000,0,0,0,0,0,0,8,4208,8280,990,0,
01-12 21:07:37.831 E/WifiStaIfaceAidlImpl(31649): getCachedScanData failed with service-specific exception: android.os.ServiceSpecificException:  (code 4)
01-12 21:07:38.018 E/frs     ( 3238): Failed to open /sys/kernel/thermal/frs_nl_id: No such file or directory
01-12 21:07:40.144 E/SQLiteLog(29369): (10) POSIX Error : 11 SQLite Error : 3850
01-12 21:07:40.145 E/SQLiteLog(29369): (10) LOCK : Getting pending lock for (1) failed due to (11). The current owner is (-1431655766).
01-12 21:07:40.846 E/WifiStaIfaceAidlImpl(31649): getCachedScanData failed with service-specific exception: android.os.ServiceSpecificException:  (code 4)
01-12 21:07:43.018 E/frs     ( 3238): Failed to open /sys/kernel/thermal/frs_nl_id: No such file or directory
01-12 21:07:43.582 E/chromium(12706): [ERROR:components/sync/engine/get_updates_processor.cc:270] PostClientToServerMessage() failed during GetUpdates with error Network error (ERR_INTERNET_DISCONNECTED)
01-12 21:07:43.876 E/WifiStaIfaceAidlImpl(31649): getCachedScanData failed with service-specific exception: android.os.ServiceSpecificException:  (code 4)
01-12 21:07:45.024 E/HeatmapThread( 1169): !@ CAM New BSOH: 100
01-12 21:07:45.030 E/BatteryDump( 1131): !@new_battery_dump : 4212,240,750,850,83,243,243,261,0,253,268,261,0,Charging,NO_CHARGING,Normal,Good,USB,1,Normal,0,0,8580,0x20008000,0x10010000,0x0,0,0,0,v0004,0,0/0-0-0-0,0000,0000,00000000,0,0,0,0,0,0,8,4208,8280,990,0,
01-12 21:07:46.891 E/WifiStaIfaceAidlImpl(31649): getCachedScanData failed with service-specific exception: android.os.ServiceSpecificException:  (code 4)
01-12 21:07:48.020 E/frs     ( 3238): Failed to open /sys/kernel/thermal/frs_nl_id: No such file or directory
01-12 21:07:49.189 E/WifiStaIfaceAidlImpl(31649): getCachedScanData failed with service-specific exception: android.os.ServiceSpecificException:  (code 4)
01-12 21:07:49.907 E/WifiStaIfaceAidlImpl(31649): getCachedScanData failed with service-specific exception: android.os.ServiceSpecificException:  (code 4)
01-12 21:07:50.151 E/SQLiteLog(29369): (10) POSIX Error : 11 SQLite Error : 3850
01-12 21:07:50.152 E/SQLiteLog(29369): (10) LOCK : Getting pending lock for (1) failed due to (11). The current owner is (29503).
01-12 21:07:50.153 E/SQLiteLog(29369): (10) POSIX Error : 11 SQLite Error : 3850
01-12 21:07:50.153 E/SQLiteLog(29369): (10) LOCK : Getting pending lock for (1) failed due to (11). The current owner is (29503).
01-12 21:07:50.155 E/SQLiteLog(29369): (10) POSIX Error : 11 SQLite Error : 3850
01-12 21:07:50.155 E/SQLiteLog(29369): (10) LOCK : Getting pending lock for (1) failed due to (11). The current owner is (29503).
01-12 21:07:52.936 E/WifiStaIfaceAidlImpl(31649): getCachedScanData failed with service-specific exception: android.os.ServiceSpecificException:  (code 4)
01-12 21:07:53.022 E/frs     ( 3238): Failed to open /sys/kernel/thermal/frs_nl_id: No such file or directory
01-12 21:07:55.157 E/HeatmapThread( 1169): !@ CAM New BSOH: 100
01-12 21:07:55.162 E/BatteryDump( 1131): !@new_battery_dump : 4212,212,750,850,83,244,243,261,0,253,268,261,0,Charging,NO_CHARGING,Normal,Good,USB,1,Normal,0,0,8580,0x20008000,0x10010000,0x0,0,0,0,v0004,0,0/0-0-0-0,0000,0000,00000000,0,0,0,0,0,0,8,4208,8280,990,0,
01-12 21:07:55.968 E/WifiStaIfaceAidlImpl(31649): getCachedScanData failed with service-specific exception: android.os.ServiceSpecificException:  (code 4)
01-12 21:07:56.176 E/Watchdog(31649): !@Sync: 1855 heap(MB): 122 / 161 FD: 1333 [2026-01-12 21:07:56.176]
01-12 21:07:58.025 E/frs     ( 3238): Failed to open /sys/kernel/thermal/frs_nl_id: No such file or directory
01-12 21:07:58.994 E/WifiStaIfaceAidlImpl(31649): getCachedScanData failed with service-specific exception: android.os.ServiceSpecificException:  (code 4)
01-12 21:08:00.033 E/SurfaceFlinger( 1175): MtkDuration override mode is disabled
01-12 21:08:00.168 E/SQLiteLog(29369): (10) POSIX Error : 11 SQLite Error : 3850
01-12 21:08:00.168 E/SQLiteLog(29503): (10) POSIX Error : 11 SQLite Error : 3850
01-12 21:08:00.168 E/SQLiteLog(29503): (10) LOCK : Getting lock (2) failed due to (11). The current owner is (29369).
01-12 21:08:00.168 E/SQLiteLog(29369): (10) LOCK : Getting lock (4) failed due to (11). The current owner is (29503).
01-12 21:08:00.169 E/SQLiteLog(29503): (10) POSIX Error : 11 SQLite Error : 3850
01-12 21:08:00.169 E/SQLiteLog(29503): (10) LOCK : Getting pending lock for (1) failed due to (11). The current owner is (29369).
01-12 21:08:00.172 E/SQLiteLog(29503): (10) POSIX Error : 11 SQLite Error : 3850
01-12 21:08:00.172 E/SQLiteLog(29503): (10) LOCK : Getting pending lock for (1) failed due to (11). The current owner is (29369).
01-12 21:08:00.285 E/SurfaceFlinger( 1175): MtkDuration override mode is disabled
01-12 21:08:02.038 E/WifiStaIfaceAidlImpl(31649): getCachedScanData failed with service-specific exception: android.os.ServiceSpecificException:  (code 4)
01-12 21:08:03.027 E/frs     ( 3238): Failed to open /sys/kernel/thermal/frs_nl_id: No such file or directory
01-12 21:08:05.072 E/WifiStaIfaceAidlImpl(31649): getCachedScanData failed with service-specific exception: android.os.ServiceSpecificException:  (code 4)
01-12 21:08:05.306 E/HeatmapThread( 1169): !@ CAM New BSOH: 100
01-12 21:08:05.312 E/BatteryDump( 1131): !@new_battery_dump : 4213,250,750,850,83,244,243,261,0,253,268,261,0,Charging,NO_CHARGING,Normal,Good,USB,1,Normal,0,0,8580,0x20008000,0x10010000,0x0,0,0,0,v0004,0,0/0-0-0-0,0000,0000,00000000,0,0,0,0,0,0,8,4208,8280,990,0,
01-12 21:08:08.028 E/frs     ( 3238): Failed to open /sys/kernel/thermal/frs_nl_id: No such file or directory
01-12 21:08:08.097 E/WifiStaIfaceAidlImpl(31649): getCachedScanData failed with service-specific exception: android.os.ServiceSpecificException:  (code 4)
01-12 21:08:08.311 E/BtGatt.AdvertiseManager(20812): [GSIM LOG]: gsimLogHandler, msg: MESSAGE_ADV_SET_STOP, appName: com.google.android.gms, id: 1, isLegacy: true
01-12 21:08:08.430 E/BtGatt.AdvertiseManager(20812): [GSIM LOG]: gsimLogHandler, msg: MESSAGE_ADV_SET_START, appName: com.google.android.gms, id: 1, isLegacy: true
01-12 21:08:08.511 E/BtGatt.AdvertiseManager(20812): [GSIM LOG]: gsimLogHandler, msg: MESSAGE_ADV_SET_START, appName: com.google.android.gms, id: 3, isLegacy: true
01-12 21:08:10.180 E/SQLiteLog(29503): (10) POSIX Error : 11 SQLite Error : 3850
01-12 21:08:10.181 E/SQLiteLog(29503): (10) LOCK : Getting pending lock for (1) failed due to (11). The current owner is (29369).
01-12 21:08:10.182 E/SQLiteLog(29503): (10) POSIX Error : 11 SQLite Error : 3850
01-12 21:08:10.183 E/SQLiteLog(29503): (10) LOCK : Getting pending lock for (1) failed due to (11). The current owner is (29369).
01-12 21:08:10.185 E/SQLiteLog(29503): (10) POSIX Error : 11 SQLite Error : 3850
01-12 21:08:10.185 E/SQLiteLog(29503): (10) LOCK : Getting pending lock for (1) failed due to (11). The current owner is (29369).
01-12 21:08:11.131 E/WifiStaIfaceAidlImpl(31649): getCachedScanData failed with service-specific exception: android.os.ServiceSpecificException:  (code 4)
01-12 21:08:13.029 E/frs     ( 3238): Failed to open /sys/kernel/thermal/frs_nl_id: No such file or directory
01-12 21:08:14.141 E/WifiStaIfaceAidlImpl(31649): getCachedScanData failed with service-specific exception: android.os.ServiceSpecificException:  (code 4)
01-12 21:08:15.458 E/HeatmapThread( 1169): !@ CAM New BSOH: 100
01-12 21:08:15.464 E/BatteryDump( 1131): !@new_battery_dump : 4213,245,750,850,83,244,244,262,0,253,268,262,0,Charging,NO_CHARGING,Normal,Good,USB,1,Normal,0,0,8580,0x20008000,0x10010000,0x0,0,0,0,v0004,0,0/0-0-0-0,0000,0000,00000000,0,0,0,0,0,0,8,4208,8280,990,0,
01-12 21:08:17.168 E/WifiStaIfaceAidlImpl(31649): getCachedScanData failed with service-specific exception: android.os.ServiceSpecificException:  (code 4)
01-12 21:08:17.229 E/e:iwhInfService( 4146): Not starting debugger since process cannot load the jdwp agent.
01-12 21:08:18.031 E/frs     ( 3238): Failed to open /sys/kernel/thermal/frs_nl_id: No such file or directory
01-12 21:08:20.181 E/WifiStaIfaceAidlImpl(31649): getCachedScanData failed with service-specific exception: android.os.ServiceSpecificException:  (code 4)
01-12 21:08:23.034 E/frs     ( 3238): Failed to open /sys/kernel/thermal/frs_nl_id: No such file or directory
01-12 21:08:23.191 E/WifiStaIfaceAidlImpl(31649): getCachedScanData failed with service-specific exception: android.os.ServiceSpecificException:  (code 4)
01-12 21:08:25.597 E/HeatmapThread( 1169): !@ CAM New BSOH: 100
01-12 21:08:25.604 E/BatteryDump( 1131): !@new_battery_dump : 4214,225,750,850,83,244,244,262,0,253,268,262,0,Charging,NO_CHARGING,Normal,Good,USB,1,Normal,0,0,8580,0x20008000,0x10010000,0x0,0,0,0,v0004,0,0/0-0-0-0,0000,0000,00000000,0,0,0,0,0,0,8,4208,8280,990,0,
01-12 21:08:26.186 E/Watchdog(31649): !@Sync: 1856 heap(MB): 130 / 161 FD: 1333 [2026-01-12 21:08:26.186]
01-12 21:08:26.209 E/WifiStaIfaceAidlImpl(31649): getCachedScanData failed with service-specific exception: android.os.ServiceSpecificException:  (code 4)
01-12 21:08:28.035 E/frs     ( 3238): Failed to open /sys/kernel/thermal/frs_nl_id: No such file or directory
01-12 21:08:29.223 E/WifiStaIfaceAidlImpl(31649): getCachedScanData failed with service-specific exception: android.os.ServiceSpecificException:  (code 4)
01-12 21:08:30.198 E/SQLiteLog(29503): (10) POSIX Error : 11 SQLite Error : 3850
01-12 21:08:30.198 E/SQLiteLog(29503): (10) LOCK : Getting pending lock for (1) failed due to (11). The current owner is (29369).
01-12 21:08:30.199 E/SQLiteLog(29503): (10) POSIX Error : 11 SQLite Error : 3850
01-12 21:08:30.199 E/SQLiteLog(29503): (10) LOCK : Getting pending lock for (1) failed due to (11). The current owner is (29369).
01-12 21:08:30.202 E/SQLiteLog(29503): (10) POSIX Error : 11 SQLite Error : 3850
01-12 21:08:30.202 E/SQLiteLog(29503): (10) LOCK : Getting pending lock for (1) failed due to (11). The current owner is (29369).
01-12 21:08:30.207 E/SQLiteLog(29503): (10) POSIX Error : 11 SQLite Error : 3850
01-12 21:08:30.207 E/SQLiteLog(29503): (10) LOCK : Getting pending lock for (1) failed due to (11). The current owner is (29369).
01-12 21:08:32.238 E/WifiStaIfaceAidlImpl(31649): getCachedScanData failed with service-specific exception: android.os.ServiceSpecificException:  (code 4)
01-12 21:08:33.037 E/frs     ( 3238): Failed to open /sys/kernel/thermal/frs_nl_id: No such file or directory
01-12 21:08:35.250 E/WifiStaIfaceAidlImpl(31649): getCachedScanData failed with service-specific exception: android.os.ServiceSpecificException:  (code 4)
01-12 21:08:35.741 E/HeatmapThread( 1169): !@ CAM New BSOH: 100
01-12 21:08:35.744 E/BatteryDump( 1131): !@new_battery_dump : 4214,207,750,850,83,244,244,262,0,254,268,262,0,Charging,NO_CHARGING,Normal,Good,USB,1,Normal,0,0,8580,0x20008000,0x10010000,0x0,0,0,0,v0004,0,0/0-0-0-0,0000,0000,00000000,0,0,0,0,0,0,8,4208,8280,990,0,
01-12 21:08:38.038 E/frs     ( 3238): Failed to open /sys/kernel/thermal/frs_nl_id: No such file or directory
01-12 21:08:38.262 E/WifiStaIfaceAidlImpl(31649): getCachedScanData failed with service-specific exception: android.os.ServiceSpecificException:  (code 4)
01-12 21:08:41.276 E/WifiStaIfaceAidlImpl(31649): getCachedScanData failed with service-specific exception: android.os.ServiceSpecificException:  (code 4)
01-12 21:08:43.039 E/frs     ( 3238): Failed to open /sys/kernel/thermal/frs_nl_id: No such file or directory
01-12 21:08:44.292 E/WifiStaIfaceAidlImpl(31649): getCachedScanData failed with service-specific exception: android.os.ServiceSpecificException:  (code 4)
01-12 21:08:45.867 E/HeatmapThread( 1169): !@ CAM New BSOH: 100
01-12 21:08:45.875 E/BatteryDump( 1131): !@new_battery_dump : 4214,250,750,850,83,245,244,262,0,254,268,262,0,Charging,NO_CHARGING,Normal,Good,USB,1,Normal,0,0,8580,0x20008000,0x10010000,0x0,0,0,0,v0004,0,0/0-0-0-0,0000,0000,00000000,0,0,0,0,0,0,8,4208,8290,990,0,
