python : {"extra": {"objective_source": "lesson_json", "day": "monday", "subject": null, "validation_errors": 
[{"type": "value_error", "loc": ["student_goal"], "msg": "Value error, student_goal must mention at least one WIDA 
language domain (listening, reading, speaking, or writing)", "input": "Mock Student Goal", "ctx": {"error": 
"ValueError('student_goal must mention at least one WIDA language domain (listening, reading, speaking, or 
writing)')"}, "url": "https://errors.pydantic.dev/2.12/v/value_error"}, {"type": "value_error", "loc": 
["wida_objective"], "msg": "Value error, wida_objective must be at least 50 characters unless 'No School'", 
"input": "Mock WIDA Objective", "ctx": {"error": "ValueError(\"wida_objective must be at least 50 characters unless 
'No School'\")"}, "url": "https://errors.pydantic.dev/2.12/v/value_error"}]}, "event": 
"objective_validation_failed", "logger": "backend.llm_service", "level": "warning", "timestamp": 
"2025-12-29T02:08:25.583193Z"}
At line:1 char:1
+ python d:\LP\scripts\test_real_originals_w51.py > test_output.txt 2>& ...
+ ~~~~~~~~~~~~~~~~~~~~~~~~~~~~~~~~~~~~~~~~~~~~~~~~~~~~~~~~~~~~~~~~~~~~~
    + CategoryInfo          : NotSpecified: ({"extra": {"obj...08:25.583193Z"}:String) [], RemoteException
    + FullyQualifiedErrorId : NativeCommandError
 
{"extra": {"objective_source": "lesson_json", "day": "tuesday", "subject": null, "validation_errors": [{"type": 
"value_error", "loc": ["student_goal"], "msg": "Value error, student_goal must mention at least one WIDA language 
domain (listening, reading, speaking, or writing)", "input": "Mock Student Goal", "ctx": {"error": 
"ValueError('student_goal must mention at least one WIDA language domain (listening, reading, speaking, or 
writing)')"}, "url": "https://errors.pydantic.dev/2.12/v/value_error"}, {"type": "value_error", "loc": 
["wida_objective"], "msg": "Value error, wida_objective must be at least 50 characters unless 'No School'", 
"input": "Mock WIDA Objective", "ctx": {"error": "ValueError(\"wida_objective must be at least 50 characters unless 
'No School'\")"}, "url": "https://errors.pydantic.dev/2.12/v/value_error"}]}, "event": 
"objective_validation_failed", "logger": "backend.llm_service", "level": "warning", "timestamp": 
"2025-12-29T02:08:25.584004Z"}
{"extra": {"objective_source": "lesson_json", "day": "wednesday", "subject": null, "validation_errors": [{"type": 
"value_error", "loc": ["student_goal"], "msg": "Value error, student_goal must mention at least one WIDA language 
domain (listening, reading, speaking, or writing)", "input": "Mock Student Goal", "ctx": {"error": 
"ValueError('student_goal must mention at least one WIDA language domain (listening, reading, speaking, or 
writing)')"}, "url": "https://errors.pydantic.dev/2.12/v/value_error"}, {"type": "value_error", "loc": 
["wida_objective"], "msg": "Value error, wida_objective must be at least 50 characters unless 'No School'", 
"input": "Mock WIDA Objective", "ctx": {"error": "ValueError(\"wida_objective must be at least 50 characters unless 
'No School'\")"}, "url": "https://errors.pydantic.dev/2.12/v/value_error"}]}, "event": 
"objective_validation_failed", "logger": "backend.llm_service", "level": "warning", "timestamp": 
"2025-12-29T02:08:25.584004Z"}
{"extra": {"objective_source": "lesson_json", "day": "thursday", "subject": null, "validation_errors": [{"type": 
"value_error", "loc": ["student_goal"], "msg": "Value error, student_goal must mention at least one WIDA language 
domain (listening, reading, speaking, or writing)", "input": "Mock Student Goal", "ctx": {"error": 
"ValueError('student_goal must mention at least one WIDA language domain (listening, reading, speaking, or 
writing)')"}, "url": "https://errors.pydantic.dev/2.12/v/value_error"}, {"type": "value_error", "loc": 
["wida_objective"], "msg": "Value error, wida_objective must be at least 50 characters unless 'No School'", 
"input": "Mock WIDA Objective", "ctx": {"error": "ValueError(\"wida_objective must be at least 50 characters unless 
'No School'\")"}, "url": "https://errors.pydantic.dev/2.12/v/value_error"}]}, "event": 
"objective_validation_failed", "logger": "backend.llm_service", "level": "warning", "timestamp": 
"2025-12-29T02:08:25.584004Z"}
{"extra": {"objective_source": "lesson_json", "day": "friday", "subject": null, "validation_errors": [{"type": 
"value_error", "loc": ["student_goal"], "msg": "Value error, student_goal must mention at least one WIDA language 
domain (listening, reading, speaking, or writing)", "input": "Mock Student Goal", "ctx": {"error": 
"ValueError('student_goal must mention at least one WIDA language domain (listening, reading, speaking, or 
writing)')"}, "url": "https://errors.pydantic.dev/2.12/v/value_error"}, {"type": "value_error", "loc": 
["wida_objective"], "msg": "Value error, wida_objective must be at least 50 characters unless 'No School'", 
"input": "Mock WIDA Objective", "ctx": {"error": "ValueError(\"wida_objective must be at least 50 characters unless 
'No School'\")"}, "url": "https://errors.pydantic.dev/2.12/v/value_error"}]}, "event": 
"objective_validation_failed", "logger": "backend.llm_service", "level": "warning", "timestamp": 
"2025-12-29T02:08:25.584004Z"}
{"extra": {"requested_slot": 2, "actual_slot": 1, "subject": "ELA/SS", "file": "Ms. Savoca-12_15_25-12_19_25 Lesson 
plans.docx", "available_slots": 4, "is_single_slot": false, "is_expected": false, "message": "Slot 2 requested for 
'ELA/SS', but document 'Ms. Savoca-12_15_25-12_19_25 Lesson plans.docx' has 'ELA/SS' in slot 1. Content correctly 
extracted via subject-based detection. Consider updating slot configuration to match document structure (slot 1).", 
"teacher": "Donna Savoca", "grade": "2", "homeroom": "209"}, "event": "slot_subject_mismatch_multi_slot", "logger": 
"backend.llm_service", "level": "warning", "timestamp": "2025-12-29T02:08:25.683109Z"}
{"extra": {"objective_source": "lesson_json", "day": "monday", "subject": null, "validation_errors": [{"type": 
"value_error", "loc": ["student_goal"], "msg": "Value error, student_goal must mention at least one WIDA language 
domain (listening, reading, speaking, or writing)", "input": "Mock Student Goal", "ctx": {"error": 
"ValueError('student_goal must mention at least one WIDA language domain (listening, reading, speaking, or 
writing)')"}, "url": "https://errors.pydantic.dev/2.12/v/value_error"}, {"type": "value_error", "loc": 
["wida_objective"], "msg": "Value error, wida_objective must be at least 50 characters unless 'No School'", 
"input": "Mock WIDA Objective", "ctx": {"error": "ValueError(\"wida_objective must be at least 50 characters unless 
'No School'\")"}, "url": "https://errors.pydantic.dev/2.12/v/value_error"}]}, "event": 
"objective_validation_failed", "logger": "backend.llm_service", "level": "warning", "timestamp": 
"2025-12-29T02:08:26.758541Z"}
{"extra": {"objective_source": "lesson_json", "day": "tuesday", "subject": null, "validation_errors": [{"type": 
"value_error", "loc": ["student_goal"], "msg": "Value error, student_goal must mention at least one WIDA language 
domain (listening, reading, speaking, or writing)", "input": "Mock Student Goal", "ctx": {"error": 
"ValueError('student_goal must mention at least one WIDA language domain (listening, reading, speaking, or 
writing)')"}, "url": "https://errors.pydantic.dev/2.12/v/value_error"}, {"type": "value_error", "loc": 
["wida_objective"], "msg": "Value error, wida_objective must be at least 50 characters unless 'No School'", 
"input": "Mock WIDA Objective", "ctx": {"error": "ValueError(\"wida_objective must be at least 50 characters unless 
'No School'\")"}, "url": "https://errors.pydantic.dev/2.12/v/value_error"}]}, "event": 
"objective_validation_failed", "logger": "backend.llm_service", "level": "warning", "timestamp": 
"2025-12-29T02:08:26.758541Z"}
{"extra": {"objective_source": "lesson_json", "day": "wednesday", "subject": null, "validation_errors": [{"type": 
"value_error", "loc": ["student_goal"], "msg": "Value error, student_goal must mention at least one WIDA language 
domain (listening, reading, speaking, or writing)", "input": "Mock Student Goal", "ctx": {"error": 
"ValueError('student_goal must mention at least one WIDA language domain (listening, reading, speaking, or 
writing)')"}, "url": "https://errors.pydantic.dev/2.12/v/value_error"}, {"type": "value_error", "loc": 
["wida_objective"], "msg": "Value error, wida_objective must be at least 50 characters unless 'No School'", 
"input": "Mock WIDA Objective", "ctx": {"error": "ValueError(\"wida_objective must be at least 50 characters unless 
'No School'\")"}, "url": "https://errors.pydantic.dev/2.12/v/value_error"}]}, "event": 
"objective_validation_failed", "logger": "backend.llm_service", "level": "warning", "timestamp": 
"2025-12-29T02:08:26.758541Z"}
{"extra": {"objective_source": "lesson_json", "day": "thursday", "subject": null, "validation_errors": [{"type": 
"value_error", "loc": ["student_goal"], "msg": "Value error, student_goal must mention at least one WIDA language 
domain (listening, reading, speaking, or writing)", "input": "Mock Student Goal", "ctx": {"error": 
"ValueError('student_goal must mention at least one WIDA language domain (listening, reading, speaking, or 
writing)')"}, "url": "https://errors.pydantic.dev/2.12/v/value_error"}, {"type": "value_error", "loc": 
["wida_objective"], "msg": "Value error, wida_objective must be at least 50 characters unless 'No School'", 
"input": "Mock WIDA Objective", "ctx": {"error": "ValueError(\"wida_objective must be at least 50 characters unless 
'No School'\")"}, "url": "https://errors.pydantic.dev/2.12/v/value_error"}]}, "event": 
"objective_validation_failed", "logger": "backend.llm_service", "level": "warning", "timestamp": 
"2025-12-29T02:08:26.758541Z"}
{"extra": {"objective_source": "lesson_json", "day": "friday", "subject": null, "validation_errors": [{"type": 
"value_error", "loc": ["student_goal"], "msg": "Value error, student_goal must mention at least one WIDA language 
domain (listening, reading, speaking, or writing)", "input": "Mock Student Goal", "ctx": {"error": 
"ValueError('student_goal must mention at least one WIDA language domain (listening, reading, speaking, or 
writing)')"}, "url": "https://errors.pydantic.dev/2.12/v/value_error"}, {"type": "value_error", "loc": 
["wida_objective"], "msg": "Value error, wida_objective must be at least 50 characters unless 'No School'", 
"input": "Mock WIDA Objective", "ctx": {"error": "ValueError(\"wida_objective must be at least 50 characters unless 
'No School'\")"}, "url": "https://errors.pydantic.dev/2.12/v/value_error"}]}, "event": 
"objective_validation_failed", "logger": "backend.llm_service", "level": "warning", "timestamp": 
"2025-12-29T02:08:26.758541Z"}
DEBUG: Loaded 9 tasks from persistence file (merged with 0 existing)

--- TESTING REAL ORIGINALS GEN: WEEK 51 ---
User: Daniela Silva (04fe8898-cb89-4a73-affb-64a97a98f820)
Week: 12/15-12/19
Folder: F:\rodri\Documents\OneDrive\AS\Lesson Plan\25 W51
[OK] LLM Service: API key found for openai (preview: sk-proj-...jAgA), service initialized successfully
OK LLM Service: Loaded prompt template from docs\prompt_v4.md
OK LLM Service: Fully initialized - Provider: openai, Model: gpt-5-mini, Max tokens: 16384

[NOTE] Using MOCK_LLM_CALL = True and PARALLEL_LLM_PROCESSING = False.

Step 1: Processing user week (Extraction + Originals Gen)...

============================================================
PROCESS_USER_WEEK STARTED
User: 04fe8898-cb89-4a73-affb-64a97a98f820
Week: 12/15-12/19
============================================================

DEBUG: Using database instance for user_id: 04fe8898-cb89-4a73-affb-64a97a98f820
DEBUG: About to call db.get_user()
DEBUG: Got user: Wilson Rodrigues
DEBUG: About to call db.get_user_slots()
DEBUG: Got 5 slots
DEBUG: Enriching slots with schedule data
DEBUG: No schedule entry found for slot 1
DEBUG: Enriched slot 2 with time 08:30-09:15
DEBUG: Enriched slot 4 with time 10:06-10:51
DEBUG: No schedule entry found for slot 5
DEBUG: Enriched slot 6 with time 11:42-12:27
DEBUG: About to start processing 5 slots
DEBUG: Creating missing task plan_20251228210824 in progress tracker
DEBUG: Progress tracker updated: task_id=plan_20251228210824, stage=processing, progress=0%, message=Starting to process 5 slots...
DEBUG: Progress tracker updated - starting
DEBUG: Using sequential processing (parallel disabled or single slot)

DEBUG: === Starting slot 1/5 (slot_number=1): ELA ===
DEBUG: _sanitize_slot called for slot type <class 'dict'>
DEBUG: _sanitize_slot called for slot type <class 'dict'>
DEBUG: Updating progress tracker for slot 1 (slot_number=1)
DEBUG: Progress tracker updated: task_id=plan_20251228210824, stage=processing, progress=0%, message=Processing slot 1/5: ELA (Kelsey Lang)
DEBUG: Progress tracker updated for slot 1
DEBUG: About to call _process_slot for slot 1 (slot_number=1, subject=ELA)
DEBUG: _sanitize_slot called for slot type <class 'dict'>
DEBUG: _process_slot - Resolving primary file for slot 1
DEBUG: Progress tracker updated: task_id=plan_20251228210824, stage=processing, progress=1%, message=Finding lesson plan file for ELA...
DEBUG: _process_slot - calling _resolve_primary_file
DEBUG: Using primary_teacher_file_pattern: 'Lang'
DEBUG: Searching for pattern 'Lang' in week folder
DEBUG: Found 25 DOCX files in week folder: ['12_15-12_19 Davies Lesson Plans.docx', '12_15-12_19 Lang Lesson Plans.docx', 'Ms. Savoca-12_15_25-12_19_25 Lesson plans.docx', 'Wilson_Rodrigues_Weekly_W51_12-15-12-19_20251228_204012.docx', 'Wilson_Rodrigues_Weekly_W51_12-15-12-19_20251228_204012_objectives.docx', 'Wilson_Rodrigues_Weekly_W51_12-15-12-19_20251228_204141.docx', 'Wilson_Rodrigues_Weekly_W51_12-15-12-19_20251228_204141_objectives.docx', 'Wilson_Rodrigues_Weekly_W51_12-15-12-19_20251228_204503.docx', 'Wilson_Rodrigues_Weekly_W51_12-15-12-19_20251228_204503_objectives.docx', 'Wilson_Rodrigues_Weekly_W51_12-15-12-19_20251228_204533.docx']
DEBUG: Trying pattern 'Lang' for subject 'ELA'
DEBUG: Found primary file using pattern 'Lang': F:\rodri\Documents\OneDrive\AS\Lesson Plan\25 W51\12_15-12_19 Lang Lesson Plans.docx
DEBUG: _process_slot - Primary file resolved: F:\rodri\Documents\OneDrive\AS\Lesson Plan\25 W51\12_15-12_19 Lang Lesson Plans.docx
DEBUG: _process_slot - Creating DOCXParser
DEBUG: Progress tracker updated: task_id=plan_20251228210824, stage=processing, progress=2%, message=Reading lesson plan document...
DEBUG: _process_slot - DOCXParser created successfully
DEBUG: _process_slot - Validating slot availability
DEBUG: _process_slot - Document has 4 available slots, requested: 1
DEBUG: _process_slot - Logging table structure
DEBUG: _process_slot - Finding actual slot for subject 'ELA'
DEBUG: _process_slot - Extracting images and hyperlinks for slot 1 (subject: ELA)
DEBUG: Progress tracker updated: task_id=plan_20251228210824, stage=processing, progress=3%, message=Extracting content from lesson plan...
[DEBUG] _process_slot (SEQUENTIAL): Extracted 0 images, 13 hyperlinks for slot 1, subject ELA
[DEBUG] _process_slot (SEQUENTIAL): Hyperlink details: [('Lenni Lenape', 'https://docs.google.com/document/d/1_yHvguDhJIZmrI'), ('Lenni Lenape', 'https://docs.google.com/document/d/1_yHvguDhJIZmrI'), ('Lenni Lenape', 'https://docs.google.com/document/d/1_yHvguDhJIZmrI')]
DEBUG: _process_slot - Checking for No School day
DEBUG: _process_slot - Extracting subject content (SLOT-AWARE)
DEBUG: Progress tracker updated: task_id=plan_20251228210824, stage=processing, progress=4%, message=Parsing lesson content...
DEBUG: DOCXParser - actual_slot_number matches requested slot_number 1
DEBUG: _process_slot - Content extracted, length: 9066, slot: 1
DEBUG: _process_slot - Day monday has content
DEBUG: _process_slot - Day tuesday has content
DEBUG: _process_slot - Day wednesday has content
DEBUG: _process_slot - Day thursday has content
DEBUG: _process_slot - Day friday has content
DEBUG: _process_slot - Generating content for days: ['monday', 'tuesday', 'wednesday', 'thursday', 'friday']
DEBUG: Saving OriginalLessonPlan for slot 1 to DB...
DEBUG: OriginalLessonPlan saved with ID: orig_c4533070-8334-455a-9623-20334447edb3
DEBUG: Extracted unit/lesson for MONDAY: 'Unit 3: [Lenni Lenape](https://docs.google.com/doc...'
DEBUG: Extracted objective for MONDAY: 'I am learning about how descendants of the Lenape ...'
DEBUG: Extracted unit/lesson for TUESDAY: 'Unit 3: [Lenni Lenape](https://docs.google.com/doc...'
DEBUG: Extracted objective for TUESDAY: 'I am learning how to connect a cultureÆs past with...'
DEBUG: Extracted unit/lesson for WEDNESDAY: 'Unit 3: [Lenni Lenape](https://docs.google.com/doc...'
DEBUG: Extracted objective for WEDNESDAY: 'I am learning how to connect a cultureÆs past with...'
DEBUG: Extracted unit/lesson for THURSDAY: 'Unit 3: [Lenni Lenape](https://docs.google.com/doc...'
DEBUG: Extracted objective for THURSDAY: 'I am going to complete a culminating task on the h...'
DEBUG: Extracted unit/lesson for FRIDAY: 'Unit 3: [Lenni Lenape](https://docs.google.com/doc...'
DEBUG: Extracted objective for FRIDAY: 'I am going to complete a writing culminating task ...'
DEBUG: Extracted 5 unit/lessons, 5 objectives
DEBUG: _process_slot - Starting LLM transformation
DEBUG: Progress tracker updated: task_id=plan_20251228210824, stage=processing, progress=4%, message=Preparing for transformation...
DEBUG: _process_slot - Calling LLM service transform_lesson
DEBUG: Progress tracker updated: task_id=plan_20251228210824, stage=processing, progress=6%, message=Transforming ELA with AI...
DEBUG: MOCK_LLM_CALL is True - skipping actual LLM call
DEBUG: _process_slot - LLM transform_lesson returned, success: True
DEBUG: Progress tracker updated: task_id=plan_20251228210824, stage=processing, progress=11%, message=Processing transformation results...
DEBUG: _process_slot - Restoring original unit/lesson and objective content
DEBUG: Restored unit/lesson for monday
DEBUG: Restored objective content for monday
DEBUG: Restored unit/lesson for tuesday
DEBUG: Restored objective content for tuesday
DEBUG: Restored unit/lesson for wednesday
DEBUG: Restored objective content for wednesday
DEBUG: Restored unit/lesson for thursday
DEBUG: Restored objective content for thursday
DEBUG: Restored unit/lesson for friday
DEBUG: Restored objective content for friday
DEBUG: Progress tracker updated: task_id=plan_20251228210824, stage=processing, progress=13%, message=Finalizing lesson plan...
[DEBUG] _process_slot (SEQUENTIAL): Adding 13 hyperlinks to lesson_json for slot 1, subject ELA
[DEBUG] _process_slot (SEQUENTIAL) completed for slot 1
[DEBUG] Collecting sequential result: Slot 1, Subject ELA, Hyperlinks in lesson_json: 13
[DEBUG] Lesson appended for slot 1
DEBUG: === Completed slot 1/5 ===
{"extra": {"requested_slot": 4, "actual_slot": 2, "subject": "Math", "file": "Ms. Savoca-12_15_25-12_19_25 Lesson 
plans.docx", "available_slots": 4, "is_single_slot": false, "is_expected": false, "message": "Slot 4 requested for 
'Math', but document 'Ms. Savoca-12_15_25-12_19_25 Lesson plans.docx' has 'Math' in slot 2. Content correctly 
extracted via subject-based detection. Consider updating slot configuration to match document structure (slot 2).", 
"teacher": "Donna Savoca", "grade": "2", "homeroom": "209"}, "event": "slot_subject_mismatch_multi_slot", "logger": 
"backend.llm_service", "level": "warning", "timestamp": "2025-12-29T02:08:26.858486Z"}
{"extra": {"objective_source": "lesson_json", "day": "monday", "subject": null, "validation_errors": [{"type": 
"value_error", "loc": ["student_goal"], "msg": "Value error, student_goal must mention at least one WIDA language 
domain (listening, reading, speaking, or writing)", "input": "Mock Student Goal", "ctx": {"error": 
"ValueError('student_goal must mention at least one WIDA language domain (listening, reading, speaking, or 
writing)')"}, "url": "https://errors.pydantic.dev/2.12/v/value_error"}, {"type": "value_error", "loc": 
["wida_objective"], "msg": "Value error, wida_objective must be at least 50 characters unless 'No School'", 
"input": "Mock WIDA Objective", "ctx": {"error": "ValueError(\"wida_objective must be at least 50 characters unless 
'No School'\")"}, "url": "https://errors.pydantic.dev/2.12/v/value_error"}]}, "event": 
"objective_validation_failed", "logger": "backend.llm_service", "level": "warning", "timestamp": 
"2025-12-29T02:08:27.924057Z"}
{"extra": {"objective_source": "lesson_json", "day": "tuesday", "subject": null, "validation_errors": [{"type": 
"value_error", "loc": ["student_goal"], "msg": "Value error, student_goal must mention at least one WIDA language 
domain (listening, reading, speaking, or writing)", "input": "Mock Student Goal", "ctx": {"error": 
"ValueError('student_goal must mention at least one WIDA language domain (listening, reading, speaking, or 
writing)')"}, "url": "https://errors.pydantic.dev/2.12/v/value_error"}, {"type": "value_error", "loc": 
["wida_objective"], "msg": "Value error, wida_objective must be at least 50 characters unless 'No School'", 
"input": "Mock WIDA Objective", "ctx": {"error": "ValueError(\"wida_objective must be at least 50 characters unless 
'No School'\")"}, "url": "https://errors.pydantic.dev/2.12/v/value_error"}]}, "event": 
"objective_validation_failed", "logger": "backend.llm_service", "level": "warning", "timestamp": 
"2025-12-29T02:08:27.925064Z"}
{"extra": {"objective_source": "lesson_json", "day": "wednesday", "subject": null, "validation_errors": [{"type": 
"value_error", "loc": ["student_goal"], "msg": "Value error, student_goal must mention at least one WIDA language 
domain (listening, reading, speaking, or writing)", "input": "Mock Student Goal", "ctx": {"error": 
"ValueError('student_goal must mention at least one WIDA language domain (listening, reading, speaking, or 
writing)')"}, "url": "https://errors.pydantic.dev/2.12/v/value_error"}, {"type": "value_error", "loc": 
["wida_objective"], "msg": "Value error, wida_objective must be at least 50 characters unless 'No School'", 
"input": "Mock WIDA Objective", "ctx": {"error": "ValueError(\"wida_objective must be at least 50 characters unless 
'No School'\")"}, "url": "https://errors.pydantic.dev/2.12/v/value_error"}]}, "event": 
"objective_validation_failed", "logger": "backend.llm_service", "level": "warning", "timestamp": 
"2025-12-29T02:08:27.925064Z"}
{"extra": {"objective_source": "lesson_json", "day": "thursday", "subject": null, "validation_errors": [{"type": 
"value_error", "loc": ["student_goal"], "msg": "Value error, student_goal must mention at least one WIDA language 
domain (listening, reading, speaking, or writing)", "input": "Mock Student Goal", "ctx": {"error": 
"ValueError('student_goal must mention at least one WIDA language domain (listening, reading, speaking, or 
writing)')"}, "url": "https://errors.pydantic.dev/2.12/v/value_error"}, {"type": "value_error", "loc": 
["wida_objective"], "msg": "Value error, wida_objective must be at least 50 characters unless 'No School'", 
"input": "Mock WIDA Objective", "ctx": {"error": "ValueError(\"wida_objective must be at least 50 characters unless 
'No School'\")"}, "url": "https://errors.pydantic.dev/2.12/v/value_error"}]}, "event": 
"objective_validation_failed", "logger": "backend.llm_service", "level": "warning", "timestamp": 
"2025-12-29T02:08:27.925064Z"}
{"extra": {"objective_source": "lesson_json", "day": "friday", "subject": null, "validation_errors": [{"type": 
"value_error", "loc": ["student_goal"], "msg": "Value error, student_goal must mention at least one WIDA language 
domain (listening, reading, speaking, or writing)", "input": "Mock Student Goal", "ctx": {"error": 
"ValueError('student_goal must mention at least one WIDA language domain (listening, reading, speaking, or 
writing)')"}, "url": "https://errors.pydantic.dev/2.12/v/value_error"}, {"type": "value_error", "loc": 
["wida_objective"], "msg": "Value error, wida_objective must be at least 50 characters unless 'No School'", 
"input": "Mock WIDA Objective", "ctx": {"error": "ValueError(\"wida_objective must be at least 50 characters unless 
'No School'\")"}, "url": "https://errors.pydantic.dev/2.12/v/value_error"}]}, "event": 
"objective_validation_failed", "logger": "backend.llm_service", "level": "warning", "timestamp": 
"2025-12-29T02:08:27.925064Z"}
DEBUG: Progress tracker updated: task_id=plan_20251228210824, stage=processing, progress=16%, message=Completed slot 1/5: ELA

DEBUG: === Starting slot 2/5 (slot_number=2): ELA/SS ===
DEBUG: _sanitize_slot called for slot type <class 'dict'>
DEBUG: _sanitize_slot called for slot type <class 'dict'>
DEBUG: Updating progress tracker for slot 2 (slot_number=2)
DEBUG: Progress tracker updated: task_id=plan_20251228210824, stage=processing, progress=16%, message=Processing slot 2/5: ELA/SS (Donna Savoca)
DEBUG: Progress tracker updated for slot 2
DEBUG: About to call _process_slot for slot 2 (slot_number=2, subject=ELA/SS)
DEBUG: _sanitize_slot called for slot type <class 'dict'>
DEBUG: _process_slot - Resolving primary file for slot 2
DEBUG: Progress tracker updated: task_id=plan_20251228210824, stage=processing, progress=17%, message=Finding lesson plan file for ELA/SS...
DEBUG: _process_slot - calling _resolve_primary_file
DEBUG: Using primary_teacher_file_pattern: 'Savoca'
DEBUG: Searching for pattern 'Savoca' in week folder
DEBUG: Found 25 DOCX files in week folder: ['12_15-12_19 Davies Lesson Plans.docx', '12_15-12_19 Lang Lesson Plans.docx', 'Ms. Savoca-12_15_25-12_19_25 Lesson plans.docx', 'Wilson_Rodrigues_Weekly_W51_12-15-12-19_20251228_204012.docx', 'Wilson_Rodrigues_Weekly_W51_12-15-12-19_20251228_204012_objectives.docx', 'Wilson_Rodrigues_Weekly_W51_12-15-12-19_20251228_204141.docx', 'Wilson_Rodrigues_Weekly_W51_12-15-12-19_20251228_204141_objectives.docx', 'Wilson_Rodrigues_Weekly_W51_12-15-12-19_20251228_204503.docx', 'Wilson_Rodrigues_Weekly_W51_12-15-12-19_20251228_204503_objectives.docx', 'Wilson_Rodrigues_Weekly_W51_12-15-12-19_20251228_204533.docx']
DEBUG: Trying pattern 'Savoca' for subject 'ELA/SS'
DEBUG: Found primary file using pattern 'Savoca': F:\rodri\Documents\OneDrive\AS\Lesson Plan\25 W51\Ms. Savoca-12_15_25-12_19_25 Lesson plans.docx
DEBUG: _process_slot - Primary file resolved: F:\rodri\Documents\OneDrive\AS\Lesson Plan\25 W51\Ms. Savoca-12_15_25-12_19_25 Lesson plans.docx
DEBUG: _process_slot - Creating DOCXParser
DEBUG: Progress tracker updated: task_id=plan_20251228210824, stage=processing, progress=18%, message=Reading lesson plan document...
DEBUG: _process_slot - DOCXParser created successfully
DEBUG: _process_slot - Validating slot availability
DEBUG: _process_slot - Document has 4 available slots, requested: 2
DEBUG: _process_slot - Logging table structure
DEBUG: _process_slot - Finding actual slot for subject 'ELA/SS'
DEBUG: _process_slot - Slot mismatch! Requested slot 2, found subject in slot 1
DEBUG: _process_slot - Extracting images and hyperlinks for slot 1 (subject: ELA/SS)
DEBUG: Progress tracker updated: task_id=plan_20251228210824, stage=processing, progress=19%, message=Extracting content from lesson plan...
[DEBUG] _process_slot (SEQUENTIAL): Extracted 0 images, 5 hyperlinks for slot 2, subject ELA/SS
[DEBUG] _process_slot (SEQUENTIAL): Hyperlink details: [('02 - Second Grade Unit Descrip', 'https://docs.google.com/document/d/1H_hFmN04OarxjX'), ('02 - Second Grade Unit Descrip', 'https://docs.google.com/document/d/1H_hFmN04OarxjX'), ('02 - Second Grade Unit Descrip', 'https://docs.google.com/document/d/1H_hFmN04OarxjX')]
DEBUG: _process_slot - Checking for No School day
DEBUG: _process_slot - Extracting subject content (SLOT-AWARE)
DEBUG: Progress tracker updated: task_id=plan_20251228210824, stage=processing, progress=20%, message=Parsing lesson content...
DEBUG: DOCXParser - actual_slot_number matches requested slot_number 1
DEBUG: _process_slot - Content extracted, length: 5493, slot: 1
DEBUG: _process_slot - Day monday has content
DEBUG: _process_slot - Day tuesday has content
DEBUG: _process_slot - Day wednesday has content
DEBUG: _process_slot - Day thursday has content
DEBUG: _process_slot - Day friday has content
DEBUG: _process_slot - Generating content for days: ['monday', 'tuesday', 'wednesday', 'thursday', 'friday']
DEBUG: Saving OriginalLessonPlan for slot 2 to DB...
DEBUG: OriginalLessonPlan saved with ID: orig_55e7c82e-ecde-4fef-870f-0a36f4e0f236
DEBUG: Extracted unit/lesson for MONDAY: 'Unit 3 Lesson 4
SIPPS: Extension Review
20...'
DEBUG: Extracted objective for MONDAY: 'I am learning that previewing a text helps me to a...'
DEBUG: Extracted unit/lesson for TUESDAY: 'Unit 4 Lesson 5
SIPPS : Extension 21...'
DEBUG: Extracted objective for TUESDAY: 'II am learning to edit my writing
I am learning to...'
DEBUG: Extracted unit/lesson for WEDNESDAY: 'Unit 4: Lesson 6
SIPPS: Extension Review 22...'
DEBUG: Extracted objective for WEDNESDAY: 'I am learning to understand the meaning of key voc...'
DEBUG: Extracted unit/lesson for THURSDAY: 'Unit 4: Lesson 7
SIPPS: Extension Review 23...'
DEBUG: Extracted objective for THURSDAY: 'I am learning to name character traits by thinking...'
DEBUG: Extracted unit/lesson for FRIDAY: 'Unit 3 Lesson 8
SIPPS: Extension Review 24...'
DEBUG: Extracted objective for FRIDAY: 'I am learning key terms: discrimination, racism, c...'
DEBUG: Extracted 5 unit/lessons, 5 objectives
DEBUG: _process_slot - Starting LLM transformation
DEBUG: Progress tracker updated: task_id=plan_20251228210824, stage=processing, progress=20%, message=Preparing for transformation...
DEBUG: _process_slot - Calling LLM service transform_lesson
DEBUG: Progress tracker updated: task_id=plan_20251228210824, stage=processing, progress=22%, message=Transforming ELA/SS with AI...
DEBUG: MOCK_LLM_CALL is True - skipping actual LLM call
DEBUG: _process_slot - LLM transform_lesson returned, success: True
DEBUG: Progress tracker updated: task_id=plan_20251228210824, stage=processing, progress=27%, message=Processing transformation results...
DEBUG: _process_slot - Restoring original unit/lesson and objective content
DEBUG: Restored unit/lesson for monday
DEBUG: Restored objective content for monday
DEBUG: Restored unit/lesson for tuesday
DEBUG: Restored objective content for tuesday
DEBUG: Restored unit/lesson for wednesday
DEBUG: Restored objective content for wednesday
DEBUG: Restored unit/lesson for thursday
DEBUG: Restored objective content for thursday
DEBUG: Restored unit/lesson for friday
DEBUG: Restored objective content for friday
DEBUG: Progress tracker updated: task_id=plan_20251228210824, stage=processing, progress=29%, message=Finalizing lesson plan...
[DEBUG] _process_slot (SEQUENTIAL): Adding 5 hyperlinks to lesson_json for slot 2, subject ELA/SS
[DEBUG] _process_slot (SEQUENTIAL) completed for slot 2
[DEBUG] Collecting sequential result: Slot 2, Subject ELA/SS, Hyperlinks in lesson_json: 5
[DEBUG] Lesson appended for slot 2
DEBUG: === Completed slot 2/5 ===
DEBUG: Progress tracker updated: task_id=plan_20251228210824, stage=processing, progress=32%, message=Completed slot 2/5: ELA/SS

DEBUG: === Starting slot 3/5 (slot_number=4): Math ===
DEBUG: _sanitize_slot called for slot type <class 'dict'>
DEBUG: _sanitize_slot called for slot type <class 'dict'>
DEBUG: Updating progress tracker for slot 3 (slot_number=4)
DEBUG: Progress tracker updated: task_id=plan_20251228210824, stage=processing, progress=32%, message=Processing slot 3/5: Math (Donna Savoca)
DEBUG: Progress tracker updated for slot 3
DEBUG: About to call _process_slot for slot 3 (slot_number=4, subject=Math)
DEBUG: _sanitize_slot called for slot type <class 'dict'>
DEBUG: _process_slot - Resolving primary file for slot 4
DEBUG: Progress tracker updated: task_id=plan_20251228210824, stage=processing, progress=33%, message=Finding lesson plan file for Math...
DEBUG: _process_slot - calling _resolve_primary_file
DEBUG: Using primary_teacher_file_pattern: 'Savoca'
DEBUG: Searching for pattern 'Savoca' in week folder
{"extra": {"requested_slot": 5, "actual_slot": 2, "subject": "Math", "file": "12_15-12_19 Davies Lesson 
Plans.docx", "available_slots": 4, "is_single_slot": false, "is_expected": false, "message": "Slot 5 requested for 
'Math', but document '12_15-12_19 Davies Lesson Plans.docx' has 'Math' in slot 2. Content correctly extracted via 
subject-based detection. Consider updating slot configuration to match document structure (slot 2).", "teacher": 
"Caitlin Davies", "grade": "3", "homeroom": "T2"}, "event": "slot_subject_mismatch_multi_slot", "logger": 
"backend.llm_service", "level": "warning", "timestamp": "2025-12-29T02:08:28.025734Z"}
{"extra": {"objective_source": "lesson_json", "day": "monday", "subject": null, "validation_errors": [{"type": 
"value_error", "loc": ["student_goal"], "msg": "Value error, student_goal must mention at least one WIDA language 
domain (listening, reading, speaking, or writing)", "input": "Mock Student Goal", "ctx": {"error": 
"ValueError('student_goal must mention at least one WIDA language domain (listening, reading, speaking, or 
writing)')"}, "url": "https://errors.pydantic.dev/2.12/v/value_error"}, {"type": "value_error", "loc": 
["wida_objective"], "msg": "Value error, wida_objective must be at least 50 characters unless 'No School'", 
"input": "Mock WIDA Objective", "ctx": {"error": "ValueError(\"wida_objective must be at least 50 characters unless 
'No School'\")"}, "url": "https://errors.pydantic.dev/2.12/v/value_error"}]}, "event": 
"objective_validation_failed", "logger": "backend.llm_service", "level": "warning", "timestamp": 
"2025-12-29T02:08:29.151810Z"}
{"extra": {"objective_source": "lesson_json", "day": "tuesday", "subject": null, "validation_errors": [{"type": 
"value_error", "loc": ["student_goal"], "msg": "Value error, student_goal must mention at least one WIDA language 
domain (listening, reading, speaking, or writing)", "input": "Mock Student Goal", "ctx": {"error": 
"ValueError('student_goal must mention at least one WIDA language domain (listening, reading, speaking, or 
writing)')"}, "url": "https://errors.pydantic.dev/2.12/v/value_error"}, {"type": "value_error", "loc": 
["wida_objective"], "msg": "Value error, wida_objective must be at least 50 characters unless 'No School'", 
"input": "Mock WIDA Objective", "ctx": {"error": "ValueError(\"wida_objective must be at least 50 characters unless 
'No School'\")"}, "url": "https://errors.pydantic.dev/2.12/v/value_error"}]}, "event": 
"objective_validation_failed", "logger": "backend.llm_service", "level": "warning", "timestamp": 
"2025-12-29T02:08:29.152919Z"}
{"extra": {"objective_source": "lesson_json", "day": "wednesday", "subject": null, "validation_errors": [{"type": 
"value_error", "loc": ["student_goal"], "msg": "Value error, student_goal must mention at least one WIDA language 
domain (listening, reading, speaking, or writing)", "input": "Mock Student Goal", "ctx": {"error": 
"ValueError('student_goal must mention at least one WIDA language domain (listening, reading, speaking, or 
writing)')"}, "url": "https://errors.pydantic.dev/2.12/v/value_error"}, {"type": "value_error", "loc": 
["wida_objective"], "msg": "Value error, wida_objective must be at least 50 characters unless 'No School'", 
"input": "Mock WIDA Objective", "ctx": {"error": "ValueError(\"wida_objective must be at least 50 characters unless 
'No School'\")"}, "url": "https://errors.pydantic.dev/2.12/v/value_error"}]}, "event": 
"objective_validation_failed", "logger": "backend.llm_service", "level": "warning", "timestamp": 
"2025-12-29T02:08:29.152919Z"}
{"extra": {"objective_source": "lesson_json", "day": "thursday", "subject": null, "validation_errors": [{"type": 
"value_error", "loc": ["student_goal"], "msg": "Value error, student_goal must mention at least one WIDA language 
domain (listening, reading, speaking, or writing)", "input": "Mock Student Goal", "ctx": {"error": 
"ValueError('student_goal must mention at least one WIDA language domain (listening, reading, speaking, or 
writing)')"}, "url": "https://errors.pydantic.dev/2.12/v/value_error"}, {"type": "value_error", "loc": 
["wida_objective"], "msg": "Value error, wida_objective must be at least 50 characters unless 'No School'", 
"input": "Mock WIDA Objective", "ctx": {"error": "ValueError(\"wida_objective must be at least 50 characters unless 
'No School'\")"}, "url": "https://errors.pydantic.dev/2.12/v/value_error"}]}, "event": 
"objective_validation_failed", "logger": "backend.llm_service", "level": "warning", "timestamp": 
"2025-12-29T02:08:29.153920Z"}
{"extra": {"objective_source": "lesson_json", "day": "friday", "subject": null, "validation_errors": [{"type": 
"value_error", "loc": ["student_goal"], "msg": "Value error, student_goal must mention at least one WIDA language 
domain (listening, reading, speaking, or writing)", "input": "Mock Student Goal", "ctx": {"error": 
"ValueError('student_goal must mention at least one WIDA language domain (listening, reading, speaking, or 
writing)')"}, "url": "https://errors.pydantic.dev/2.12/v/value_error"}, {"type": "value_error", "loc": 
["wida_objective"], "msg": "Value error, wida_objective must be at least 50 characters unless 'No School'", 
"input": "Mock WIDA Objective", "ctx": {"error": "ValueError(\"wida_objective must be at least 50 characters unless 
'No School'\")"}, "url": "https://errors.pydantic.dev/2.12/v/value_error"}]}, "event": 
"objective_validation_failed", "logger": "backend.llm_service", "level": "warning", "timestamp": 
"2025-12-29T02:08:29.153920Z"}
{"extra": {"requested_slot": 6, "actual_slot": 3, "subject": "Science", "file": "Ms. Savoca-12_15_25-12_19_25 
Lesson plans.docx", "available_slots": 4, "is_single_slot": false, "is_expected": false, "message": "Slot 6 
requested for 'Science', but document 'Ms. Savoca-12_15_25-12_19_25 Lesson plans.docx' has 'Science' in slot 3. 
Content correctly extracted via subject-based detection. Consider updating slot configuration to match document 
structure (slot 3).", "teacher": "Donna Savoca", "grade": "2", "homeroom": "209"}, "event": 
"slot_subject_mismatch_multi_slot", "logger": "backend.llm_service", "level": "warning", "timestamp": 
"2025-12-29T02:08:29.256262Z"}
DEBUG: Found 25 DOCX files in week folder: ['12_15-12_19 Davies Lesson Plans.docx', '12_15-12_19 Lang Lesson Plans.docx', 'Ms. Savoca-12_15_25-12_19_25 Lesson plans.docx', 'Wilson_Rodrigues_Weekly_W51_12-15-12-19_20251228_204012.docx', 'Wilson_Rodrigues_Weekly_W51_12-15-12-19_20251228_204012_objectives.docx', 'Wilson_Rodrigues_Weekly_W51_12-15-12-19_20251228_204141.docx', 'Wilson_Rodrigues_Weekly_W51_12-15-12-19_20251228_204141_objectives.docx', 'Wilson_Rodrigues_Weekly_W51_12-15-12-19_20251228_204503.docx', 'Wilson_Rodrigues_Weekly_W51_12-15-12-19_20251228_204503_objectives.docx', 'Wilson_Rodrigues_Weekly_W51_12-15-12-19_20251228_204533.docx']
DEBUG: Trying pattern 'Savoca' for subject 'Math'
DEBUG: Found primary file using pattern 'Savoca': F:\rodri\Documents\OneDrive\AS\Lesson Plan\25 W51\Ms. Savoca-12_15_25-12_19_25 Lesson plans.docx
DEBUG: _process_slot - Primary file resolved: F:\rodri\Documents\OneDrive\AS\Lesson Plan\25 W51\Ms. Savoca-12_15_25-12_19_25 Lesson plans.docx
DEBUG: _process_slot - Creating DOCXParser
DEBUG: Progress tracker updated: task_id=plan_20251228210824, stage=processing, progress=34%, message=Reading lesson plan document...
DEBUG: _process_slot - DOCXParser created successfully
DEBUG: _process_slot - Validating slot availability
DEBUG: _process_slot - Document has 4 available slots, requested: 4
DEBUG: _process_slot - Logging table structure
DEBUG: _process_slot - Finding actual slot for subject 'Math'
DEBUG: _process_slot - Slot mismatch! Requested slot 4, found subject in slot 2
DEBUG: _process_slot - Extracting images and hyperlinks for slot 2 (subject: Math)
DEBUG: Progress tracker updated: task_id=plan_20251228210824, stage=processing, progress=35%, message=Extracting content from lesson plan...
[DEBUG] _process_slot (SEQUENTIAL): Extracted 0 images, 10 hyperlinks for slot 4, subject Math
[DEBUG] _process_slot (SEQUENTIAL): Hyperlink details: [('Unit 4: Addition and Subtracti', 'https://docs.google.com/document/d/1x8ll9eW0ZVYdBO'), ('Unit 4: Addition and Subtracti', 'https://docs.google.com/document/d/1x8ll9eW0ZVYdBO'), ('Unit 3: Measuring Length', 'https://docs.google.com/document/d/1jS0EN5RQpawPPk')]
DEBUG: _process_slot - Checking for No School day
DEBUG: _process_slot - Extracting subject content (SLOT-AWARE)
DEBUG: Progress tracker updated: task_id=plan_20251228210824, stage=processing, progress=36%, message=Parsing lesson content...
DEBUG: DOCXParser - actual_slot_number matches requested slot_number 2
DEBUG: _process_slot - Content extracted, length: 3718, slot: 2
DEBUG: _process_slot - Day monday has content
DEBUG: _process_slot - Day tuesday has content
DEBUG: _process_slot - Day wednesday has content
DEBUG: _process_slot - Day thursday has content
DEBUG: _process_slot - Day friday has content
DEBUG: _process_slot - Generating content for days: ['monday', 'tuesday', 'wednesday', 'thursday', 'friday']
DEBUG: Saving OriginalLessonPlan for slot 4 to DB...
DEBUG: OriginalLessonPlan saved with ID: orig_2989a2bc-bbe3-4fb7-b2de-eafedf234474
DEBUG: Extracted unit/lesson for MONDAY: 'Unit 4 Lesson 1
Whole numbers on the NUmber Line....'
DEBUG: Extracted objective for MONDAY: 'The purpose of this lesson is for students to unde...'
DEBUG: Extracted unit/lesson for TUESDAY: 'Unit 4 Lesson 2:
Features of a number line...'
DEBUG: Extracted objective for TUESDAY: 'The purpose of this lesson is for students to iden...'
DEBUG: Extracted unit/lesson for WEDNESDAY: 'Unit 4 Lesson 3
Unlabeled Tick Marks...'
DEBUG: Extracted objective for WEDNESDAY: 'The purpose of this lesson is for students to repr...'
DEBUG: Extracted unit/lesson for THURSDAY: 'Unit 4 Lesson 4
Compare numbers on a number line....'
DEBUG: Extracted objective for THURSDAY: 'The purpose of this lesson is for students to reco...'
DEBUG: Extracted unit/lesson for FRIDAY: 'Unit 4 Lesson 5
Estimate on a number line...'
DEBUG: Extracted objective for FRIDAY: 'The purpose of this lesson is for students to use ...'
DEBUG: Extracted 5 unit/lessons, 5 objectives
DEBUG: _process_slot - Starting LLM transformation
DEBUG: Progress tracker updated: task_id=plan_20251228210824, stage=processing, progress=36%, message=Preparing for transformation...
DEBUG: _process_slot - Calling LLM service transform_lesson
DEBUG: Progress tracker updated: task_id=plan_20251228210824, stage=processing, progress=38%, message=Transforming Math with AI...
DEBUG: MOCK_LLM_CALL is True - skipping actual LLM call
DEBUG: _process_slot - LLM transform_lesson returned, success: True
DEBUG: Progress tracker updated: task_id=plan_20251228210824, stage=processing, progress=43%, message=Processing transformation results...
DEBUG: _process_slot - Restoring original unit/lesson and objective content
DEBUG: Restored unit/lesson for monday
DEBUG: Restored objective content for monday
DEBUG: Restored unit/lesson for tuesday
DEBUG: Restored objective content for tuesday
DEBUG: Restored unit/lesson for wednesday
DEBUG: Restored objective content for wednesday
DEBUG: Restored unit/lesson for thursday
DEBUG: Restored objective content for thursday
DEBUG: Restored unit/lesson for friday
DEBUG: Restored objective content for friday
DEBUG: Progress tracker updated: task_id=plan_20251228210824, stage=processing, progress=45%, message=Finalizing lesson plan...
[DEBUG] _process_slot (SEQUENTIAL): Adding 10 hyperlinks to lesson_json for slot 4, subject Math
[DEBUG] _process_slot (SEQUENTIAL) completed for slot 3
[DEBUG] Collecting sequential result: Slot 4, Subject Math, Hyperlinks in lesson_json: 10
[DEBUG] Lesson appended for slot 3
DEBUG: === Completed slot 3/5 ===
DEBUG: Progress tracker updated: task_id=plan_20251228210824, stage=processing, progress=48%, message=Completed slot 3/5: Math

DEBUG: === Starting slot 4/5 (slot_number=5): Math ===
DEBUG: _sanitize_slot called for slot type <class 'dict'>
DEBUG: _sanitize_slot called for slot type <class 'dict'>
DEBUG: Updating progress tracker for slot 4 (slot_number=5)
DEBUG: Progress tracker updated: task_id=plan_20251228210824, stage=processing, progress=48%, message=Processing slot 4/5: Math (Caitlin Davies)
DEBUG: Progress tracker updated for slot 4
DEBUG: About to call _process_slot for slot 4 (slot_number=5, subject=Math)
DEBUG: _sanitize_slot called for slot type <class 'dict'>
DEBUG: _process_slot - Resolving primary file for slot 5
DEBUG: Progress tracker updated: task_id=plan_20251228210824, stage=processing, progress=49%, message=Finding lesson plan file for Math...
DEBUG: _process_slot - calling _resolve_primary_file
DEBUG: Using primary_teacher_file_pattern: 'Davies'
DEBUG: Searching for pattern 'Davies' in week folder
DEBUG: Found 25 DOCX files in week folder: ['12_15-12_19 Davies Lesson Plans.docx', '12_15-12_19 Lang Lesson Plans.docx', 'Ms. Savoca-12_15_25-12_19_25 Lesson plans.docx', 'Wilson_Rodrigues_Weekly_W51_12-15-12-19_20251228_204012.docx', 'Wilson_Rodrigues_Weekly_W51_12-15-12-19_20251228_204012_objectives.docx', 'Wilson_Rodrigues_Weekly_W51_12-15-12-19_20251228_204141.docx', 'Wilson_Rodrigues_Weekly_W51_12-15-12-19_20251228_204141_objectives.docx', 'Wilson_Rodrigues_Weekly_W51_12-15-12-19_20251228_204503.docx', 'Wilson_Rodrigues_Weekly_W51_12-15-12-19_20251228_204503_objectives.docx', 'Wilson_Rodrigues_Weekly_W51_12-15-12-19_20251228_204533.docx']
DEBUG: Trying pattern 'Davies' for subject 'Math'
DEBUG: Found primary file using pattern 'Davies': F:\rodri\Documents\OneDrive\AS\Lesson Plan\25 W51\12_15-12_19 Davies Lesson Plans.docx
DEBUG: _process_slot - Primary file resolved: F:\rodri\Documents\OneDrive\AS\Lesson Plan\25 W51\12_15-12_19 Davies Lesson Plans.docx
DEBUG: _process_slot - Creating DOCXParser
DEBUG: Progress tracker updated: task_id=plan_20251228210824, stage=processing, progress=50%, message=Reading lesson plan document...
DEBUG: _process_slot - DOCXParser created successfully
DEBUG: _process_slot - Validating slot availability
DEBUG: _process_slot - Document has 4 available slots, requested: 5
DEBUG: _process_slot - Logging table structure
DEBUG: _process_slot - Finding actual slot for subject 'Math'
{"extra": {"objective_source": "lesson_json", "day": "monday", "subject": null, "validation_errors": [{"type": 
"value_error", "loc": ["student_goal"], "msg": "Value error, student_goal must mention at least one WIDA language 
domain (listening, reading, speaking, or writing)", "input": "Mock Student Goal", "ctx": {"error": 
"ValueError('student_goal must mention at least one WIDA language domain (listening, reading, speaking, or 
writing)')"}, "url": "https://errors.pydantic.dev/2.12/v/value_error"}, {"type": "value_error", "loc": 
["wida_objective"], "msg": "Value error, wida_objective must be at least 50 characters unless 'No School'", 
"input": "Mock WIDA Objective", "ctx": {"error": "ValueError(\"wida_objective must be at least 50 characters unless 
'No School'\")"}, "url": "https://errors.pydantic.dev/2.12/v/value_error"}]}, "event": 
"objective_validation_failed", "logger": "backend.llm_service", "level": "warning", "timestamp": 
"2025-12-29T02:08:30.320947Z"}
{"extra": {"objective_source": "lesson_json", "day": "tuesday", "subject": null, "validation_errors": [{"type": 
"value_error", "loc": ["student_goal"], "msg": "Value error, student_goal must mention at least one WIDA language 
domain (listening, reading, speaking, or writing)", "input": "Mock Student Goal", "ctx": {"error": 
"ValueError('student_goal must mention at least one WIDA language domain (listening, reading, speaking, or 
writing)')"}, "url": "https://errors.pydantic.dev/2.12/v/value_error"}, {"type": "value_error", "loc": 
["wida_objective"], "msg": "Value error, wida_objective must be at least 50 characters unless 'No School'", 
"input": "Mock WIDA Objective", "ctx": {"error": "ValueError(\"wida_objective must be at least 50 characters unless 
'No School'\")"}, "url": "https://errors.pydantic.dev/2.12/v/value_error"}]}, "event": 
"objective_validation_failed", "logger": "backend.llm_service", "level": "warning", "timestamp": 
"2025-12-29T02:08:30.321950Z"}
{"extra": {"objective_source": "lesson_json", "day": "wednesday", "subject": null, "validation_errors": [{"type": 
"value_error", "loc": ["student_goal"], "msg": "Value error, student_goal must mention at least one WIDA language 
domain (listening, reading, speaking, or writing)", "input": "Mock Student Goal", "ctx": {"error": 
"ValueError('student_goal must mention at least one WIDA language domain (listening, reading, speaking, or 
writing)')"}, "url": "https://errors.pydantic.dev/2.12/v/value_error"}, {"type": "value_error", "loc": 
["wida_objective"], "msg": "Value error, wida_objective must be at least 50 characters unless 'No School'", 
"input": "Mock WIDA Objective", "ctx": {"error": "ValueError(\"wida_objective must be at least 50 characters unless 
'No School'\")"}, "url": "https://errors.pydantic.dev/2.12/v/value_error"}]}, "event": 
"objective_validation_failed", "logger": "backend.llm_service", "level": "warning", "timestamp": 
"2025-12-29T02:08:30.321950Z"}
{"extra": {"objective_source": "lesson_json", "day": "thursday", "subject": null, "validation_errors": [{"type": 
"value_error", "loc": ["student_goal"], "msg": "Value error, student_goal must mention at least one WIDA language 
domain (listening, reading, speaking, or writing)", "input": "Mock Student Goal", "ctx": {"error": 
"ValueError('student_goal must mention at least one WIDA language domain (listening, reading, speaking, or 
writing)')"}, "url": "https://errors.pydantic.dev/2.12/v/value_error"}, {"type": "value_error", "loc": 
["wida_objective"], "msg": "Value error, wida_objective must be at least 50 characters unless 'No School'", 
"input": "Mock WIDA Objective", "ctx": {"error": "ValueError(\"wida_objective must be at least 50 characters unless 
'No School'\")"}, "url": "https://errors.pydantic.dev/2.12/v/value_error"}]}, "event": 
"objective_validation_failed", "logger": "backend.llm_service", "level": "warning", "timestamp": 
"2025-12-29T02:08:30.321950Z"}
{"extra": {"objective_source": "lesson_json", "day": "friday", "subject": null, "validation_errors": [{"type": 
"value_error", "loc": ["student_goal"], "msg": "Value error, student_goal must mention at least one WIDA language 
domain (listening, reading, speaking, or writing)", "input": "Mock Student Goal", "ctx": {"error": 
"ValueError('student_goal must mention at least one WIDA language domain (listening, reading, speaking, or 
writing)')"}, "url": "https://errors.pydantic.dev/2.12/v/value_error"}, {"type": "value_error", "loc": 
["wida_objective"], "msg": "Value error, wida_objective must be at least 50 characters unless 'No School'", 
"input": "Mock WIDA Objective", "ctx": {"error": "ValueError(\"wida_objective must be at least 50 characters unless 
'No School'\")"}, "url": "https://errors.pydantic.dev/2.12/v/value_error"}]}, "event": 
"objective_validation_failed", "logger": "backend.llm_service", "level": "warning", "timestamp": 
"2025-12-29T02:08:30.321950Z"}
{"extra": {"objective_source": "lesson_json", "day": "monday", "slot_number": 2, "subject": "ELA/SS", 
"validation_errors": [{"type": "value_error", "loc": ["student_goal"], "msg": "Value error, student_goal must 
mention at least one WIDA language domain (listening, reading, speaking, or writing)", "input": "Mock Student 
Goal", "ctx": {"error": "ValueError('student_goal must mention at least one WIDA language domain (listening, 
reading, speaking, or writing)')"}, "url": "https://errors.pydantic.dev/2.12/v/value_error"}, {"type": 
"value_error", "loc": ["wida_objective"], "msg": "Value error, wida_objective must be at least 50 characters unless 
'No School'", "input": "Mock WIDA Objective", "ctx": {"error": "ValueError(\"wida_objective must be at least 50 
characters unless 'No School'\")"}, "url": "https://errors.pydantic.dev/2.12/v/value_error"}]}, "event": 
"objective_validation_failed", "logger": "backend.llm_service", "level": "warning", "timestamp": 
"2025-12-29T02:08:31.528841Z"}
{"extra": {"objective_source": "lesson_json", "day": "monday", "slot_number": 4, "subject": "Math", 
"validation_errors": [{"type": "value_error", "loc": ["student_goal"], "msg": "Value error, student_goal must 
mention at least one WIDA language domain (listening, reading, speaking, or writing)", "input": "Mock Student 
Goal", "ctx": {"error": "ValueError('student_goal must mention at least one WIDA language domain (listening, 
reading, speaking, or writing)')"}, "url": "https://errors.pydantic.dev/2.12/v/value_error"}, {"type": 
"value_error", "loc": ["wida_objective"], "msg": "Value error, wida_objective must be at least 50 characters unless 
'No School'", "input": "Mock WIDA Objective", "ctx": {"error": "ValueError(\"wida_objective must be at least 50 
characters unless 'No School'\")"}, "url": "https://errors.pydantic.dev/2.12/v/value_error"}]}, "event": 
"objective_validation_failed", "logger": "backend.llm_service", "level": "warning", "timestamp": 
"2025-12-29T02:08:31.528841Z"}
{"extra": {"objective_source": "lesson_json", "day": "monday", "slot_number": 6, "subject": "Science", 
"validation_errors": [{"type": "value_error", "loc": ["student_goal"], "msg": "Value error, student_goal must 
mention at least one WIDA language domain (listening, reading, speaking, or writing)", "input": "Mock Student 
Goal", "ctx": {"error": "ValueError('student_goal must mention at least one WIDA language domain (listening, 
reading, speaking, or writing)')"}, "url": "https://errors.pydantic.dev/2.12/v/value_error"}, {"type": 
"value_error", "loc": ["wida_objective"], "msg": "Value error, wida_objective must be at least 50 characters unless 
'No School'", "input": "Mock WIDA Objective", "ctx": {"error": "ValueError(\"wida_objective must be at least 50 
characters unless 'No School'\")"}, "url": "https://errors.pydantic.dev/2.12/v/value_error"}]}, "event": 
"objective_validation_failed", "logger": "backend.llm_service", "level": "warning", "timestamp": 
"2025-12-29T02:08:31.528841Z"}
{"extra": {"objective_source": "lesson_json", "day": "monday", "slot_number": 1, "subject": "ELA", 
"validation_errors": [{"type": "value_error", "loc": ["student_goal"], "msg": "Value error, student_goal must 
mention at least one WIDA language domain (listening, reading, speaking, or writing)", "input": "Mock Student 
Goal", "ctx": {"error": "ValueError('student_goal must mention at least one WIDA language domain (listening, 
reading, speaking, or writing)')"}, "url": "https://errors.pydantic.dev/2.12/v/value_error"}, {"type": 
"value_error", "loc": ["wida_objective"], "msg": "Value error, wida_objective must be at least 50 characters unless 
'No School'", "input": "Mock WIDA Objective", "ctx": {"error": "ValueError(\"wida_objective must be at least 50 
characters unless 'No School'\")"}, "url": "https://errors.pydantic.dev/2.12/v/value_error"}]}, "event": 
"objective_validation_failed", "logger": "backend.llm_service", "level": "warning", "timestamp": 
"2025-12-29T02:08:31.528841Z"}
{"extra": {"objective_source": "lesson_json", "day": "monday", "slot_number": 5, "subject": "Math", 
"validation_errors": [{"type": "value_error", "loc": ["student_goal"], "msg": "Value error, student_goal must 
mention at least one WIDA language domain (listening, reading, speaking, or writing)", "input": "Mock Student 
Goal", "ctx": {"error": "ValueError('student_goal must mention at least one WIDA language domain (listening, 
reading, speaking, or writing)')"}, "url": "https://errors.pydantic.dev/2.12/v/value_error"}, {"type": 
"value_error", "loc": ["wida_objective"], "msg": "Value error, wida_objective must be at least 50 characters unless 
'No School'", "input": "Mock WIDA Objective", "ctx": {"error": "ValueError(\"wida_objective must be at least 50 
characters unless 'No School'\")"}, "url": "https://errors.pydantic.dev/2.12/v/value_error"}]}, "event": 
"objective_validation_failed", "logger": "backend.llm_service", "level": "warning", "timestamp": 
"2025-12-29T02:08:31.529841Z"}
{"extra": {"objective_source": "lesson_json", "day": "tuesday", "slot_number": 2, "subject": "ELA/SS", 
"validation_errors": [{"type": "value_error", "loc": ["student_goal"], "msg": "Value error, student_goal must 
mention at least one WIDA language domain (listening, reading, speaking, or writing)", "input": "Mock Student 
Goal", "ctx": {"error": "ValueError('student_goal must mention at least one WIDA language domain (listening, 
reading, speaking, or writing)')"}, "url": "https://errors.pydantic.dev/2.12/v/value_error"}, {"type": 
"value_error", "loc": ["wida_objective"], "msg": "Value error, wida_objective must be at least 50 characters unless 
'No School'", "input": "Mock WIDA Objective", "ctx": {"error": "ValueError(\"wida_objective must be at least 50 
characters unless 'No School'\")"}, "url": "https://errors.pydantic.dev/2.12/v/value_error"}]}, "event": 
"objective_validation_failed", "logger": "backend.llm_service", "level": "warning", "timestamp": 
"2025-12-29T02:08:31.529841Z"}
{"extra": {"objective_source": "lesson_json", "day": "tuesday", "slot_number": 4, "subject": "Math", 
"validation_errors": [{"type": "value_error", "loc": ["student_goal"], "msg": "Value error, student_goal must 
mention at least one WIDA language domain (listening, reading, speaking, or writing)", "input": "Mock Student 
Goal", "ctx": {"error": "ValueError('student_goal must mention at least one WIDA language domain (listening, 
reading, speaking, or writing)')"}, "url": "https://errors.pydantic.dev/2.12/v/value_error"}, {"type": 
"value_error", "loc": ["wida_objective"], "msg": "Value error, wida_objective must be at least 50 characters unless 
'No School'", "input": "Mock WIDA Objective", "ctx": {"error": "ValueError(\"wida_objective must be at least 50 
characters unless 'No School'\")"}, "url": "https://errors.pydantic.dev/2.12/v/value_error"}]}, "event": 
"objective_validation_failed", "logger": "backend.llm_service", "level": "warning", "timestamp": 
"2025-12-29T02:08:31.529841Z"}
{"extra": {"objective_source": "lesson_json", "day": "tuesday", "slot_number": 6, "subject": "Science", 
"validation_errors": [{"type": "value_error", "loc": ["student_goal"], "msg": "Value error, student_goal must 
mention at least one WIDA language domain (listening, reading, speaking, or writing)", "input": "Mock Student 
Goal", "ctx": {"error": "ValueError('student_goal must mention at least one WIDA language domain (listening, 
reading, speaking, or writing)')"}, "url": "https://errors.pydantic.dev/2.12/v/value_error"}, {"type": 
"value_error", "loc": ["wida_objective"], "msg": "Value error, wida_objective must be at least 50 characters unless 
'No School'", "input": "Mock WIDA Objective", "ctx": {"error": "ValueError(\"wida_objective must be at least 50 
characters unless 'No School'\")"}, "url": "https://errors.pydantic.dev/2.12/v/value_error"}]}, "event": 
"objective_validation_failed", "logger": "backend.llm_service", "level": "warning", "timestamp": 
"2025-12-29T02:08:31.529841Z"}
{"extra": {"objective_source": "lesson_json", "day": "tuesday", "slot_number": 1, "subject": "ELA", 
"validation_errors": [{"type": "value_error", "loc": ["student_goal"], "msg": "Value error, student_goal must 
mention at least one WIDA language domain (listening, reading, speaking, or writing)", "input": "Mock Student 
Goal", "ctx": {"error": "ValueError('student_goal must mention at least one WIDA language domain (listening, 
reading, speaking, or writing)')"}, "url": "https://errors.pydantic.dev/2.12/v/value_error"}, {"type": 
"value_error", "loc": ["wida_objective"], "msg": "Value error, wida_objective must be at least 50 characters unless 
'No School'", "input": "Mock WIDA Objective", "ctx": {"error": "ValueError(\"wida_objective must be at least 50 
characters unless 'No School'\")"}, "url": "https://errors.pydantic.dev/2.12/v/value_error"}]}, "event": 
"objective_validation_failed", "logger": "backend.llm_service", "level": "warning", "timestamp": 
"2025-12-29T02:08:31.529841Z"}
{"extra": {"objective_source": "lesson_json", "day": "tuesday", "slot_number": 5, "subject": "Math", 
"validation_errors": [{"type": "value_error", "loc": ["student_goal"], "msg": "Value error, student_goal must 
mention at least one WIDA language domain (listening, reading, speaking, or writing)", "input": "Mock Student 
Goal", "ctx": {"error": "ValueError('student_goal must mention at least one WIDA language domain (listening, 
reading, speaking, or writing)')"}, "url": "https://errors.pydantic.dev/2.12/v/value_error"}, {"type": 
"value_error", "loc": ["wida_objective"], "msg": "Value error, wida_objective must be at least 50 characters unless 
'No School'", "input": "Mock WIDA Objective", "ctx": {"error": "ValueError(\"wida_objective must be at least 50 
characters unless 'No School'\")"}, "url": "https://errors.pydantic.dev/2.12/v/value_error"}]}, "event": 
"objective_validation_failed", "logger": "backend.llm_service", "level": "warning", "timestamp": 
"2025-12-29T02:08:31.529841Z"}
{"extra": {"objective_source": "lesson_json", "day": "wednesday", "slot_number": 2, "subject": "ELA/SS", 
"validation_errors": [{"type": "value_error", "loc": ["student_goal"], "msg": "Value error, student_goal must 
mention at least one WIDA language domain (listening, reading, speaking, or writing)", "input": "Mock Student 
Goal", "ctx": {"error": "ValueError('student_goal must mention at least one WIDA language domain (listening, 
reading, speaking, or writing)')"}, "url": "https://errors.pydantic.dev/2.12/v/value_error"}, {"type": 
"value_error", "loc": ["wida_objective"], "msg": "Value error, wida_objective must be at least 50 characters unless 
'No School'", "input": "Mock WIDA Objective", "ctx": {"error": "ValueError(\"wida_objective must be at least 50 
characters unless 'No School'\")"}, "url": "https://errors.pydantic.dev/2.12/v/value_error"}]}, "event": 
"objective_validation_failed", "logger": "backend.llm_service", "level": "warning", "timestamp": 
"2025-12-29T02:08:31.529841Z"}
{"extra": {"objective_source": "lesson_json", "day": "wednesday", "slot_number": 4, "subject": "Math", 
"validation_errors": [{"type": "value_error", "loc": ["student_goal"], "msg": "Value error, student_goal must 
mention at least one WIDA language domain (listening, reading, speaking, or writing)", "input": "Mock Student 
Goal", "ctx": {"error": "ValueError('student_goal must mention at least one WIDA language domain (listening, 
reading, speaking, or writing)')"}, "url": "https://errors.pydantic.dev/2.12/v/value_error"}, {"type": 
"value_error", "loc": ["wida_objective"], "msg": "Value error, wida_objective must be at least 50 characters unless 
'No School'", "input": "Mock WIDA Objective", "ctx": {"error": "ValueError(\"wida_objective must be at least 50 
characters unless 'No School'\")"}, "url": "https://errors.pydantic.dev/2.12/v/value_error"}]}, "event": 
"objective_validation_failed", "logger": "backend.llm_service", "level": "warning", "timestamp": 
"2025-12-29T02:08:31.529841Z"}
{"extra": {"objective_source": "lesson_json", "day": "wednesday", "slot_number": 6, "subject": "Science", 
"validation_errors": [{"type": "value_error", "loc": ["student_goal"], "msg": "Value error, student_goal must 
mention at least one WIDA language domain (listening, reading, speaking, or writing)", "input": "Mock Student 
Goal", "ctx": {"error": "ValueError('student_goal must mention at least one WIDA language domain (listening, 
reading, speaking, or writing)')"}, "url": "https://errors.pydantic.dev/2.12/v/value_error"}, {"type": 
"value_error", "loc": ["wida_objective"], "msg": "Value error, wida_objective must be at least 50 characters unless 
'No School'", "input": "Mock WIDA Objective", "ctx": {"error": "ValueError(\"wida_objective must be at least 50 
characters unless 'No School'\")"}, "url": "https://errors.pydantic.dev/2.12/v/value_error"}]}, "event": 
"objective_validation_failed", "logger": "backend.llm_service", "level": "warning", "timestamp": 
"2025-12-29T02:08:31.529841Z"}
{"extra": {"objective_source": "lesson_json", "day": "wednesday", "slot_number": 1, "subject": "ELA", 
"validation_errors": [{"type": "value_error", "loc": ["student_goal"], "msg": "Value error, student_goal must 
mention at least one WIDA language domain (listening, reading, speaking, or writing)", "input": "Mock Student 
Goal", "ctx": {"error": "ValueError('student_goal must mention at least one WIDA language domain (listening, 
reading, speaking, or writing)')"}, "url": "https://errors.pydantic.dev/2.12/v/value_error"}, {"type": 
"value_error", "loc": ["wida_objective"], "msg": "Value error, wida_objective must be at least 50 characters unless 
'No School'", "input": "Mock WIDA Objective", "ctx": {"error": "ValueError(\"wida_objective must be at least 50 
characters unless 'No School'\")"}, "url": "https://errors.pydantic.dev/2.12/v/value_error"}]}, "event": 
"objective_validation_failed", "logger": "backend.llm_service", "level": "warning", "timestamp": 
"2025-12-29T02:08:31.529841Z"}
{"extra": {"objective_source": "lesson_json", "day": "wednesday", "slot_number": 5, "subject": "Math", 
"validation_errors": [{"type": "value_error", "loc": ["student_goal"], "msg": "Value error, student_goal must 
mention at least one WIDA language domain (listening, reading, speaking, or writing)", "input": "Mock Student 
Goal", "ctx": {"error": "ValueError('student_goal must mention at least one WIDA language domain (listening, 
reading, speaking, or writing)')"}, "url": "https://errors.pydantic.dev/2.12/v/value_error"}, {"type": 
"value_error", "loc": ["wida_objective"], "msg": "Value error, wida_objective must be at least 50 characters unless 
'No School'", "input": "Mock WIDA Objective", "ctx": {"error": "ValueError(\"wida_objective must be at least 50 
characters unless 'No School'\")"}, "url": "https://errors.pydantic.dev/2.12/v/value_error"}]}, "event": 
"objective_validation_failed", "logger": "backend.llm_service", "level": "warning", "timestamp": 
"2025-12-29T02:08:31.529841Z"}
{"extra": {"objective_source": "lesson_json", "day": "thursday", "slot_number": 2, "subject": "ELA/SS", 
"validation_errors": [{"type": "value_error", "loc": ["student_goal"], "msg": "Value error, student_goal must 
mention at least one WIDA language domain (listening, reading, speaking, or writing)", "input": "Mock Student 
Goal", "ctx": {"error": "ValueError('student_goal must mention at least one WIDA language domain (listening, 
reading, speaking, or writing)')"}, "url": "https://errors.pydantic.dev/2.12/v/value_error"}, {"type": 
"value_error", "loc": ["wida_objective"], "msg": "Value error, wida_objective must be at least 50 characters unless 
'No School'", "input": "Mock WIDA Objective", "ctx": {"error": "ValueError(\"wida_objective must be at least 50 
characters unless 'No School'\")"}, "url": "https://errors.pydantic.dev/2.12/v/value_error"}]}, "event": 
"objective_validation_failed", "logger": "backend.llm_service", "level": "warning", "timestamp": 
"2025-12-29T02:08:31.529841Z"}
{"extra": {"objective_source": "lesson_json", "day": "thursday", "slot_number": 4, "subject": "Math", 
"validation_errors": [{"type": "value_error", "loc": ["student_goal"], "msg": "Value error, student_goal must 
mention at least one WIDA language domain (listening, reading, speaking, or writing)", "input": "Mock Student 
Goal", "ctx": {"error": "ValueError('student_goal must mention at least one WIDA language domain (listening, 
reading, speaking, or writing)')"}, "url": "https://errors.pydantic.dev/2.12/v/value_error"}, {"type": 
"value_error", "loc": ["wida_objective"], "msg": "Value error, wida_objective must be at least 50 characters unless 
'No School'", "input": "Mock WIDA Objective", "ctx": {"error": "ValueError(\"wida_objective must be at least 50 
characters unless 'No School'\")"}, "url": "https://errors.pydantic.dev/2.12/v/value_error"}]}, "event": 
"objective_validation_failed", "logger": "backend.llm_service", "level": "warning", "timestamp": 
"2025-12-29T02:08:31.529841Z"}
{"extra": {"objective_source": "lesson_json", "day": "thursday", "slot_number": 6, "subject": "Science", 
"validation_errors": [{"type": "value_error", "loc": ["student_goal"], "msg": "Value error, student_goal must 
mention at least one WIDA language domain (listening, reading, speaking, or writing)", "input": "Mock Student 
Goal", "ctx": {"error": "ValueError('student_goal must mention at least one WIDA language domain (listening, 
reading, speaking, or writing)')"}, "url": "https://errors.pydantic.dev/2.12/v/value_error"}, {"type": 
"value_error", "loc": ["wida_objective"], "msg": "Value error, wida_objective must be at least 50 characters unless 
'No School'", "input": "Mock WIDA Objective", "ctx": {"error": "ValueError(\"wida_objective must be at least 50 
characters unless 'No School'\")"}, "url": "https://errors.pydantic.dev/2.12/v/value_error"}]}, "event": 
"objective_validation_failed", "logger": "backend.llm_service", "level": "warning", "timestamp": 
"2025-12-29T02:08:31.529841Z"}
{"extra": {"objective_source": "lesson_json", "day": "thursday", "slot_number": 1, "subject": "ELA", 
"validation_errors": [{"type": "value_error", "loc": ["student_goal"], "msg": "Value error, student_goal must 
mention at least one WIDA language domain (listening, reading, speaking, or writing)", "input": "Mock Student 
Goal", "ctx": {"error": "ValueError('student_goal must mention at least one WIDA language domain (listening, 
reading, speaking, or writing)')"}, "url": "https://errors.pydantic.dev/2.12/v/value_error"}, {"type": 
"value_error", "loc": ["wida_objective"], "msg": "Value error, wida_objective must be at least 50 characters unless 
'No School'", "input": "Mock WIDA Objective", "ctx": {"error": "ValueError(\"wida_objective must be at least 50 
characters unless 'No School'\")"}, "url": "https://errors.pydantic.dev/2.12/v/value_error"}]}, "event": 
"objective_validation_failed", "logger": "backend.llm_service", "level": "warning", "timestamp": 
"2025-12-29T02:08:31.529841Z"}
{"extra": {"objective_source": "lesson_json", "day": "thursday", "slot_number": 5, "subject": "Math", 
"validation_errors": [{"type": "value_error", "loc": ["student_goal"], "msg": "Value error, student_goal must 
mention at least one WIDA language domain (listening, reading, speaking, or writing)", "input": "Mock Student 
Goal", "ctx": {"error": "ValueError('student_goal must mention at least one WIDA language domain (listening, 
reading, speaking, or writing)')"}, "url": "https://errors.pydantic.dev/2.12/v/value_error"}, {"type": 
"value_error", "loc": ["wida_objective"], "msg": "Value error, wida_objective must be at least 50 characters unless 
'No School'", "input": "Mock WIDA Objective", "ctx": {"error": "ValueError(\"wida_objective must be at least 50 
characters unless 'No School'\")"}, "url": "https://errors.pydantic.dev/2.12/v/value_error"}]}, "event": 
"objective_validation_failed", "logger": "backend.llm_service", "level": "warning", "timestamp": 
"2025-12-29T02:08:31.529841Z"}
{"extra": {"objective_source": "lesson_json", "day": "friday", "slot_number": 2, "subject": "ELA/SS", 
"validation_errors": [{"type": "value_error", "loc": ["student_goal"], "msg": "Value error, student_goal must 
mention at least one WIDA language domain (listening, reading, speaking, or writing)", "input": "Mock Student 
Goal", "ctx": {"error": "ValueError('student_goal must mention at least one WIDA language domain (listening, 
reading, speaking, or writing)')"}, "url": "https://errors.pydantic.dev/2.12/v/value_error"}, {"type": 
"value_error", "loc": ["wida_objective"], "msg": "Value error, wida_objective must be at least 50 characters unless 
'No School'", "input": "Mock WIDA Objective", "ctx": {"error": "ValueError(\"wida_objective must be at least 50 
characters unless 'No School'\")"}, "url": "https://errors.pydantic.dev/2.12/v/value_error"}]}, "event": 
"objective_validation_failed", "logger": "backend.llm_service", "level": "warning", "timestamp": 
"2025-12-29T02:08:31.529841Z"}
{"extra": {"objective_source": "lesson_json", "day": "friday", "slot_number": 4, "subject": "Math", 
"validation_errors": [{"type": "value_error", "loc": ["student_goal"], "msg": "Value error, student_goal must 
mention at least one WIDA language domain (listening, reading, speaking, or writing)", "input": "Mock Student 
Goal", "ctx": {"error": "ValueError('student_goal must mention at least one WIDA language domain (listening, 
reading, speaking, or writing)')"}, "url": "https://errors.pydantic.dev/2.12/v/value_error"}, {"type": 
"value_error", "loc": ["wida_objective"], "msg": "Value error, wida_objective must be at least 50 characters unless 
'No School'", "input": "Mock WIDA Objective", "ctx": {"error": "ValueError(\"wida_objective must be at least 50 
characters unless 'No School'\")"}, "url": "https://errors.pydantic.dev/2.12/v/value_error"}]}, "event": 
"objective_validation_failed", "logger": "backend.llm_service", "level": "warning", "timestamp": 
"2025-12-29T02:08:31.530842Z"}
{"extra": {"objective_source": "lesson_json", "day": "friday", "slot_number": 6, "subject": "Science", 
"validation_errors": [{"type": "value_error", "loc": ["student_goal"], "msg": "Value error, student_goal must 
mention at least one WIDA language domain (listening, reading, speaking, or writing)", "input": "Mock Student 
Goal", "ctx": {"error": "ValueError('student_goal must mention at least one WIDA language domain (listening, 
reading, speaking, or writing)')"}, "url": "https://errors.pydantic.dev/2.12/v/value_error"}, {"type": 
"value_error", "loc": ["wida_objective"], "msg": "Value error, wida_objective must be at least 50 characters unless 
'No School'", "input": "Mock WIDA Objective", "ctx": {"error": "ValueError(\"wida_objective must be at least 50 
characters unless 'No School'\")"}, "url": "https://errors.pydantic.dev/2.12/v/value_error"}]}, "event": 
"objective_validation_failed", "logger": "backend.llm_service", "level": "warning", "timestamp": 
"2025-12-29T02:08:31.530842Z"}
{"extra": {"objective_source": "lesson_json", "day": "friday", "slot_number": 1, "subject": "ELA", 
"validation_errors": [{"type": "value_error", "loc": ["student_goal"], "msg": "Value error, student_goal must 
mention at least one WIDA language domain (listening, reading, speaking, or writing)", "input": "Mock Student 
Goal", "ctx": {"error": "ValueError('student_goal must mention at least one WIDA language domain (listening, 
reading, speaking, or writing)')"}, "url": "https://errors.pydantic.dev/2.12/v/value_error"}, {"type": 
"value_error", "loc": ["wida_objective"], "msg": "Value error, wida_objective must be at least 50 characters unless 
'No School'", "input": "Mock WIDA Objective", "ctx": {"error": "ValueError(\"wida_objective must be at least 50 
characters unless 'No School'\")"}, "url": "https://errors.pydantic.dev/2.12/v/value_error"}]}, "event": 
"objective_validation_failed", "logger": "backend.llm_service", "level": "warning", "timestamp": 
"2025-12-29T02:08:31.530842Z"}
{"extra": {"objective_source": "lesson_json", "day": "friday", "slot_number": 5, "subject": "Math", 
"validation_errors": [{"type": "value_error", "loc": ["student_goal"], "msg": "Value error, student_goal must 
mention at least one WIDA language domain (listening, reading, speaking, or writing)", "input": "Mock Student 
Goal", "ctx": {"error": "ValueError('student_goal must mention at least one WIDA language domain (listening, 
reading, speaking, or writing)')"}, "url": "https://errors.pydantic.dev/2.12/v/value_error"}, {"type": 
"value_error", "loc": ["wida_objective"], "msg": "Value error, wida_objective must be at least 50 characters unless 
'No School'", "input": "Mock WIDA Objective", "ctx": {"error": "ValueError(\"wida_objective must be at least 50 
characters unless 'No School'\")"}, "url": "https://errors.pydantic.dev/2.12/v/value_error"}]}, "event": 
"objective_validation_failed", "logger": "backend.llm_service", "level": "warning", "timestamp": 
"2025-12-29T02:08:31.530842Z"}
{"extra": {"objective_source": "lesson_json", "day": "monday", "slot_number": 2, "subject": "ELA/SS", 
"validation_errors": [{"type": "value_error", "loc": ["student_goal"], "msg": "Value error, student_goal must 
mention at least one WIDA language domain (listening, reading, speaking, or writing)", "input": "Mock Student 
Goal", "ctx": {"error": "ValueError('student_goal must mention at least one WIDA language domain (listening, 
reading, speaking, or writing)')"}, "url": "https://errors.pydantic.dev/2.12/v/value_error"}, {"type": 
"value_error", "loc": ["wida_objective"], "msg": "Value error, wida_objective must be at least 50 characters unless 
'No School'", "input": "Mock WIDA Objective", "ctx": {"error": "ValueError(\"wida_objective must be at least 50 
characters unless 'No School'\")"}, "url": "https://errors.pydantic.dev/2.12/v/value_error"}]}, "event": 
"objective_validation_failed", "logger": "backend.llm_service", "level": "warning", "timestamp": 
"2025-12-29T02:08:31.574860Z"}
{"extra": {"objective_source": "lesson_json", "day": "monday", "slot_number": 4, "subject": "Math", 
"validation_errors": [{"type": "value_error", "loc": ["student_goal"], "msg": "Value error, student_goal must 
mention at least one WIDA language domain (listening, reading, speaking, or writing)", "input": "Mock Student 
Goal", "ctx": {"error": "ValueError('student_goal must mention at least one WIDA language domain (listening, 
reading, speaking, or writing)')"}, "url": "https://errors.pydantic.dev/2.12/v/value_error"}, {"type": 
"value_error", "loc": ["wida_objective"], "msg": "Value error, wida_objective must be at least 50 characters unless 
'No School'", "input": "Mock WIDA Objective", "ctx": {"error": "ValueError(\"wida_objective must be at least 50 
characters unless 'No School'\")"}, "url": "https://errors.pydantic.dev/2.12/v/value_error"}]}, "event": 
"objective_validation_failed", "logger": "backend.llm_service", "level": "warning", "timestamp": 
"2025-12-29T02:08:31.575860Z"}
{"extra": {"objective_source": "lesson_json", "day": "monday", "slot_number": 6, "subject": "Science", 
"validation_errors": [{"type": "value_error", "loc": ["student_goal"], "msg": "Value error, student_goal must 
mention at least one WIDA language domain (listening, reading, speaking, or writing)", "input": "Mock Student 
Goal", "ctx": {"error": "ValueError('student_goal must mention at least one WIDA language domain (listening, 
reading, speaking, or writing)')"}, "url": "https://errors.pydantic.dev/2.12/v/value_error"}, {"type": 
"value_error", "loc": ["wida_objective"], "msg": "Value error, wida_objective must be at least 50 characters unless 
'No School'", "input": "Mock WIDA Objective", "ctx": {"error": "ValueError(\"wida_objective must be at least 50 
characters unless 'No School'\")"}, "url": "https://errors.pydantic.dev/2.12/v/value_error"}]}, "event": 
"objective_validation_failed", "logger": "backend.llm_service", "level": "warning", "timestamp": 
"2025-12-29T02:08:31.575860Z"}
{"extra": {"objective_source": "lesson_json", "day": "monday", "slot_number": 1, "subject": "ELA", 
"validation_errors": [{"type": "value_error", "loc": ["student_goal"], "msg": "Value error, student_goal must 
mention at least one WIDA language domain (listening, reading, speaking, or writing)", "input": "Mock Student 
Goal", "ctx": {"error": "ValueError('student_goal must mention at least one WIDA language domain (listening, 
reading, speaking, or writing)')"}, "url": "https://errors.pydantic.dev/2.12/v/value_error"}, {"type": 
"value_error", "loc": ["wida_objective"], "msg": "Value error, wida_objective must be at least 50 characters unless 
'No School'", "input": "Mock WIDA Objective", "ctx": {"error": "ValueError(\"wida_objective must be at least 50 
characters unless 'No School'\")"}, "url": "https://errors.pydantic.dev/2.12/v/value_error"}]}, "event": 
"objective_validation_failed", "logger": "backend.llm_service", "level": "warning", "timestamp": 
"2025-12-29T02:08:31.575860Z"}
{"extra": {"objective_source": "lesson_json", "day": "monday", "slot_number": 5, "subject": "Math", 
"validation_errors": [{"type": "value_error", "loc": ["student_goal"], "msg": "Value error, student_goal must 
mention at least one WIDA language domain (listening, reading, speaking, or writing)", "input": "Mock Student 
Goal", "ctx": {"error": "ValueError('student_goal must mention at least one WIDA language domain (listening, 
reading, speaking, or writing)')"}, "url": "https://errors.pydantic.dev/2.12/v/value_error"}, {"type": 
"value_error", "loc": ["wida_objective"], "msg": "Value error, wida_objective must be at least 50 characters unless 
'No School'", "input": "Mock WIDA Objective", "ctx": {"error": "ValueError(\"wida_objective must be at least 50 
characters unless 'No School'\")"}, "url": "https://errors.pydantic.dev/2.12/v/value_error"}]}, "event": 
"objective_validation_failed", "logger": "backend.llm_service", "level": "warning", "timestamp": 
"2025-12-29T02:08:31.575860Z"}
{"extra": {"objective_source": "lesson_json", "day": "tuesday", "slot_number": 2, "subject": "ELA/SS", 
"validation_errors": [{"type": "value_error", "loc": ["student_goal"], "msg": "Value error, student_goal must 
mention at least one WIDA language domain (listening, reading, speaking, or writing)", "input": "Mock Student 
Goal", "ctx": {"error": "ValueError('student_goal must mention at least one WIDA language domain (listening, 
reading, speaking, or writing)')"}, "url": "https://errors.pydantic.dev/2.12/v/value_error"}, {"type": 
"value_error", "loc": ["wida_objective"], "msg": "Value error, wida_objective must be at least 50 characters unless 
'No School'", "input": "Mock WIDA Objective", "ctx": {"error": "ValueError(\"wida_objective must be at least 50 
characters unless 'No School'\")"}, "url": "https://errors.pydantic.dev/2.12/v/value_error"}]}, "event": 
"objective_validation_failed", "logger": "backend.llm_service", "level": "warning", "timestamp": 
"2025-12-29T02:08:31.575860Z"}
{"extra": {"objective_source": "lesson_json", "day": "tuesday", "slot_number": 4, "subject": "Math", 
"validation_errors": [{"type": "value_error", "loc": ["student_goal"], "msg": "Value error, student_goal must 
mention at least one WIDA language domain (listening, reading, speaking, or writing)", "input": "Mock Student 
Goal", "ctx": {"error": "ValueError('student_goal must mention at least one WIDA language domain (listening, 
reading, speaking, or writing)')"}, "url": "https://errors.pydantic.dev/2.12/v/value_error"}, {"type": 
"value_error", "loc": ["wida_objective"], "msg": "Value error, wida_objective must be at least 50 characters unless 
'No School'", "input": "Mock WIDA Objective", "ctx": {"error": "ValueError(\"wida_objective must be at least 50 
characters unless 'No School'\")"}, "url": "https://errors.pydantic.dev/2.12/v/value_error"}]}, "event": 
"objective_validation_failed", "logger": "backend.llm_service", "level": "warning", "timestamp": 
"2025-12-29T02:08:31.575860Z"}
{"extra": {"objective_source": "lesson_json", "day": "tuesday", "slot_number": 6, "subject": "Science", 
"validation_errors": [{"type": "value_error", "loc": ["student_goal"], "msg": "Value error, student_goal must 
mention at least one WIDA language domain (listening, reading, speaking, or writing)", "input": "Mock Student 
Goal", "ctx": {"error": "ValueError('student_goal must mention at least one WIDA language domain (listening, 
reading, speaking, or writing)')"}, "url": "https://errors.pydantic.dev/2.12/v/value_error"}, {"type": 
"value_error", "loc": ["wida_objective"], "msg": "Value error, wida_objective must be at least 50 characters unless 
'No School'", "input": "Mock WIDA Objective", "ctx": {"error": "ValueError(\"wida_objective must be at least 50 
characters unless 'No School'\")"}, "url": "https://errors.pydantic.dev/2.12/v/value_error"}]}, "event": 
"objective_validation_failed", "logger": "backend.llm_service", "level": "warning", "timestamp": 
"2025-12-29T02:08:31.575860Z"}
{"extra": {"objective_source": "lesson_json", "day": "tuesday", "slot_number": 1, "subject": "ELA", 
"validation_errors": [{"type": "value_error", "loc": ["student_goal"], "msg": "Value error, student_goal must 
mention at least one WIDA language domain (listening, reading, speaking, or writing)", "input": "Mock Student 
Goal", "ctx": {"error": "ValueError('student_goal must mention at least one WIDA language domain (listening, 
reading, speaking, or writing)')"}, "url": "https://errors.pydantic.dev/2.12/v/value_error"}, {"type": 
"value_error", "loc": ["wida_objective"], "msg": "Value error, wida_objective must be at least 50 characters unless 
'No School'", "input": "Mock WIDA Objective", "ctx": {"error": "ValueError(\"wida_objective must be at least 50 
characters unless 'No School'\")"}, "url": "https://errors.pydantic.dev/2.12/v/value_error"}]}, "event": 
"objective_validation_failed", "logger": "backend.llm_service", "level": "warning", "timestamp": 
"2025-12-29T02:08:31.575860Z"}
{"extra": {"objective_source": "lesson_json", "day": "tuesday", "slot_number": 5, "subject": "Math", 
"validation_errors": [{"type": "value_error", "loc": ["student_goal"], "msg": "Value error, student_goal must 
mention at least one WIDA language domain (listening, reading, speaking, or writing)", "input": "Mock Student 
Goal", "ctx": {"error": "ValueError('student_goal must mention at least one WIDA language domain (listening, 
reading, speaking, or writing)')"}, "url": "https://errors.pydantic.dev/2.12/v/value_error"}, {"type": 
"value_error", "loc": ["wida_objective"], "msg": "Value error, wida_objective must be at least 50 characters unless 
'No School'", "input": "Mock WIDA Objective", "ctx": {"error": "ValueError(\"wida_objective must be at least 50 
characters unless 'No School'\")"}, "url": "https://errors.pydantic.dev/2.12/v/value_error"}]}, "event": 
"objective_validation_failed", "logger": "backend.llm_service", "level": "warning", "timestamp": 
"2025-12-29T02:08:31.575860Z"}
{"extra": {"objective_source": "lesson_json", "day": "wednesday", "slot_number": 2, "subject": "ELA/SS", 
"validation_errors": [{"type": "value_error", "loc": ["student_goal"], "msg": "Value error, student_goal must 
mention at least one WIDA language domain (listening, reading, speaking, or writing)", "input": "Mock Student 
Goal", "ctx": {"error": "ValueError('student_goal must mention at least one WIDA language domain (listening, 
reading, speaking, or writing)')"}, "url": "https://errors.pydantic.dev/2.12/v/value_error"}, {"type": 
"value_error", "loc": ["wida_objective"], "msg": "Value error, wida_objective must be at least 50 characters unless 
'No School'", "input": "Mock WIDA Objective", "ctx": {"error": "ValueError(\"wida_objective must be at least 50 
characters unless 'No School'\")"}, "url": "https://errors.pydantic.dev/2.12/v/value_error"}]}, "event": 
"objective_validation_failed", "logger": "backend.llm_service", "level": "warning", "timestamp": 
"2025-12-29T02:08:31.575860Z"}
{"extra": {"objective_source": "lesson_json", "day": "wednesday", "slot_number": 4, "subject": "Math", 
"validation_errors": [{"type": "value_error", "loc": ["student_goal"], "msg": "Value error, student_goal must 
mention at least one WIDA language domain (listening, reading, speaking, or writing)", "input": "Mock Student 
Goal", "ctx": {"error": "ValueError('student_goal must mention at least one WIDA language domain (listening, 
reading, speaking, or writing)')"}, "url": "https://errors.pydantic.dev/2.12/v/value_error"}, {"type": 
"value_error", "loc": ["wida_objective"], "msg": "Value error, wida_objective must be at least 50 characters unless 
'No School'", "input": "Mock WIDA Objective", "ctx": {"error": "ValueError(\"wida_objective must be at least 50 
characters unless 'No School'\")"}, "url": "https://errors.pydantic.dev/2.12/v/value_error"}]}, "event": 
"objective_validation_failed", "logger": "backend.llm_service", "level": "warning", "timestamp": 
"2025-12-29T02:08:31.575860Z"}
{"extra": {"objective_source": "lesson_json", "day": "wednesday", "slot_number": 6, "subject": "Science", 
"validation_errors": [{"type": "value_error", "loc": ["student_goal"], "msg": "Value error, student_goal must 
mention at least one WIDA language domain (listening, reading, speaking, or writing)", "input": "Mock Student 
Goal", "ctx": {"error": "ValueError('student_goal must mention at least one WIDA language domain (listening, 
reading, speaking, or writing)')"}, "url": "https://errors.pydantic.dev/2.12/v/value_error"}, {"type": 
"value_error", "loc": ["wida_objective"], "msg": "Value error, wida_objective must be at least 50 characters unless 
'No School'", "input": "Mock WIDA Objective", "ctx": {"error": "ValueError(\"wida_objective must be at least 50 
characters unless 'No School'\")"}, "url": "https://errors.pydantic.dev/2.12/v/value_error"}]}, "event": 
"objective_validation_failed", "logger": "backend.llm_service", "level": "warning", "timestamp": 
"2025-12-29T02:08:31.575860Z"}
{"extra": {"objective_source": "lesson_json", "day": "wednesday", "slot_number": 1, "subject": "ELA", 
"validation_errors": [{"type": "value_error", "loc": ["student_goal"], "msg": "Value error, student_goal must 
mention at least one WIDA language domain (listening, reading, speaking, or writing)", "input": "Mock Student 
Goal", "ctx": {"error": "ValueError('student_goal must mention at least one WIDA language domain (listening, 
reading, speaking, or writing)')"}, "url": "https://errors.pydantic.dev/2.12/v/value_error"}, {"type": 
"value_error", "loc": ["wida_objective"], "msg": "Value error, wida_objective must be at least 50 characters unless 
'No School'", "input": "Mock WIDA Objective", "ctx": {"error": "ValueError(\"wida_objective must be at least 50 
characters unless 'No School'\")"}, "url": "https://errors.pydantic.dev/2.12/v/value_error"}]}, "event": 
"objective_validation_failed", "logger": "backend.llm_service", "level": "warning", "timestamp": 
"2025-12-29T02:08:31.575860Z"}
{"extra": {"objective_source": "lesson_json", "day": "wednesday", "slot_number": 5, "subject": "Math", 
"validation_errors": [{"type": "value_error", "loc": ["student_goal"], "msg": "Value error, student_goal must 
mention at least one WIDA language domain (listening, reading, speaking, or writing)", "input": "Mock Student 
Goal", "ctx": {"error": "ValueError('student_goal must mention at least one WIDA language domain (listening, 
reading, speaking, or writing)')"}, "url": "https://errors.pydantic.dev/2.12/v/value_error"}, {"type": 
"value_error", "loc": ["wida_objective"], "msg": "Value error, wida_objective must be at least 50 characters unless 
'No School'", "input": "Mock WIDA Objective", "ctx": {"error": "ValueError(\"wida_objective must be at least 50 
characters unless 'No School'\")"}, "url": "https://errors.pydantic.dev/2.12/v/value_error"}]}, "event": 
"objective_validation_failed", "logger": "backend.llm_service", "level": "warning", "timestamp": 
"2025-12-29T02:08:31.575860Z"}
{"extra": {"objective_source": "lesson_json", "day": "thursday", "slot_number": 2, "subject": "ELA/SS", 
"validation_errors": [{"type": "value_error", "loc": ["student_goal"], "msg": "Value error, student_goal must 
mention at least one WIDA language domain (listening, reading, speaking, or writing)", "input": "Mock Student 
Goal", "ctx": {"error": "ValueError('student_goal must mention at least one WIDA language domain (listening, 
reading, speaking, or writing)')"}, "url": "https://errors.pydantic.dev/2.12/v/value_error"}, {"type": 
"value_error", "loc": ["wida_objective"], "msg": "Value error, wida_objective must be at least 50 characters unless 
'No School'", "input": "Mock WIDA Objective", "ctx": {"error": "ValueError(\"wida_objective must be at least 50 
characters unless 'No School'\")"}, "url": "https://errors.pydantic.dev/2.12/v/value_error"}]}, "event": 
"objective_validation_failed", "logger": "backend.llm_service", "level": "warning", "timestamp": 
"2025-12-29T02:08:31.575860Z"}
{"extra": {"objective_source": "lesson_json", "day": "thursday", "slot_number": 4, "subject": "Math", 
"validation_errors": [{"type": "value_error", "loc": ["student_goal"], "msg": "Value error, student_goal must 
mention at least one WIDA language domain (listening, reading, speaking, or writing)", "input": "Mock Student 
Goal", "ctx": {"error": "ValueError('student_goal must mention at least one WIDA language domain (listening, 
reading, speaking, or writing)')"}, "url": "https://errors.pydantic.dev/2.12/v/value_error"}, {"type": 
"value_error", "loc": ["wida_objective"], "msg": "Value error, wida_objective must be at least 50 characters unless 
'No School'", "input": "Mock WIDA Objective", "ctx": {"error": "ValueError(\"wida_objective must be at least 50 
characters unless 'No School'\")"}, "url": "https://errors.pydantic.dev/2.12/v/value_error"}]}, "event": 
"objective_validation_failed", "logger": "backend.llm_service", "level": "warning", "timestamp": 
"2025-12-29T02:08:31.576860Z"}
{"extra": {"objective_source": "lesson_json", "day": "thursday", "slot_number": 6, "subject": "Science", 
"validation_errors": [{"type": "value_error", "loc": ["student_goal"], "msg": "Value error, student_goal must 
mention at least one WIDA language domain (listening, reading, speaking, or writing)", "input": "Mock Student 
Goal", "ctx": {"error": "ValueError('student_goal must mention at least one WIDA language domain (listening, 
reading, speaking, or writing)')"}, "url": "https://errors.pydantic.dev/2.12/v/value_error"}, {"type": 
"value_error", "loc": ["wida_objective"], "msg": "Value error, wida_objective must be at least 50 characters unless 
'No School'", "input": "Mock WIDA Objective", "ctx": {"error": "ValueError(\"wida_objective must be at least 50 
characters unless 'No School'\")"}, "url": "https://errors.pydantic.dev/2.12/v/value_error"}]}, "event": 
"objective_validation_failed", "logger": "backend.llm_service", "level": "warning", "timestamp": 
"2025-12-29T02:08:31.576860Z"}
{"extra": {"objective_source": "lesson_json", "day": "thursday", "slot_number": 1, "subject": "ELA", 
"validation_errors": [{"type": "value_error", "loc": ["student_goal"], "msg": "Value error, student_goal must 
mention at least one WIDA language domain (listening, reading, speaking, or writing)", "input": "Mock Student 
Goal", "ctx": {"error": "ValueError('student_goal must mention at least one WIDA language domain (listening, 
reading, speaking, or writing)')"}, "url": "https://errors.pydantic.dev/2.12/v/value_error"}, {"type": 
"value_error", "loc": ["wida_objective"], "msg": "Value error, wida_objective must be at least 50 characters unless 
'No School'", "input": "Mock WIDA Objective", "ctx": {"error": "ValueError(\"wida_objective must be at least 50 
characters unless 'No School'\")"}, "url": "https://errors.pydantic.dev/2.12/v/value_error"}]}, "event": 
"objective_validation_failed", "logger": "backend.llm_service", "level": "warning", "timestamp": 
"2025-12-29T02:08:31.576860Z"}
{"extra": {"objective_source": "lesson_json", "day": "thursday", "slot_number": 5, "subject": "Math", 
"validation_errors": [{"type": "value_error", "loc": ["student_goal"], "msg": "Value error, student_goal must 
mention at least one WIDA language domain (listening, reading, speaking, or writing)", "input": "Mock Student 
Goal", "ctx": {"error": "ValueError('student_goal must mention at least one WIDA language domain (listening, 
reading, speaking, or writing)')"}, "url": "https://errors.pydantic.dev/2.12/v/value_error"}, {"type": 
"value_error", "loc": ["wida_objective"], "msg": "Value error, wida_objective must be at least 50 characters unless 
'No School'", "input": "Mock WIDA Objective", "ctx": {"error": "ValueError(\"wida_objective must be at least 50 
characters unless 'No School'\")"}, "url": "https://errors.pydantic.dev/2.12/v/value_error"}]}, "event": 
"objective_validation_failed", "logger": "backend.llm_service", "level": "warning", "timestamp": 
"2025-12-29T02:08:31.576860Z"}
{"extra": {"objective_source": "lesson_json", "day": "friday", "slot_number": 2, "subject": "ELA/SS", 
"validation_errors": [{"type": "value_error", "loc": ["student_goal"], "msg": "Value error, student_goal must 
mention at least one WIDA language domain (listening, reading, speaking, or writing)", "input": "Mock Student 
Goal", "ctx": {"error": "ValueError('student_goal must mention at least one WIDA language domain (listening, 
reading, speaking, or writing)')"}, "url": "https://errors.pydantic.dev/2.12/v/value_error"}, {"type": 
"value_error", "loc": ["wida_objective"], "msg": "Value error, wida_objective must be at least 50 characters unless 
'No School'", "input": "Mock WIDA Objective", "ctx": {"error": "ValueError(\"wida_objective must be at least 50 
characters unless 'No School'\")"}, "url": "https://errors.pydantic.dev/2.12/v/value_error"}]}, "event": 
"objective_validation_failed", "logger": "backend.llm_service", "level": "warning", "timestamp": 
"2025-12-29T02:08:31.576860Z"}
{"extra": {"objective_source": "lesson_json", "day": "friday", "slot_number": 4, "subject": "Math", 
"validation_errors": [{"type": "value_error", "loc": ["student_goal"], "msg": "Value error, student_goal must 
mention at least one WIDA language domain (listening, reading, speaking, or writing)", "input": "Mock Student 
Goal", "ctx": {"error": "ValueError('student_goal must mention at least one WIDA language domain (listening, 
reading, speaking, or writing)')"}, "url": "https://errors.pydantic.dev/2.12/v/value_error"}, {"type": 
"value_error", "loc": ["wida_objective"], "msg": "Value error, wida_objective must be at least 50 characters unless 
'No School'", "input": "Mock WIDA Objective", "ctx": {"error": "ValueError(\"wida_objective must be at least 50 
characters unless 'No School'\")"}, "url": "https://errors.pydantic.dev/2.12/v/value_error"}]}, "event": 
"objective_validation_failed", "logger": "backend.llm_service", "level": "warning", "timestamp": 
"2025-12-29T02:08:31.576860Z"}
{"extra": {"objective_source": "lesson_json", "day": "friday", "slot_number": 6, "subject": "Science", 
"validation_errors": [{"type": "value_error", "loc": ["student_goal"], "msg": "Value error, student_goal must 
mention at least one WIDA language domain (listening, reading, speaking, or writing)", "input": "Mock Student 
Goal", "ctx": {"error": "ValueError('student_goal must mention at least one WIDA language domain (listening, 
reading, speaking, or writing)')"}, "url": "https://errors.pydantic.dev/2.12/v/value_error"}, {"type": 
"value_error", "loc": ["wida_objective"], "msg": "Value error, wida_objective must be at least 50 characters unless 
'No School'", "input": "Mock WIDA Objective", "ctx": {"error": "ValueError(\"wida_objective must be at least 50 
characters unless 'No School'\")"}, "url": "https://errors.pydantic.dev/2.12/v/value_error"}]}, "event": 
"objective_validation_failed", "logger": "backend.llm_service", "level": "warning", "timestamp": 
"2025-12-29T02:08:31.576860Z"}
{"extra": {"objective_source": "lesson_json", "day": "friday", "slot_number": 1, "subject": "ELA", 
"validation_errors": [{"type": "value_error", "loc": ["student_goal"], "msg": "Value error, student_goal must 
mention at least one WIDA language domain (listening, reading, speaking, or writing)", "input": "Mock Student 
Goal", "ctx": {"error": "ValueError('student_goal must mention at least one WIDA language domain (listening, 
reading, speaking, or writing)')"}, "url": "https://errors.pydantic.dev/2.12/v/value_error"}, {"type": 
"value_error", "loc": ["wida_objective"], "msg": "Value error, wida_objective must be at least 50 characters unless 
'No School'", "input": "Mock WIDA Objective", "ctx": {"error": "ValueError(\"wida_objective must be at least 50 
characters unless 'No School'\")"}, "url": "https://errors.pydantic.dev/2.12/v/value_error"}]}, "event": 
"objective_validation_failed", "logger": "backend.llm_service", "level": "warning", "timestamp": 
"2025-12-29T02:08:31.576860Z"}
{"extra": {"objective_source": "lesson_json", "day": "friday", "slot_number": 5, "subject": "Math", 
"validation_errors": [{"type": "value_error", "loc": ["student_goal"], "msg": "Value error, student_goal must 
mention at least one WIDA language domain (listening, reading, speaking, or writing)", "input": "Mock Student 
Goal", "ctx": {"error": "ValueError('student_goal must mention at least one WIDA language domain (listening, 
reading, speaking, or writing)')"}, "url": "https://errors.pydantic.dev/2.12/v/value_error"}, {"type": 
"value_error", "loc": ["wida_objective"], "msg": "Value error, wida_objective must be at least 50 characters unless 
'No School'", "input": "Mock WIDA Objective", "ctx": {"error": "ValueError(\"wida_objective must be at least 50 
characters unless 'No School'\")"}, "url": "https://errors.pydantic.dev/2.12/v/value_error"}]}, "event": 
"objective_validation_failed", "logger": "backend.llm_service", "level": "warning", "timestamp": 
"2025-12-29T02:08:31.577362Z"}

(process:33796): GLib-GIO-WARNING **: 21:08:32.275: Unexpectedly, UWP app 
`Microsoft.OutlookForWindows_1.2025.1027.200_x64__8wekyb3d8bbwe' (AUMId 
`Microsoft.OutlookForWindows_8wekyb3d8bbwe!Microsoft.OutlookforWindows') supports 4 extensions but has no verbs

(process:33796): GLib-GIO-WARNING **: 21:08:32.311: Unexpectedly, UWP app 
`Microsoft.ScreenSketch_11.2510.31.0_x64__8wekyb3d8bbwe' (AUMId `Microsoft.ScreenSketch_8wekyb3d8bbwe!App') 
supports 29 extensions but has no verbs

(process:33796): GLib-GIO-WARNING **: 21:08:32.322: Unexpectedly, UWP app 
`Clipchamp.Clipchamp_4.4.10720.0_x64__yxz26nhyzhsrt' (AUMId `Clipchamp.Clipchamp_yxz26nhyzhsrt!App') supports 41 
extensions but has no verbs
{"extra": {"plan_id": "plan_20251228210824", "output_path": "F:\\rodri\\Documents\\OneDrive\\AS\\Lesson Plan\\25 
W51\\Wilson_Rodrigues_Weekly_W51_12-15-12-19_20251228_210830.docx", "has_days": true, "multi_slot": true}, "event": 
"batch_sentence_frames_skipped_no_data", "logger": "backend.llm_service", "level": "warning", "timestamp": 
"2025-12-29T02:08:33.239676Z"}
Error finalizing diagnostics: 'charmap' codec can't encode character '\U0001f4ca' in position 2: character maps to 
<undefined>
{"extra": {"objective_source": "lesson_json", "day": "monday", "slot_number": 2, "subject": "ELA/SS", 
"validation_errors": [{"type": "value_error", "loc": ["student_goal"], "msg": "Value error, student_goal must 
mention at least one WIDA language domain (listening, reading, speaking, or writing)", "input": "Mock Student 
Goal", "ctx": {"error": "ValueError('student_goal must mention at least one WIDA language domain (listening, 
reading, speaking, or writing)')"}, "url": "https://errors.pydantic.dev/2.12/v/value_error"}, {"type": 
"value_error", "loc": ["wida_objective"], "msg": "Value error, wida_objective must be at least 50 characters unless 
'No School'", "input": "Mock WIDA Objective", "ctx": {"error": "ValueError(\"wida_objective must be at least 50 
characters unless 'No School'\")"}, "url": "https://errors.pydantic.dev/2.12/v/value_error"}]}, "event": 
"objective_validation_failed", "logger": "backend.llm_service", "level": "warning", "timestamp": 
"2025-12-29T02:08:33.246777Z"}
{"extra": {"objective_source": "lesson_json", "day": "monday", "slot_number": 4, "subject": "Math", 
"validation_errors": [{"type": "value_error", "loc": ["student_goal"], "msg": "Value error, student_goal must 
mention at least one WIDA language domain (listening, reading, speaking, or writing)", "input": "Mock Student 
Goal", "ctx": {"error": "ValueError('student_goal must mention at least one WIDA language domain (listening, 
reading, speaking, or writing)')"}, "url": "https://errors.pydantic.dev/2.12/v/value_error"}, {"type": 
"value_error", "loc": ["wida_objective"], "msg": "Value error, wida_objective must be at least 50 characters unless 
'No School'", "input": "Mock WIDA Objective", "ctx": {"error": "ValueError(\"wida_objective must be at least 50 
characters unless 'No School'\")"}, "url": "https://errors.pydantic.dev/2.12/v/value_error"}]}, "event": 
"objective_validation_failed", "logger": "backend.llm_service", "level": "warning", "timestamp": 
"2025-12-29T02:08:33.246777Z"}
{"extra": {"objective_source": "lesson_json", "day": "monday", "slot_number": 6, "subject": "Science", 
"validation_errors": [{"type": "value_error", "loc": ["student_goal"], "msg": "Value error, student_goal must 
mention at least one WIDA language domain (listening, reading, speaking, or writing)", "input": "Mock Student 
Goal", "ctx": {"error": "ValueError('student_goal must mention at least one WIDA language domain (listening, 
reading, speaking, or writing)')"}, "url": "https://errors.pydantic.dev/2.12/v/value_error"}, {"type": 
"value_error", "loc": ["wida_objective"], "msg": "Value error, wida_objective must be at least 50 characters unless 
'No School'", "input": "Mock WIDA Objective", "ctx": {"error": "ValueError(\"wida_objective must be at least 50 
characters unless 'No School'\")"}, "url": "https://errors.pydantic.dev/2.12/v/value_error"}]}, "event": 
"objective_validation_failed", "logger": "backend.llm_service", "level": "warning", "timestamp": 
"2025-12-29T02:08:33.246777Z"}
{"extra": {"objective_source": "lesson_json", "day": "monday", "slot_number": 1, "subject": "ELA", 
"validation_errors": [{"type": "value_error", "loc": ["student_goal"], "msg": "Value error, student_goal must 
mention at least one WIDA language domain (listening, reading, speaking, or writing)", "input": "Mock Student 
Goal", "ctx": {"error": "ValueError('student_goal must mention at least one WIDA language domain (listening, 
reading, speaking, or writing)')"}, "url": "https://errors.pydantic.dev/2.12/v/value_error"}, {"type": 
"value_error", "loc": ["wida_objective"], "msg": "Value error, wida_objective must be at least 50 characters unless 
'No School'", "input": "Mock WIDA Objective", "ctx": {"error": "ValueError(\"wida_objective must be at least 50 
characters unless 'No School'\")"}, "url": "https://errors.pydantic.dev/2.12/v/value_error"}]}, "event": 
"objective_validation_failed", "logger": "backend.llm_service", "level": "warning", "timestamp": 
"2025-12-29T02:08:33.247779Z"}
{"extra": {"objective_source": "lesson_json", "day": "monday", "slot_number": 5, "subject": "Math", 
"validation_errors": [{"type": "value_error", "loc": ["student_goal"], "msg": "Value error, student_goal must 
mention at least one WIDA language domain (listening, reading, speaking, or writing)", "input": "Mock Student 
Goal", "ctx": {"error": "ValueError('student_goal must mention at least one WIDA language domain (listening, 
reading, speaking, or writing)')"}, "url": "https://errors.pydantic.dev/2.12/v/value_error"}, {"type": 
"value_error", "loc": ["wida_objective"], "msg": "Value error, wida_objective must be at least 50 characters unless 
'No School'", "input": "Mock WIDA Objective", "ctx": {"error": "ValueError(\"wida_objective must be at least 50 
characters unless 'No School'\")"}, "url": "https://errors.pydantic.dev/2.12/v/value_error"}]}, "event": 
"objective_validation_failed", "logger": "backend.llm_service", "level": "warning", "timestamp": 
"2025-12-29T02:08:33.247779Z"}
{"extra": {"objective_source": "lesson_json", "day": "tuesday", "slot_number": 2, "subject": "ELA/SS", 
"validation_errors": [{"type": "value_error", "loc": ["student_goal"], "msg": "Value error, student_goal must 
mention at least one WIDA language domain (listening, reading, speaking, or writing)", "input": "Mock Student 
Goal", "ctx": {"error": "ValueError('student_goal must mention at least one WIDA language domain (listening, 
reading, speaking, or writing)')"}, "url": "https://errors.pydantic.dev/2.12/v/value_error"}, {"type": 
"value_error", "loc": ["wida_objective"], "msg": "Value error, wida_objective must be at least 50 characters unless 
'No School'", "input": "Mock WIDA Objective", "ctx": {"error": "ValueError(\"wida_objective must be at least 50 
characters unless 'No School'\")"}, "url": "https://errors.pydantic.dev/2.12/v/value_error"}]}, "event": 
"objective_validation_failed", "logger": "backend.llm_service", "level": "warning", "timestamp": 
"2025-12-29T02:08:33.247779Z"}
{"extra": {"objective_source": "lesson_json", "day": "tuesday", "slot_number": 4, "subject": "Math", 
"validation_errors": [{"type": "value_error", "loc": ["student_goal"], "msg": "Value error, student_goal must 
mention at least one WIDA language domain (listening, reading, speaking, or writing)", "input": "Mock Student 
Goal", "ctx": {"error": "ValueError('student_goal must mention at least one WIDA language domain (listening, 
reading, speaking, or writing)')"}, "url": "https://errors.pydantic.dev/2.12/v/value_error"}, {"type": 
"value_error", "loc": ["wida_objective"], "msg": "Value error, wida_objective must be at least 50 characters unless 
'No School'", "input": "Mock WIDA Objective", "ctx": {"error": "ValueError(\"wida_objective must be at least 50 
characters unless 'No School'\")"}, "url": "https://errors.pydantic.dev/2.12/v/value_error"}]}, "event": 
"objective_validation_failed", "logger": "backend.llm_service", "level": "warning", "timestamp": 
"2025-12-29T02:08:33.247779Z"}
{"extra": {"objective_source": "lesson_json", "day": "tuesday", "slot_number": 6, "subject": "Science", 
"validation_errors": [{"type": "value_error", "loc": ["student_goal"], "msg": "Value error, student_goal must 
mention at least one WIDA language domain (listening, reading, speaking, or writing)", "input": "Mock Student 
Goal", "ctx": {"error": "ValueError('student_goal must mention at least one WIDA language domain (listening, 
reading, speaking, or writing)')"}, "url": "https://errors.pydantic.dev/2.12/v/value_error"}, {"type": 
"value_error", "loc": ["wida_objective"], "msg": "Value error, wida_objective must be at least 50 characters unless 
'No School'", "input": "Mock WIDA Objective", "ctx": {"error": "ValueError(\"wida_objective must be at least 50 
characters unless 'No School'\")"}, "url": "https://errors.pydantic.dev/2.12/v/value_error"}]}, "event": 
"objective_validation_failed", "logger": "backend.llm_service", "level": "warning", "timestamp": 
"2025-12-29T02:08:33.247779Z"}
{"extra": {"objective_source": "lesson_json", "day": "tuesday", "slot_number": 1, "subject": "ELA", 
"validation_errors": [{"type": "value_error", "loc": ["student_goal"], "msg": "Value error, student_goal must 
mention at least one WIDA language domain (listening, reading, speaking, or writing)", "input": "Mock Student 
Goal", "ctx": {"error": "ValueError('student_goal must mention at least one WIDA language domain (listening, 
reading, speaking, or writing)')"}, "url": "https://errors.pydantic.dev/2.12/v/value_error"}, {"type": 
"value_error", "loc": ["wida_objective"], "msg": "Value error, wida_objective must be at least 50 characters unless 
'No School'", "input": "Mock WIDA Objective", "ctx": {"error": "ValueError(\"wida_objective must be at least 50 
characters unless 'No School'\")"}, "url": "https://errors.pydantic.dev/2.12/v/value_error"}]}, "event": 
"objective_validation_failed", "logger": "backend.llm_service", "level": "warning", "timestamp": 
"2025-12-29T02:08:33.247779Z"}
{"extra": {"objective_source": "lesson_json", "day": "tuesday", "slot_number": 5, "subject": "Math", 
"validation_errors": [{"type": "value_error", "loc": ["student_goal"], "msg": "Value error, student_goal must 
mention at least one WIDA language domain (listening, reading, speaking, or writing)", "input": "Mock Student 
Goal", "ctx": {"error": "ValueError('student_goal must mention at least one WIDA language domain (listening, 
reading, speaking, or writing)')"}, "url": "https://errors.pydantic.dev/2.12/v/value_error"}, {"type": 
"value_error", "loc": ["wida_objective"], "msg": "Value error, wida_objective must be at least 50 characters unless 
'No School'", "input": "Mock WIDA Objective", "ctx": {"error": "ValueError(\"wida_objective must be at least 50 
characters unless 'No School'\")"}, "url": "https://errors.pydantic.dev/2.12/v/value_error"}]}, "event": 
"objective_validation_failed", "logger": "backend.llm_service", "level": "warning", "timestamp": 
"2025-12-29T02:08:33.247779Z"}
{"extra": {"objective_source": "lesson_json", "day": "wednesday", "slot_number": 2, "subject": "ELA/SS", 
"validation_errors": [{"type": "value_error", "loc": ["student_goal"], "msg": "Value error, student_goal must 
mention at least one WIDA language domain (listening, reading, speaking, or writing)", "input": "Mock Student 
Goal", "ctx": {"error": "ValueError('student_goal must mention at least one WIDA language domain (listening, 
reading, speaking, or writing)')"}, "url": "https://errors.pydantic.dev/2.12/v/value_error"}, {"type": 
"value_error", "loc": ["wida_objective"], "msg": "Value error, wida_objective must be at least 50 characters unless 
'No School'", "input": "Mock WIDA Objective", "ctx": {"error": "ValueError(\"wida_objective must be at least 50 
characters unless 'No School'\")"}, "url": "https://errors.pydantic.dev/2.12/v/value_error"}]}, "event": 
"objective_validation_failed", "logger": "backend.llm_service", "level": "warning", "timestamp": 
"2025-12-29T02:08:33.247779Z"}
{"extra": {"objective_source": "lesson_json", "day": "wednesday", "slot_number": 4, "subject": "Math", 
"validation_errors": [{"type": "value_error", "loc": ["student_goal"], "msg": "Value error, student_goal must 
mention at least one WIDA language domain (listening, reading, speaking, or writing)", "input": "Mock Student 
Goal", "ctx": {"error": "ValueError('student_goal must mention at least one WIDA language domain (listening, 
reading, speaking, or writing)')"}, "url": "https://errors.pydantic.dev/2.12/v/value_error"}, {"type": 
"value_error", "loc": ["wida_objective"], "msg": "Value error, wida_objective must be at least 50 characters unless 
'No School'", "input": "Mock WIDA Objective", "ctx": {"error": "ValueError(\"wida_objective must be at least 50 
characters unless 'No School'\")"}, "url": "https://errors.pydantic.dev/2.12/v/value_error"}]}, "event": 
"objective_validation_failed", "logger": "backend.llm_service", "level": "warning", "timestamp": 
"2025-12-29T02:08:33.247779Z"}
{"extra": {"objective_source": "lesson_json", "day": "wednesday", "slot_number": 6, "subject": "Science", 
"validation_errors": [{"type": "value_error", "loc": ["student_goal"], "msg": "Value error, student_goal must 
mention at least one WIDA language domain (listening, reading, speaking, or writing)", "input": "Mock Student 
Goal", "ctx": {"error": "ValueError('student_goal must mention at least one WIDA language domain (listening, 
reading, speaking, or writing)')"}, "url": "https://errors.pydantic.dev/2.12/v/value_error"}, {"type": 
"value_error", "loc": ["wida_objective"], "msg": "Value error, wida_objective must be at least 50 characters unless 
'No School'", "input": "Mock WIDA Objective", "ctx": {"error": "ValueError(\"wida_objective must be at least 50 
characters unless 'No School'\")"}, "url": "https://errors.pydantic.dev/2.12/v/value_error"}]}, "event": 
"objective_validation_failed", "logger": "backend.llm_service", "level": "warning", "timestamp": 
"2025-12-29T02:08:33.247779Z"}
{"extra": {"objective_source": "lesson_json", "day": "wednesday", "slot_number": 1, "subject": "ELA", 
"validation_errors": [{"type": "value_error", "loc": ["student_goal"], "msg": "Value error, student_goal must 
mention at least one WIDA language domain (listening, reading, speaking, or writing)", "input": "Mock Student 
Goal", "ctx": {"error": "ValueError('student_goal must mention at least one WIDA language domain (listening, 
reading, speaking, or writing)')"}, "url": "https://errors.pydantic.dev/2.12/v/value_error"}, {"type": 
"value_error", "loc": ["wida_objective"], "msg": "Value error, wida_objective must be at least 50 characters unless 
'No School'", "input": "Mock WIDA Objective", "ctx": {"error": "ValueError(\"wida_objective must be at least 50 
characters unless 'No School'\")"}, "url": "https://errors.pydantic.dev/2.12/v/value_error"}]}, "event": 
"objective_validation_failed", "logger": "backend.llm_service", "level": "warning", "timestamp": 
"2025-12-29T02:08:33.247779Z"}
{"extra": {"objective_source": "lesson_json", "day": "wednesday", "slot_number": 5, "subject": "Math", 
"validation_errors": [{"type": "value_error", "loc": ["student_goal"], "msg": "Value error, student_goal must 
mention at least one WIDA language domain (listening, reading, speaking, or writing)", "input": "Mock Student 
Goal", "ctx": {"error": "ValueError('student_goal must mention at least one WIDA language domain (listening, 
reading, speaking, or writing)')"}, "url": "https://errors.pydantic.dev/2.12/v/value_error"}, {"type": 
"value_error", "loc": ["wida_objective"], "msg": "Value error, wida_objective must be at least 50 characters unless 
'No School'", "input": "Mock WIDA Objective", "ctx": {"error": "ValueError(\"wida_objective must be at least 50 
characters unless 'No School'\")"}, "url": "https://errors.pydantic.dev/2.12/v/value_error"}]}, "event": 
"objective_validation_failed", "logger": "backend.llm_service", "level": "warning", "timestamp": 
"2025-12-29T02:08:33.247779Z"}
{"extra": {"objective_source": "lesson_json", "day": "thursday", "slot_number": 2, "subject": "ELA/SS", 
"validation_errors": [{"type": "value_error", "loc": ["student_goal"], "msg": "Value error, student_goal must 
mention at least one WIDA language domain (listening, reading, speaking, or writing)", "input": "Mock Student 
Goal", "ctx": {"error": "ValueError('student_goal must mention at least one WIDA language domain (listening, 
reading, speaking, or writing)')"}, "url": "https://errors.pydantic.dev/2.12/v/value_error"}, {"type": 
"value_error", "loc": ["wida_objective"], "msg": "Value error, wida_objective must be at least 50 characters unless 
'No School'", "input": "Mock WIDA Objective", "ctx": {"error": "ValueError(\"wida_objective must be at least 50 
characters unless 'No School'\")"}, "url": "https://errors.pydantic.dev/2.12/v/value_error"}]}, "event": 
"objective_validation_failed", "logger": "backend.llm_service", "level": "warning", "timestamp": 
"2025-12-29T02:08:33.247779Z"}
{"extra": {"objective_source": "lesson_json", "day": "thursday", "slot_number": 4, "subject": "Math", 
"validation_errors": [{"type": "value_error", "loc": ["student_goal"], "msg": "Value error, student_goal must 
mention at least one WIDA language domain (listening, reading, speaking, or writing)", "input": "Mock Student 
Goal", "ctx": {"error": "ValueError('student_goal must mention at least one WIDA language domain (listening, 
reading, speaking, or writing)')"}, "url": "https://errors.pydantic.dev/2.12/v/value_error"}, {"type": 
"value_error", "loc": ["wida_objective"], "msg": "Value error, wida_objective must be at least 50 characters unless 
'No School'", "input": "Mock WIDA Objective", "ctx": {"error": "ValueError(\"wida_objective must be at least 50 
characters unless 'No School'\")"}, "url": "https://errors.pydantic.dev/2.12/v/value_error"}]}, "event": 
"objective_validation_failed", "logger": "backend.llm_service", "level": "warning", "timestamp": 
"2025-12-29T02:08:33.247779Z"}
{"extra": {"objective_source": "lesson_json", "day": "thursday", "slot_number": 6, "subject": "Science", 
"validation_errors": [{"type": "value_error", "loc": ["student_goal"], "msg": "Value error, student_goal must 
mention at least one WIDA language domain (listening, reading, speaking, or writing)", "input": "Mock Student 
Goal", "ctx": {"error": "ValueError('student_goal must mention at least one WIDA language domain (listening, 
reading, speaking, or writing)')"}, "url": "https://errors.pydantic.dev/2.12/v/value_error"}, {"type": 
"value_error", "loc": ["wida_objective"], "msg": "Value error, wida_objective must be at least 50 characters unless 
'No School'", "input": "Mock WIDA Objective", "ctx": {"error": "ValueError(\"wida_objective must be at least 50 
characters unless 'No School'\")"}, "url": "https://errors.pydantic.dev/2.12/v/value_error"}]}, "event": 
"objective_validation_failed", "logger": "backend.llm_service", "level": "warning", "timestamp": 
"2025-12-29T02:08:33.247779Z"}
{"extra": {"objective_source": "lesson_json", "day": "thursday", "slot_number": 1, "subject": "ELA", 
"validation_errors": [{"type": "value_error", "loc": ["student_goal"], "msg": "Value error, student_goal must 
mention at least one WIDA language domain (listening, reading, speaking, or writing)", "input": "Mock Student 
Goal", "ctx": {"error": "ValueError('student_goal must mention at least one WIDA language domain (listening, 
reading, speaking, or writing)')"}, "url": "https://errors.pydantic.dev/2.12/v/value_error"}, {"type": 
"value_error", "loc": ["wida_objective"], "msg": "Value error, wida_objective must be at least 50 characters unless 
'No School'", "input": "Mock WIDA Objective", "ctx": {"error": "ValueError(\"wida_objective must be at least 50 
characters unless 'No School'\")"}, "url": "https://errors.pydantic.dev/2.12/v/value_error"}]}, "event": 
"objective_validation_failed", "logger": "backend.llm_service", "level": "warning", "timestamp": 
"2025-12-29T02:08:33.247779Z"}
{"extra": {"objective_source": "lesson_json", "day": "thursday", "slot_number": 5, "subject": "Math", 
"validation_errors": [{"type": "value_error", "loc": ["student_goal"], "msg": "Value error, student_goal must 
mention at least one WIDA language domain (listening, reading, speaking, or writing)", "input": "Mock Student 
Goal", "ctx": {"error": "ValueError('student_goal must mention at least one WIDA language domain (listening, 
reading, speaking, or writing)')"}, "url": "https://errors.pydantic.dev/2.12/v/value_error"}, {"type": 
"value_error", "loc": ["wida_objective"], "msg": "Value error, wida_objective must be at least 50 characters unless 
'No School'", "input": "Mock WIDA Objective", "ctx": {"error": "ValueError(\"wida_objective must be at least 50 
characters unless 'No School'\")"}, "url": "https://errors.pydantic.dev/2.12/v/value_error"}]}, "event": 
"objective_validation_failed", "logger": "backend.llm_service", "level": "warning", "timestamp": 
"2025-12-29T02:08:33.247779Z"}
{"extra": {"objective_source": "lesson_json", "day": "friday", "slot_number": 2, "subject": "ELA/SS", 
"validation_errors": [{"type": "value_error", "loc": ["student_goal"], "msg": "Value error, student_goal must 
mention at least one WIDA language domain (listening, reading, speaking, or writing)", "input": "Mock Student 
Goal", "ctx": {"error": "ValueError('student_goal must mention at least one WIDA language domain (listening, 
reading, speaking, or writing)')"}, "url": "https://errors.pydantic.dev/2.12/v/value_error"}, {"type": 
"value_error", "loc": ["wida_objective"], "msg": "Value error, wida_objective must be at least 50 characters unless 
'No School'", "input": "Mock WIDA Objective", "ctx": {"error": "ValueError(\"wida_objective must be at least 50 
characters unless 'No School'\")"}, "url": "https://errors.pydantic.dev/2.12/v/value_error"}]}, "event": 
"objective_validation_failed", "logger": "backend.llm_service", "level": "warning", "timestamp": 
"2025-12-29T02:08:33.247779Z"}
{"extra": {"objective_source": "lesson_json", "day": "friday", "slot_number": 4, "subject": "Math", 
"validation_errors": [{"type": "value_error", "loc": ["student_goal"], "msg": "Value error, student_goal must 
mention at least one WIDA language domain (listening, reading, speaking, or writing)", "input": "Mock Student 
Goal", "ctx": {"error": "ValueError('student_goal must mention at least one WIDA language domain (listening, 
reading, speaking, or writing)')"}, "url": "https://errors.pydantic.dev/2.12/v/value_error"}, {"type": 
"value_error", "loc": ["wida_objective"], "msg": "Value error, wida_objective must be at least 50 characters unless 
'No School'", "input": "Mock WIDA Objective", "ctx": {"error": "ValueError(\"wida_objective must be at least 50 
characters unless 'No School'\")"}, "url": "https://errors.pydantic.dev/2.12/v/value_error"}]}, "event": 
"objective_validation_failed", "logger": "backend.llm_service", "level": "warning", "timestamp": 
"2025-12-29T02:08:33.248777Z"}
{"extra": {"objective_source": "lesson_json", "day": "friday", "slot_number": 6, "subject": "Science", 
"validation_errors": [{"type": "value_error", "loc": ["student_goal"], "msg": "Value error, student_goal must 
mention at least one WIDA language domain (listening, reading, speaking, or writing)", "input": "Mock Student 
Goal", "ctx": {"error": "ValueError('student_goal must mention at least one WIDA language domain (listening, 
reading, speaking, or writing)')"}, "url": "https://errors.pydantic.dev/2.12/v/value_error"}, {"type": 
"value_error", "loc": ["wida_objective"], "msg": "Value error, wida_objective must be at least 50 characters unless 
'No School'", "input": "Mock WIDA Objective", "ctx": {"error": "ValueError(\"wida_objective must be at least 50 
characters unless 'No School'\")"}, "url": "https://errors.pydantic.dev/2.12/v/value_error"}]}, "event": 
"objective_validation_failed", "logger": "backend.llm_service", "level": "warning", "timestamp": 
"2025-12-29T02:08:33.248777Z"}
{"extra": {"objective_source": "lesson_json", "day": "friday", "slot_number": 1, "subject": "ELA", 
"validation_errors": [{"type": "value_error", "loc": ["student_goal"], "msg": "Value error, student_goal must 
mention at least one WIDA language domain (listening, reading, speaking, or writing)", "input": "Mock Student 
Goal", "ctx": {"error": "ValueError('student_goal must mention at least one WIDA language domain (listening, 
reading, speaking, or writing)')"}, "url": "https://errors.pydantic.dev/2.12/v/value_error"}, {"type": 
"value_error", "loc": ["wida_objective"], "msg": "Value error, wida_objective must be at least 50 characters unless 
'No School'", "input": "Mock WIDA Objective", "ctx": {"error": "ValueError(\"wida_objective must be at least 50 
characters unless 'No School'\")"}, "url": "https://errors.pydantic.dev/2.12/v/value_error"}]}, "event": 
"objective_validation_failed", "logger": "backend.llm_service", "level": "warning", "timestamp": 
"2025-12-29T02:08:33.248777Z"}
{"extra": {"objective_source": "lesson_json", "day": "friday", "slot_number": 5, "subject": "Math", 
"validation_errors": [{"type": "value_error", "loc": ["student_goal"], "msg": "Value error, student_goal must 
mention at least one WIDA language domain (listening, reading, speaking, or writing)", "input": "Mock Student 
Goal", "ctx": {"error": "ValueError('student_goal must mention at least one WIDA language domain (listening, 
reading, speaking, or writing)')"}, "url": "https://errors.pydantic.dev/2.12/v/value_error"}, {"type": 
"value_error", "loc": ["wida_objective"], "msg": "Value error, wida_objective must be at least 50 characters unless 
'No School'", "input": "Mock WIDA Objective", "ctx": {"error": "ValueError(\"wida_objective must be at least 50 
characters unless 'No School'\")"}, "url": "https://errors.pydantic.dev/2.12/v/value_error"}]}, "event": 
"objective_validation_failed", "logger": "backend.llm_service", "level": "warning", "timestamp": 
"2025-12-29T02:08:33.248777Z"}
{"extra": {"objective_source": "lesson_json", "day": "monday", "slot_number": 1, "subject": "ELA", 
"validation_errors": [{"type": "value_error", "loc": ["student_goal"], "msg": "Value error, student_goal must 
mention at least one WIDA language domain (listening, reading, speaking, or writing)", "input": "Mock Student 
Goal", "ctx": {"error": "ValueError('student_goal must mention at least one WIDA language domain (listening, 
reading, speaking, or writing)')"}, "url": "https://errors.pydantic.dev/2.12/v/value_error"}, {"type": 
"value_error", "loc": ["wida_objective"], "msg": "Value error, wida_objective must be at least 50 characters unless 
'No School'", "input": "Mock WIDA Objective", "ctx": {"error": "ValueError(\"wida_objective must be at least 50 
characters unless 'No School'\")"}, "url": "https://errors.pydantic.dev/2.12/v/value_error"}]}, "event": 
"objective_validation_failed", "logger": "backend.llm_service", "level": "warning", "timestamp": 
"2025-12-29T02:08:37.033619Z"}
{"extra": {"objective_source": "lesson_json", "day": "monday", "slot_number": 2, "subject": "ELA/SS", 
"validation_errors": [{"type": "value_error", "loc": ["student_goal"], "msg": "Value error, student_goal must 
mention at least one WIDA language domain (listening, reading, speaking, or writing)", "input": "Mock Student 
Goal", "ctx": {"error": "ValueError('student_goal must mention at least one WIDA language domain (listening, 
reading, speaking, or writing)')"}, "url": "https://errors.pydantic.dev/2.12/v/value_error"}, {"type": 
"value_error", "loc": ["wida_objective"], "msg": "Value error, wida_objective must be at least 50 characters unless 
'No School'", "input": "Mock WIDA Objective", "ctx": {"error": "ValueError(\"wida_objective must be at least 50 
characters unless 'No School'\")"}, "url": "https://errors.pydantic.dev/2.12/v/value_error"}]}, "event": 
"objective_validation_failed", "logger": "backend.llm_service", "level": "warning", "timestamp": 
"2025-12-29T02:08:37.033619Z"}
{"extra": {"objective_source": "lesson_json", "day": "monday", "slot_number": 4, "subject": "Math", 
"validation_errors": [{"type": "value_error", "loc": ["student_goal"], "msg": "Value error, student_goal must 
mention at least one WIDA language domain (listening, reading, speaking, or writing)", "input": "Mock Student 
Goal", "ctx": {"error": "ValueError('student_goal must mention at least one WIDA language domain (listening, 
reading, speaking, or writing)')"}, "url": "https://errors.pydantic.dev/2.12/v/value_error"}, {"type": 
"value_error", "loc": ["wida_objective"], "msg": "Value error, wida_objective must be at least 50 characters unless 
'No School'", "input": "Mock WIDA Objective", "ctx": {"error": "ValueError(\"wida_objective must be at least 50 
characters unless 'No School'\")"}, "url": "https://errors.pydantic.dev/2.12/v/value_error"}]}, "event": 
"objective_validation_failed", "logger": "backend.llm_service", "level": "warning", "timestamp": 
"2025-12-29T02:08:37.033619Z"}
{"extra": {"objective_source": "lesson_json", "day": "monday", "slot_number": 5, "subject": "Math", 
"validation_errors": [{"type": "value_error", "loc": ["student_goal"], "msg": "Value error, student_goal must 
mention at least one WIDA language domain (listening, reading, speaking, or writing)", "input": "Mock Student 
Goal", "ctx": {"error": "ValueError('student_goal must mention at least one WIDA language domain (listening, 
reading, speaking, or writing)')"}, "url": "https://errors.pydantic.dev/2.12/v/value_error"}, {"type": 
"value_error", "loc": ["wida_objective"], "msg": "Value error, wida_objective must be at least 50 characters unless 
'No School'", "input": "Mock WIDA Objective", "ctx": {"error": "ValueError(\"wida_objective must be at least 50 
characters unless 'No School'\")"}, "url": "https://errors.pydantic.dev/2.12/v/value_error"}]}, "event": 
"objective_validation_failed", "logger": "backend.llm_service", "level": "warning", "timestamp": 
"2025-12-29T02:08:37.034122Z"}
{"extra": {"objective_source": "lesson_json", "day": "monday", "slot_number": 6, "subject": "Science", 
"validation_errors": [{"type": "value_error", "loc": ["student_goal"], "msg": "Value error, student_goal must 
mention at least one WIDA language domain (listening, reading, speaking, or writing)", "input": "Mock Student 
Goal", "ctx": {"error": "ValueError('student_goal must mention at least one WIDA language domain (listening, 
reading, speaking, or writing)')"}, "url": "https://errors.pydantic.dev/2.12/v/value_error"}, {"type": 
"value_error", "loc": ["wida_objective"], "msg": "Value error, wida_objective must be at least 50 characters unless 
'No School'", "input": "Mock WIDA Objective", "ctx": {"error": "ValueError(\"wida_objective must be at least 50 
characters unless 'No School'\")"}, "url": "https://errors.pydantic.dev/2.12/v/value_error"}]}, "event": 
"objective_validation_failed", "logger": "backend.llm_service", "level": "warning", "timestamp": 
"2025-12-29T02:08:37.034122Z"}
{"extra": {"objective_source": "lesson_json", "day": "tuesday", "slot_number": 1, "subject": "ELA", 
"validation_errors": [{"type": "value_error", "loc": ["student_goal"], "msg": "Value error, student_goal must 
mention at least one WIDA language domain (listening, reading, speaking, or writing)", "input": "Mock Student 
Goal", "ctx": {"error": "ValueError('student_goal must mention at least one WIDA language domain (listening, 
reading, speaking, or writing)')"}, "url": "https://errors.pydantic.dev/2.12/v/value_error"}, {"type": 
"value_error", "loc": ["wida_objective"], "msg": "Value error, wida_objective must be at least 50 characters unless 
'No School'", "input": "Mock WIDA Objective", "ctx": {"error": "ValueError(\"wida_objective must be at least 50 
characters unless 'No School'\")"}, "url": "https://errors.pydantic.dev/2.12/v/value_error"}]}, "event": 
"objective_validation_failed", "logger": "backend.llm_service", "level": "warning", "timestamp": 
"2025-12-29T02:08:37.034122Z"}
{"extra": {"objective_source": "lesson_json", "day": "tuesday", "slot_number": 2, "subject": "ELA/SS", 
"validation_errors": [{"type": "value_error", "loc": ["student_goal"], "msg": "Value error, student_goal must 
mention at least one WIDA language domain (listening, reading, speaking, or writing)", "input": "Mock Student 
Goal", "ctx": {"error": "ValueError('student_goal must mention at least one WIDA language domain (listening, 
reading, speaking, or writing)')"}, "url": "https://errors.pydantic.dev/2.12/v/value_error"}, {"type": 
"value_error", "loc": ["wida_objective"], "msg": "Value error, wida_objective must be at least 50 characters unless 
'No School'", "input": "Mock WIDA Objective", "ctx": {"error": "ValueError(\"wida_objective must be at least 50 
characters unless 'No School'\")"}, "url": "https://errors.pydantic.dev/2.12/v/value_error"}]}, "event": 
"objective_validation_failed", "logger": "backend.llm_service", "level": "warning", "timestamp": 
"2025-12-29T02:08:37.034122Z"}
{"extra": {"objective_source": "lesson_json", "day": "tuesday", "slot_number": 4, "subject": "Math", 
"validation_errors": [{"type": "value_error", "loc": ["student_goal"], "msg": "Value error, student_goal must 
mention at least one WIDA language domain (listening, reading, speaking, or writing)", "input": "Mock Student 
Goal", "ctx": {"error": "ValueError('student_goal must mention at least one WIDA language domain (listening, 
reading, speaking, or writing)')"}, "url": "https://errors.pydantic.dev/2.12/v/value_error"}, {"type": 
"value_error", "loc": ["wida_objective"], "msg": "Value error, wida_objective must be at least 50 characters unless 
'No School'", "input": "Mock WIDA Objective", "ctx": {"error": "ValueError(\"wida_objective must be at least 50 
characters unless 'No School'\")"}, "url": "https://errors.pydantic.dev/2.12/v/value_error"}]}, "event": 
"objective_validation_failed", "logger": "backend.llm_service", "level": "warning", "timestamp": 
"2025-12-29T02:08:37.034122Z"}
{"extra": {"objective_source": "lesson_json", "day": "tuesday", "slot_number": 5, "subject": "Math", 
"validation_errors": [{"type": "value_error", "loc": ["student_goal"], "msg": "Value error, student_goal must 
mention at least one WIDA language domain (listening, reading, speaking, or writing)", "input": "Mock Student 
Goal", "ctx": {"error": "ValueError('student_goal must mention at least one WIDA language domain (listening, 
reading, speaking, or writing)')"}, "url": "https://errors.pydantic.dev/2.12/v/value_error"}, {"type": 
"value_error", "loc": ["wida_objective"], "msg": "Value error, wida_objective must be at least 50 characters unless 
'No School'", "input": "Mock WIDA Objective", "ctx": {"error": "ValueError(\"wida_objective must be at least 50 
characters unless 'No School'\")"}, "url": "https://errors.pydantic.dev/2.12/v/value_error"}]}, "event": 
"objective_validation_failed", "logger": "backend.llm_service", "level": "warning", "timestamp": 
"2025-12-29T02:08:37.034122Z"}
{"extra": {"objective_source": "lesson_json", "day": "tuesday", "slot_number": 6, "subject": "Science", 
"validation_errors": [{"type": "value_error", "loc": ["student_goal"], "msg": "Value error, student_goal must 
mention at least one WIDA language domain (listening, reading, speaking, or writing)", "input": "Mock Student 
Goal", "ctx": {"error": "ValueError('student_goal must mention at least one WIDA language domain (listening, 
reading, speaking, or writing)')"}, "url": "https://errors.pydantic.dev/2.12/v/value_error"}, {"type": 
"value_error", "loc": ["wida_objective"], "msg": "Value error, wida_objective must be at least 50 characters unless 
'No School'", "input": "Mock WIDA Objective", "ctx": {"error": "ValueError(\"wida_objective must be at least 50 
characters unless 'No School'\")"}, "url": "https://errors.pydantic.dev/2.12/v/value_error"}]}, "event": 
"objective_validation_failed", "logger": "backend.llm_service", "level": "warning", "timestamp": 
"2025-12-29T02:08:37.034122Z"}
{"extra": {"objective_source": "lesson_json", "day": "wednesday", "slot_number": 1, "subject": "ELA", 
"validation_errors": [{"type": "value_error", "loc": ["student_goal"], "msg": "Value error, student_goal must 
mention at least one WIDA language domain (listening, reading, speaking, or writing)", "input": "Mock Student 
Goal", "ctx": {"error": "ValueError('student_goal must mention at least one WIDA language domain (listening, 
reading, speaking, or writing)')"}, "url": "https://errors.pydantic.dev/2.12/v/value_error"}, {"type": 
"value_error", "loc": ["wida_objective"], "msg": "Value error, wida_objective must be at least 50 characters unless 
'No School'", "input": "Mock WIDA Objective", "ctx": {"error": "ValueError(\"wida_objective must be at least 50 
characters unless 'No School'\")"}, "url": "https://errors.pydantic.dev/2.12/v/value_error"}]}, "event": 
"objective_validation_failed", "logger": "backend.llm_service", "level": "warning", "timestamp": 
"2025-12-29T02:08:37.034122Z"}
{"extra": {"objective_source": "lesson_json", "day": "wednesday", "slot_number": 2, "subject": "ELA/SS", 
"validation_errors": [{"type": "value_error", "loc": ["student_goal"], "msg": "Value error, student_goal must 
mention at least one WIDA language domain (listening, reading, speaking, or writing)", "input": "Mock Student 
Goal", "ctx": {"error": "ValueError('student_goal must mention at least one WIDA language domain (listening, 
reading, speaking, or writing)')"}, "url": "https://errors.pydantic.dev/2.12/v/value_error"}, {"type": 
"value_error", "loc": ["wida_objective"], "msg": "Value error, wida_objective must be at least 50 characters unless 
'No School'", "input": "Mock WIDA Objective", "ctx": {"error": "ValueError(\"wida_objective must be at least 50 
characters unless 'No School'\")"}, "url": "https://errors.pydantic.dev/2.12/v/value_error"}]}, "event": 
"objective_validation_failed", "logger": "backend.llm_service", "level": "warning", "timestamp": 
"2025-12-29T02:08:37.034122Z"}
{"extra": {"objective_source": "lesson_json", "day": "wednesday", "slot_number": 4, "subject": "Math", 
"validation_errors": [{"type": "value_error", "loc": ["student_goal"], "msg": "Value error, student_goal must 
mention at least one WIDA language domain (listening, reading, speaking, or writing)", "input": "Mock Student 
Goal", "ctx": {"error": "ValueError('student_goal must mention at least one WIDA language domain (listening, 
reading, speaking, or writing)')"}, "url": "https://errors.pydantic.dev/2.12/v/value_error"}, {"type": 
"value_error", "loc": ["wida_objective"], "msg": "Value error, wida_objective must be at least 50 characters unless 
'No School'", "input": "Mock WIDA Objective", "ctx": {"error": "ValueError(\"wida_objective must be at least 50 
characters unless 'No School'\")"}, "url": "https://errors.pydantic.dev/2.12/v/value_error"}]}, "event": 
"objective_validation_failed", "logger": "backend.llm_service", "level": "warning", "timestamp": 
"2025-12-29T02:08:37.034122Z"}
{"extra": {"objective_source": "lesson_json", "day": "wednesday", "slot_number": 5, "subject": "Math", 
"validation_errors": [{"type": "value_error", "loc": ["student_goal"], "msg": "Value error, student_goal must 
mention at least one WIDA language domain (listening, reading, speaking, or writing)", "input": "Mock Student 
Goal", "ctx": {"error": "ValueError('student_goal must mention at least one WIDA language domain (listening, 
reading, speaking, or writing)')"}, "url": "https://errors.pydantic.dev/2.12/v/value_error"}, {"type": 
"value_error", "loc": ["wida_objective"], "msg": "Value error, wida_objective must be at least 50 characters unless 
'No School'", "input": "Mock WIDA Objective", "ctx": {"error": "ValueError(\"wida_objective must be at least 50 
characters unless 'No School'\")"}, "url": "https://errors.pydantic.dev/2.12/v/value_error"}]}, "event": 
"objective_validation_failed", "logger": "backend.llm_service", "level": "warning", "timestamp": 
"2025-12-29T02:08:37.034122Z"}
{"extra": {"objective_source": "lesson_json", "day": "wednesday", "slot_number": 6, "subject": "Science", 
"validation_errors": [{"type": "value_error", "loc": ["student_goal"], "msg": "Value error, student_goal must 
mention at least one WIDA language domain (listening, reading, speaking, or writing)", "input": "Mock Student 
Goal", "ctx": {"error": "ValueError('student_goal must mention at least one WIDA language domain (listening, 
reading, speaking, or writing)')"}, "url": "https://errors.pydantic.dev/2.12/v/value_error"}, {"type": 
"value_error", "loc": ["wida_objective"], "msg": "Value error, wida_objective must be at least 50 characters unless 
'No School'", "input": "Mock WIDA Objective", "ctx": {"error": "ValueError(\"wida_objective must be at least 50 
characters unless 'No School'\")"}, "url": "https://errors.pydantic.dev/2.12/v/value_error"}]}, "event": 
"objective_validation_failed", "logger": "backend.llm_service", "level": "warning", "timestamp": 
"2025-12-29T02:08:37.034122Z"}
{"extra": {"objective_source": "lesson_json", "day": "thursday", "slot_number": 1, "subject": "ELA", 
"validation_errors": [{"type": "value_error", "loc": ["student_goal"], "msg": "Value error, student_goal must 
mention at least one WIDA language domain (listening, reading, speaking, or writing)", "input": "Mock Student 
Goal", "ctx": {"error": "ValueError('student_goal must mention at least one WIDA language domain (listening, 
reading, speaking, or writing)')"}, "url": "https://errors.pydantic.dev/2.12/v/value_error"}, {"type": 
"value_error", "loc": ["wida_objective"], "msg": "Value error, wida_objective must be at least 50 characters unless 
'No School'", "input": "Mock WIDA Objective", "ctx": {"error": "ValueError(\"wida_objective must be at least 50 
characters unless 'No School'\")"}, "url": "https://errors.pydantic.dev/2.12/v/value_error"}]}, "event": 
"objective_validation_failed", "logger": "backend.llm_service", "level": "warning", "timestamp": 
"2025-12-29T02:08:37.034122Z"}
{"extra": {"objective_source": "lesson_json", "day": "thursday", "slot_number": 2, "subject": "ELA/SS", 
"validation_errors": [{"type": "value_error", "loc": ["student_goal"], "msg": "Value error, student_goal must 
mention at least one WIDA language domain (listening, reading, speaking, or writing)", "input": "Mock Student 
Goal", "ctx": {"error": "ValueError('student_goal must mention at least one WIDA language domain (listening, 
reading, speaking, or writing)')"}, "url": "https://errors.pydantic.dev/2.12/v/value_error"}, {"type": 
"value_error", "loc": ["wida_objective"], "msg": "Value error, wida_objective must be at least 50 characters unless 
'No School'", "input": "Mock WIDA Objective", "ctx": {"error": "ValueError(\"wida_objective must be at least 50 
characters unless 'No School'\")"}, "url": "https://errors.pydantic.dev/2.12/v/value_error"}]}, "event": 
"objective_validation_failed", "logger": "backend.llm_service", "level": "warning", "timestamp": 
"2025-12-29T02:08:37.034122Z"}
{"extra": {"objective_source": "lesson_json", "day": "thursday", "slot_number": 4, "subject": "Math", 
"validation_errors": [{"type": "value_error", "loc": ["student_goal"], "msg": "Value error, student_goal must 
mention at least one WIDA language domain (listening, reading, speaking, or writing)", "input": "Mock Student 
Goal", "ctx": {"error": "ValueError('student_goal must mention at least one WIDA language domain (listening, 
reading, speaking, or writing)')"}, "url": "https://errors.pydantic.dev/2.12/v/value_error"}, {"type": 
"value_error", "loc": ["wida_objective"], "msg": "Value error, wida_objective must be at least 50 characters unless 
'No School'", "input": "Mock WIDA Objective", "ctx": {"error": "ValueError(\"wida_objective must be at least 50 
characters unless 'No School'\")"}, "url": "https://errors.pydantic.dev/2.12/v/value_error"}]}, "event": 
"objective_validation_failed", "logger": "backend.llm_service", "level": "warning", "timestamp": 
"2025-12-29T02:08:37.034122Z"}
{"extra": {"objective_source": "lesson_json", "day": "thursday", "slot_number": 5, "subject": "Math", 
"validation_errors": [{"type": "value_error", "loc": ["student_goal"], "msg": "Value error, student_goal must 
mention at least one WIDA language domain (listening, reading, speaking, or writing)", "input": "Mock Student 
Goal", "ctx": {"error": "ValueError('student_goal must mention at least one WIDA language domain (listening, 
reading, speaking, or writing)')"}, "url": "https://errors.pydantic.dev/2.12/v/value_error"}, {"type": 
"value_error", "loc": ["wida_objective"], "msg": "Value error, wida_objective must be at least 50 characters unless 
'No School'", "input": "Mock WIDA Objective", "ctx": {"error": "ValueError(\"wida_objective must be at least 50 
characters unless 'No School'\")"}, "url": "https://errors.pydantic.dev/2.12/v/value_error"}]}, "event": 
"objective_validation_failed", "logger": "backend.llm_service", "level": "warning", "timestamp": 
"2025-12-29T02:08:37.034122Z"}
{"extra": {"objective_source": "lesson_json", "day": "thursday", "slot_number": 6, "subject": "Science", 
"validation_errors": [{"type": "value_error", "loc": ["student_goal"], "msg": "Value error, student_goal must 
mention at least one WIDA language domain (listening, reading, speaking, or writing)", "input": "Mock Student 
Goal", "ctx": {"error": "ValueError('student_goal must mention at least one WIDA language domain (listening, 
reading, speaking, or writing)')"}, "url": "https://errors.pydantic.dev/2.12/v/value_error"}, {"type": 
"value_error", "loc": ["wida_objective"], "msg": "Value error, wida_objective must be at least 50 characters unless 
'No School'", "input": "Mock WIDA Objective", "ctx": {"error": "ValueError(\"wida_objective must be at least 50 
characters unless 'No School'\")"}, "url": "https://errors.pydantic.dev/2.12/v/value_error"}]}, "event": 
"objective_validation_failed", "logger": "backend.llm_service", "level": "warning", "timestamp": 
"2025-12-29T02:08:37.034122Z"}
{"extra": {"objective_source": "lesson_json", "day": "friday", "slot_number": 1, "subject": "ELA", 
"validation_errors": [{"type": "value_error", "loc": ["student_goal"], "msg": "Value error, student_goal must 
mention at least one WIDA language domain (listening, reading, speaking, or writing)", "input": "Mock Student 
Goal", "ctx": {"error": "ValueError('student_goal must mention at least one WIDA language domain (listening, 
reading, speaking, or writing)')"}, "url": "https://errors.pydantic.dev/2.12/v/value_error"}, {"type": 
"value_error", "loc": ["wida_objective"], "msg": "Value error, wida_objective must be at least 50 characters unless 
'No School'", "input": "Mock WIDA Objective", "ctx": {"error": "ValueError(\"wida_objective must be at least 50 
characters unless 'No School'\")"}, "url": "https://errors.pydantic.dev/2.12/v/value_error"}]}, "event": 
"objective_validation_failed", "logger": "backend.llm_service", "level": "warning", "timestamp": 
"2025-12-29T02:08:37.034122Z"}
{"extra": {"objective_source": "lesson_json", "day": "friday", "slot_number": 2, "subject": "ELA/SS", 
"validation_errors": [{"type": "value_error", "loc": ["student_goal"], "msg": "Value error, student_goal must 
mention at least one WIDA language domain (listening, reading, speaking, or writing)", "input": "Mock Student 
Goal", "ctx": {"error": "ValueError('student_goal must mention at least one WIDA language domain (listening, 
reading, speaking, or writing)')"}, "url": "https://errors.pydantic.dev/2.12/v/value_error"}, {"type": 
"value_error", "loc": ["wida_objective"], "msg": "Value error, wida_objective must be at least 50 characters unless 
'No School'", "input": "Mock WIDA Objective", "ctx": {"error": "ValueError(\"wida_objective must be at least 50 
characters unless 'No School'\")"}, "url": "https://errors.pydantic.dev/2.12/v/value_error"}]}, "event": 
"objective_validation_failed", "logger": "backend.llm_service", "level": "warning", "timestamp": 
"2025-12-29T02:08:37.034122Z"}
{"extra": {"objective_source": "lesson_json", "day": "friday", "slot_number": 4, "subject": "Math", 
"validation_errors": [{"type": "value_error", "loc": ["student_goal"], "msg": "Value error, student_goal must 
mention at least one WIDA language domain (listening, reading, speaking, or writing)", "input": "Mock Student 
Goal", "ctx": {"error": "ValueError('student_goal must mention at least one WIDA language domain (listening, 
reading, speaking, or writing)')"}, "url": "https://errors.pydantic.dev/2.12/v/value_error"}, {"type": 
"value_error", "loc": ["wida_objective"], "msg": "Value error, wida_objective must be at least 50 characters unless 
'No School'", "input": "Mock WIDA Objective", "ctx": {"error": "ValueError(\"wida_objective must be at least 50 
characters unless 'No School'\")"}, "url": "https://errors.pydantic.dev/2.12/v/value_error"}]}, "event": 
"objective_validation_failed", "logger": "backend.llm_service", "level": "warning", "timestamp": 
"2025-12-29T02:08:37.035126Z"}
{"extra": {"objective_source": "lesson_json", "day": "friday", "slot_number": 5, "subject": "Math", 
"validation_errors": [{"type": "value_error", "loc": ["student_goal"], "msg": "Value error, student_goal must 
mention at least one WIDA language domain (listening, reading, speaking, or writing)", "input": "Mock Student 
Goal", "ctx": {"error": "ValueError('student_goal must mention at least one WIDA language domain (listening, 
reading, speaking, or writing)')"}, "url": "https://errors.pydantic.dev/2.12/v/value_error"}, {"type": 
"value_error", "loc": ["wida_objective"], "msg": "Value error, wida_objective must be at least 50 characters unless 
'No School'", "input": "Mock WIDA Objective", "ctx": {"error": "ValueError(\"wida_objective must be at least 50 
characters unless 'No School'\")"}, "url": "https://errors.pydantic.dev/2.12/v/value_error"}]}, "event": 
"objective_validation_failed", "logger": "backend.llm_service", "level": "warning", "timestamp": 
"2025-12-29T02:08:37.035126Z"}
{"extra": {"objective_source": "lesson_json", "day": "friday", "slot_number": 6, "subject": "Science", 
"validation_errors": [{"type": "value_error", "loc": ["student_goal"], "msg": "Value error, student_goal must 
mention at least one WIDA language domain (listening, reading, speaking, or writing)", "input": "Mock Student 
Goal", "ctx": {"error": "ValueError('student_goal must mention at least one WIDA language domain (listening, 
reading, speaking, or writing)')"}, "url": "https://errors.pydantic.dev/2.12/v/value_error"}, {"type": 
"value_error", "loc": ["wida_objective"], "msg": "Value error, wida_objective must be at least 50 characters unless 
'No School'", "input": "Mock WIDA Objective", "ctx": {"error": "ValueError(\"wida_objective must be at least 50 
characters unless 'No School'\")"}, "url": "https://errors.pydantic.dev/2.12/v/value_error"}]}, "event": 
"objective_validation_failed", "logger": "backend.llm_service", "level": "warning", "timestamp": 
"2025-12-29T02:08:37.035126Z"}
DEBUG: _process_slot - Slot mismatch! Requested slot 5, found subject in slot 2
DEBUG: _process_slot - Extracting images and hyperlinks for slot 2 (subject: Math)
DEBUG: Progress tracker updated: task_id=plan_20251228210824, stage=processing, progress=51%, message=Extracting content from lesson plan...
[DEBUG] _process_slot (SEQUENTIAL): Extracted 0 images, 48 hyperlinks for slot 5, subject Math
[DEBUG] _process_slot (SEQUENTIAL): Hyperlink details: [('LESSON 13: MULTIPLES OF 100', 'https://newarkps.ilclassroom.com/lesson_plans/3714'), ('3.3.13 Teacher Guide', 'https://drive.google.com/file/d/1bOy1chSRLJVzrMWDB'), ('LESSON 14: NEAREST MULTIPLES O', 'https://newarkps.ilclassroom.com/lesson_plans/3714')]
DEBUG: _process_slot - Checking for No School day
DEBUG: _process_slot - Extracting subject content (SLOT-AWARE)
DEBUG: Progress tracker updated: task_id=plan_20251228210824, stage=processing, progress=52%, message=Parsing lesson content...
DEBUG: DOCXParser - actual_slot_number matches requested slot_number 2
DEBUG: _process_slot - Content extracted, length: 10124, slot: 2
DEBUG: _process_slot - Day monday has content
DEBUG: _process_slot - Day tuesday has content
DEBUG: _process_slot - Day wednesday has content
DEBUG: _process_slot - Day thursday has content
DEBUG: _process_slot - Day friday has content
DEBUG: _process_slot - Generating content for days: ['monday', 'tuesday', 'wednesday', 'thursday', 'friday']
DEBUG: Saving OriginalLessonPlan for slot 5 to DB...
DEBUG: OriginalLessonPlan saved with ID: orig_876002f3-79de-4c1c-b519-569614a1f1ea
DEBUG: Extracted unit/lesson for MONDAY: '[LESSON 13: MULTIPLES OF 100](https://newarkps.ilc...'
DEBUG: Extracted objective for MONDAY: 'SWBAT comprehend (in written and spoken language) ...'
DEBUG: Extracted unit/lesson for TUESDAY: '[LESSON 14: NEAREST MULTIPLES OF 10 AND 100](https...'
DEBUG: Extracted objective for TUESDAY: 'SWBAT explain (orally and in writing) how to deter...'
DEBUG: Extracted unit/lesson for WEDNESDAY: '[LESSON 15: ROUND TO THE NEAREST TEN AND HUNDRED  ...'
DEBUG: Extracted objective for WEDNESDAY: 'SWBAT round numbers to the nearest ten and hundred...'
DEBUG: Extracted unit/lesson for THURSDAY: '[LESSON 16: ROUND AND ROUND AGAIN](https://newarkp...'
DEBUG: Extracted objective for THURSDAY: 'SWBAT look for patterns in rounding....'
DEBUG: Extracted unit/lesson for FRIDAY: '[LESSON 17: DOES IT MAKE SENSE?](https://newarkps....'
DEBUG: Extracted objective for FRIDAY: 'SWBAT explain (orally and in writing) how to  dete...'
DEBUG: Extracted 5 unit/lessons, 5 objectives
DEBUG: _process_slot - Starting LLM transformation
DEBUG: Progress tracker updated: task_id=plan_20251228210824, stage=processing, progress=52%, message=Preparing for transformation...
DEBUG: _process_slot - Calling LLM service transform_lesson
DEBUG: Progress tracker updated: task_id=plan_20251228210824, stage=processing, progress=54%, message=Transforming Math with AI...
DEBUG: MOCK_LLM_CALL is True - skipping actual LLM call
DEBUG: _process_slot - LLM transform_lesson returned, success: True
DEBUG: Progress tracker updated: task_id=plan_20251228210824, stage=processing, progress=59%, message=Processing transformation results...
DEBUG: _process_slot - Restoring original unit/lesson and objective content
DEBUG: Restored unit/lesson for monday
DEBUG: Restored objective content for monday
DEBUG: Restored unit/lesson for tuesday
DEBUG: Restored objective content for tuesday
DEBUG: Restored unit/lesson for wednesday
DEBUG: Restored objective content for wednesday
DEBUG: Restored unit/lesson for thursday
DEBUG: Restored objective content for thursday
DEBUG: Restored unit/lesson for friday
DEBUG: Restored objective content for friday
DEBUG: Progress tracker updated: task_id=plan_20251228210824, stage=processing, progress=61%, message=Finalizing lesson plan...
[DEBUG] _process_slot (SEQUENTIAL): Adding 48 hyperlinks to lesson_json for slot 5, subject Math
[DEBUG] _process_slot (SEQUENTIAL) completed for slot 4
[DEBUG] Collecting sequential result: Slot 5, Subject Math, Hyperlinks in lesson_json: 48
[DEBUG] Lesson appended for slot 4
DEBUG: === Completed slot 4/5 ===
DEBUG: Progress tracker updated: task_id=plan_20251228210824, stage=processing, progress=64%, message=Completed slot 4/5: Math

DEBUG: === Starting slot 5/5 (slot_number=6): Science ===
DEBUG: _sanitize_slot called for slot type <class 'dict'>
DEBUG: _sanitize_slot called for slot type <class 'dict'>
DEBUG: Updating progress tracker for slot 5 (slot_number=6)
DEBUG: Progress tracker updated: task_id=plan_20251228210824, stage=processing, progress=64%, message=Processing slot 5/5: Science (Donna Savoca)
DEBUG: Progress tracker updated for slot 5
DEBUG: About to call _process_slot for slot 5 (slot_number=6, subject=Science)
DEBUG: _sanitize_slot called for slot type <class 'dict'>
DEBUG: _process_slot - Resolving primary file for slot 6
DEBUG: Progress tracker updated: task_id=plan_20251228210824, stage=processing, progress=65%, message=Finding lesson plan file for Science...
DEBUG: _process_slot - calling _resolve_primary_file
DEBUG: Using primary_teacher_name: 'Donna Savoca'
DEBUG: Searching for pattern 'Donna Savoca' in week folder
DEBUG: Found 25 DOCX files in week folder: ['12_15-12_19 Davies Lesson Plans.docx', '12_15-12_19 Lang Lesson Plans.docx', 'Ms. Savoca-12_15_25-12_19_25 Lesson plans.docx', 'Wilson_Rodrigues_Weekly_W51_12-15-12-19_20251228_204012.docx', 'Wilson_Rodrigues_Weekly_W51_12-15-12-19_20251228_204012_objectives.docx', 'Wilson_Rodrigues_Weekly_W51_12-15-12-19_20251228_204141.docx', 'Wilson_Rodrigues_Weekly_W51_12-15-12-19_20251228_204141_objectives.docx', 'Wilson_Rodrigues_Weekly_W51_12-15-12-19_20251228_204503.docx', 'Wilson_Rodrigues_Weekly_W51_12-15-12-19_20251228_204503_objectives.docx', 'Wilson_Rodrigues_Weekly_W51_12-15-12-19_20251228_204533.docx']
DEBUG: Trying pattern 'Donna Savoca' for subject 'Science'
DEBUG: Found primary file using pattern 'Donna Savoca': F:\rodri\Documents\OneDrive\AS\Lesson Plan\25 W51\Ms. Savoca-12_15_25-12_19_25 Lesson plans.docx
DEBUG: _process_slot - Primary file resolved: F:\rodri\Documents\OneDrive\AS\Lesson Plan\25 W51\Ms. Savoca-12_15_25-12_19_25 Lesson plans.docx
DEBUG: _process_slot - Creating DOCXParser
DEBUG: Progress tracker updated: task_id=plan_20251228210824, stage=processing, progress=66%, message=Reading lesson plan document...
DEBUG: _process_slot - DOCXParser created successfully
DEBUG: _process_slot - Validating slot availability
DEBUG: _process_slot - Document has 4 available slots, requested: 6
DEBUG: _process_slot - Logging table structure
DEBUG: _process_slot - Finding actual slot for subject 'Science'
DEBUG: _process_slot - Slot mismatch! Requested slot 6, found subject in slot 3
DEBUG: _process_slot - Extracting images and hyperlinks for slot 3 (subject: Science)
DEBUG: Progress tracker updated: task_id=plan_20251228210824, stage=processing, progress=67%, message=Extracting content from lesson plan...
[DEBUG] _process_slot (SEQUENTIAL): Extracted 0 images, 4 hyperlinks for slot 6, subject Science
[DEBUG] _process_slot (SEQUENTIAL): Hyperlink details: [(' 2nd Grade Science ', 'https://docs.google.com/document/d/1nImdZIX6pCavnr'), (' 2nd Grade Science ', 'https://docs.google.com/document/d/1nImdZIX6pCavnr'), (' 2nd Grade Science ', 'https://docs.google.com/document/d/1nImdZIX6pCavnr')]
DEBUG: _process_slot - Checking for No School day
DEBUG: _process_slot - Extracting subject content (SLOT-AWARE)
DEBUG: Progress tracker updated: task_id=plan_20251228210824, stage=processing, progress=68%, message=Parsing lesson content...
DEBUG: DOCXParser - actual_slot_number matches requested slot_number 3
DEBUG: _process_slot - Content extracted, length: 2631, slot: 3
DEBUG: _process_slot - Day monday has content
DEBUG: _process_slot - Day tuesday has content
DEBUG: _process_slot - Day wednesday has content
DEBUG: _process_slot - Day thursday has content
DEBUG: _process_slot - Day friday has content
DEBUG: _process_slot - Generating content for days: ['monday', 'tuesday', 'wednesday', 'thursday', 'friday']
DEBUG: Saving OriginalLessonPlan for slot 6 to DB...
DEBUG: OriginalLessonPlan saved with ID: orig_8cd7f360-aba5-4b74-b8a7-7810579f2b98
DEBUG: Extracted unit/lesson for MONDAY: 'Properties of Matter
Lesson 4 Day 4...'
DEBUG: Extracted objective for MONDAY: 'I am learning about the properties of different ma...'
DEBUG: Extracted unit/lesson for TUESDAY: 'Unit 2 Changes to Matter
Day 2...'
DEBUG: Extracted objective for TUESDAY: 'I am learning that matter can be arranged in diffe...'
DEBUG: Extracted unit/lesson for WEDNESDAY: 'Unit 2 Changes to Matter
Day 3...'
DEBUG: Extracted objective for WEDNESDAY: 'I am learning that changing the shape of an object...'
DEBUG: Extracted unit/lesson for THURSDAY: 'Unit 2 Changes to Matter
Day 4...'
DEBUG: Extracted objective for THURSDAY: 'I am learning that matter can be changed physicall...'
DEBUG: Extracted unit/lesson for FRIDAY: 'HEALTHUnit A
Chapter 1
Lesson 8...'
DEBUG: Extracted objective for FRIDAY: 'Students will learn the steps for resolving confli...'
DEBUG: Extracted 5 unit/lessons, 5 objectives
DEBUG: _process_slot - Starting LLM transformation
DEBUG: Progress tracker updated: task_id=plan_20251228210824, stage=processing, progress=68%, message=Preparing for transformation...
DEBUG: _process_slot - Calling LLM service transform_lesson
DEBUG: Progress tracker updated: task_id=plan_20251228210824, stage=processing, progress=70%, message=Transforming Science with AI...
DEBUG: MOCK_LLM_CALL is True - skipping actual LLM call
DEBUG: _process_slot - LLM transform_lesson returned, success: True
DEBUG: Progress tracker updated: task_id=plan_20251228210824, stage=processing, progress=75%, message=Processing transformation results...
DEBUG: _process_slot - Restoring original unit/lesson and objective content
DEBUG: Restored unit/lesson for monday
DEBUG: Restored objective content for monday
DEBUG: Restored unit/lesson for tuesday
DEBUG: Restored objective content for tuesday
DEBUG: Restored unit/lesson for wednesday
DEBUG: Restored objective content for wednesday
DEBUG: Restored unit/lesson for thursday
DEBUG: Restored objective content for thursday
DEBUG: Restored unit/lesson for friday
DEBUG: Restored objective content for friday
DEBUG: Progress tracker updated: task_id=plan_20251228210824, stage=processing, progress=77%, message=Finalizing lesson plan...
[DEBUG] _process_slot (SEQUENTIAL): Adding 4 hyperlinks to lesson_json for slot 6, subject Science
[DEBUG] _process_slot (SEQUENTIAL) completed for slot 5
[DEBUG] Collecting sequential result: Slot 6, Subject Science, Hyperlinks in lesson_json: 4
[DEBUG] Lesson appended for slot 5
DEBUG: === Completed slot 5/5 ===
DEBUG: Progress tracker updated: task_id=plan_20251228210824, stage=processing, progress=80%, message=Completed slot 5/5: Science

DEBUG: Finished processing all slots, 5 total for rendering
DEBUG: About to render 5 lessons
DEBUG: Updating progress tracker for rendering
DEBUG: Progress tracker updated: task_id=plan_20251228210824, stage=rendering, progress=90%, message=Rendering 5 lessons to DOCX...
DEBUG: Progress tracker updated for rendering
DEBUG: Calling _combine_lessons (wrapped in asyncio.to_thread)
[DEBUG] JSON_MERGER: Adding 80 hyperlinks to merged JSON
DEBUG: Generating objectives PDF at: F:\rodri\Documents\OneDrive\AS\Lesson Plan\25 W51\Wilson_Rodrigues_Weekly_W51_12-15-12-19_20251228_210830_objectives.pdf
DEBUG: Objectives PDF generated: True
DEBUG: Objectives HTML generated: True
DEBUG: Attempting to import sentence_frames_pdf_generator for multi-slot
DEBUG: Successfully imported sentence_frames_pdf_generator
DEBUG: Output path: F:\rodri\Documents\OneDrive\AS\Lesson Plan\25 W51\Wilson_Rodrigues_Weekly_W51_12-15-12-19_20251228_210830.docx
DEBUG: Output directory: F:\rodri\Documents\OneDrive\AS\Lesson Plan\25 W51
DEBUG: Sentence frames PDF path: F:\rodri\Documents\OneDrive\AS\Lesson Plan\25 W51\Wilson_Rodrigues_Weekly_W51_12-15-12-19_20251228_210830_sentence_frames.pdf
DEBUG: merged_json has sentence_frames: False (count: 0)
DEBUG: After checking sanitized version, has_frames: False (count: 0)
DEBUG: Skipping sentence frames PDF generation (no frames found in merged JSON)
DEBUG: _combine_lessons returned: F:\rodri\Documents\OneDrive\AS\Lesson Plan\25 W51\Wilson_Rodrigues_Weekly_W51_12-15-12-19_20251228_210830.docx
[DEBUG] JSON_MERGER: Adding 80 hyperlinks to merged JSON
DEBUG: Updating progress tracker to complete (plan_id=plan_20251228210824)
DEBUG: Progress tracker updated: task_id=plan_20251228210824, stage=complete, progress=100%, message=Successfully created lesson plan with 5 slots
DEBUG: Progress tracker updated to complete
DEBUG: Progress tracker updated: task_id=plan_20251228210824, stage=complete, progress=100%, message=Task completed successfully
DEBUG: Progress tracker marked task plan_20251228210824 as complete
DEBUG: Progress tracker marked complete via complete() method
[DEBUG] JSON_MERGER: Adding 80 hyperlinks to merged JSON

--- PROCESS RESULT ---
{
  "success": true,
  "plan_id": "plan_20251228210824",
  "output_file": "F:\\rodri\\Documents\\OneDrive\\AS\\Lesson Plan\\25 W51\\Wilson_Rodrigues_Weekly_W51_12-15-12-19_20251228_210830.docx",
  "originals_docx": "F:\\rodri\\Documents\\OneDrive\\AS\\Lesson Plan\\25 W51\\originals\\combined_originals_12-15-12-19_20251228_210830.docx",
  "processed_slots": 5,
  "failed_slots": 0,
  "total_time_ms": 12669.509,
  "consolidated": true,
  "total_slots": 5,
  "errors": null
}

[SUCCESS] process_user_week completed.
  - Plans processed: 0
  - Originals DOCX: F:\rodri\Documents\OneDrive\AS\Lesson Plan\25 W51\originals\combined_originals_12-15-12-19_20251228_210830.docx

Step 2: Verifying DB persistence for OriginalLessonPlan...
[OK] Found 35 original plans in database.
  - Slot 1 (ELA): Content for ['monday', 'tuesday', 'wednesday', 'thursday', 'friday']
  - Slot 2 (ELA/SS): Content for ['monday', 'tuesday', 'wednesday', 'thursday', 'friday']
  - Slot 4 (Math): Content for ['monday', 'tuesday', 'wednesday', 'thursday', 'friday']
  - Slot 5 (Math): Content for ['monday', 'tuesday', 'wednesday', 'thursday', 'friday']
  - Slot 6 (Science): Content for ['monday', 'tuesday', 'wednesday', 'thursday', 'friday']
  - Slot 1 (ELA): Content for ['monday', 'tuesday', 'wednesday', 'thursday', 'friday']
  - Slot 2 (ELA/SS): Content for ['monday', 'tuesday', 'wednesday', 'thursday', 'friday']
  - Slot 4 (Math): Content for ['monday', 'tuesday', 'wednesday', 'thursday', 'friday']
  - Slot 5 (Math): Content for ['monday', 'tuesday', 'wednesday', 'thursday', 'friday']
  - Slot 6 (Science): Content for ['monday', 'tuesday', 'wednesday', 'thursday', 'friday']
  - Slot 1 (ELA): Content for ['monday', 'tuesday', 'wednesday', 'thursday', 'friday']
  - Slot 2 (ELA/SS): Content for ['monday', 'tuesday', 'wednesday', 'thursday', 'friday']
  - Slot 4 (Math): Content for ['monday', 'tuesday', 'wednesday', 'thursday', 'friday']
  - Slot 5 (Math): Content for ['monday', 'tuesday', 'wednesday', 'thursday', 'friday']
  - Slot 6 (Science): Content for ['monday', 'tuesday', 'wednesday', 'thursday', 'friday']
  - Slot 1 (ELA): Content for ['monday', 'tuesday', 'wednesday', 'thursday', 'friday']
  - Slot 2 (ELA/SS): Content for ['monday', 'tuesday', 'wednesday', 'thursday', 'friday']
  - Slot 4 (Math): Content for ['monday', 'tuesday', 'wednesday', 'thursday', 'friday']
  - Slot 5 (Math): Content for ['monday', 'tuesday', 'wednesday', 'thursday', 'friday']
  - Slot 6 (Science): Content for ['monday', 'tuesday', 'wednesday', 'thursday', 'friday']
  - Slot 1 (ELA): Content for ['monday', 'tuesday', 'wednesday', 'thursday', 'friday']
  - Slot 2 (ELA/SS): Content for ['monday', 'tuesday', 'wednesday', 'thursday', 'friday']
  - Slot 4 (Math): Content for ['monday', 'tuesday', 'wednesday', 'thursday', 'friday']
  - Slot 5 (Math): Content for ['monday', 'tuesday', 'wednesday', 'thursday', 'friday']
  - Slot 6 (Science): Content for ['monday', 'tuesday', 'wednesday', 'thursday', 'friday']
  - Slot 1 (ELA): Content for ['monday', 'tuesday', 'wednesday', 'thursday', 'friday']
  - Slot 2 (ELA/SS): Content for ['monday', 'tuesday', 'wednesday', 'thursday', 'friday']
  - Slot 4 (Math): Content for ['monday', 'tuesday', 'wednesday', 'thursday', 'friday']
  - Slot 5 (Math): Content for ['monday', 'tuesday', 'wednesday', 'thursday', 'friday']
  - Slot 6 (Science): Content for ['monday', 'tuesday', 'wednesday', 'thursday', 'friday']
  - Slot 1 (ELA): Content for ['monday', 'tuesday', 'wednesday', 'thursday', 'friday']
  - Slot 2 (ELA/SS): Content for ['monday', 'tuesday', 'wednesday', 'thursday', 'friday']
  - Slot 4 (Math): Content for ['monday', 'tuesday', 'wednesday', 'thursday', 'friday']
  - Slot 5 (Math): Content for ['monday', 'tuesday', 'wednesday', 'thursday', 'friday']
  - Slot 6 (Science): Content for ['monday', 'tuesday', 'wednesday', 'thursday', 'friday']
