python : Traceback (most recent call last):
At line:1 char:1
+ python test_simple_batch.py > test_output.txt 2>&1
+ ~~~~~~~~~~~~~~~~~~~~~~~~~~~~~~~~~~~~~~~~~~~~~~~~~~
    + CategoryInfo          : NotSpecified: (Traceback  
   (most recent call last)::String) [], RemoteExceptio  
  n
    + FullyQualifiedErrorId : NativeCommandError
 
  File "D:\LP\tools\batch_processor.py", line 74, in 
process_user_week
    lesson_json = await self._process_slot(slot, 
week_of, provider)
                  
^^^^^^^^^^^^^^^^^^^^^^^^^^^^^^^^^^^^^^^^^^^^^^^^^
  File "D:\LP\tools\batch_processor.py", line 147, in 
_process_slot
    raise ValueError(
ValueError: No primary teacher file found for slot 1 
(pattern: 'Primary', subject: 'Math', folder: 
'F:\rodri\Documents\OneDrive\AS\Lesson Plan\25 W41')

During handling of the above exception, another 
exception occurred:

Traceback (most recent call last):
  File "D:\LP\test_simple_batch.py", line 69, in main
    result = await processor.process_user_week(
             ^^^^^^^^^^^^^^^^^^^^^^^^^^^^^^^^^^
  File "D:\LP\tools\batch_processor.py", line 84, in 
process_user_week
    print(f"\u2717 Error processing slot 
{i}/{len(slots)}: {error_msg}")
  File 
"C:\Users\rodri\anaconda3\Lib\encodings\cp1252.py", 
line 19, in encode
    return codecs.charmap_encode(input,self.errors,encod
ing_table)[0]
           
^^^^^^^^^^^^^^^^^^^^^^^^^^^^^^^^^^^^^^^^^^^^^^^^^^^^^^^
UnicodeEncodeError: 'charmap' codec can't encode 
character '\u2717' in position 0: character maps to 
<undefined>
======================================================================
SIMPLE BATCH PROCESSOR TEST
======================================================================

1. Creating test user...
   Created user: d1c52c03-1df3-4f51-9948-9107eccf0649

2. Creating test slot...
   Created slot: 30335026-a803-4d40-b25b-c3c02832237c

3. Slot configuration:
   Subject: Math
   Grade: 3
   Teacher Name: Primary
   File Pattern: primary_math.docx
   File Path: input/primary_math.docx

4. File check:
   Path: input\primary_math.docx
   Exists: True

5. Processing week...
Processing slot 1/1: Math (Primary)

   ERROR: 'charmap' codec can't encode character '\u2717' in position 0: character maps to <undefined>

7. Cleaning up...
   Done!

======================================================================
TEST COMPLETE
======================================================================
